
     Program PHONON v.7.5 starts on  5Apr2026 at 18:21: 2 

     This program is part of the open-source Quantum ESPRESSO suite
     for quantum simulation of materials; please cite
         "P. Giannozzi et al., J. Phys.:Condens. Matter 21 395502 (2009);
         "P. Giannozzi et al., J. Phys.:Condens. Matter 29 465901 (2017);
         "P. Giannozzi et al., J. Chem. Phys. 152 154105 (2020);
          URL http://www.quantum-espresso.org", 
     in publications or presentations arising from this work. More details at
     http://www.quantum-espresso.org/quote

     Parallel version (MPI), running on     2 processors

     MPI processes distributed on     1 nodes
     6533 MiB available memory on the printing compute node when the environment starts

     Waiting for input...
     Reading input from standard input
     Run is not recoverable starting from scratch

     Reading xml data from directory:

     ./tmp/TaTiH6Ru.save/
     Message from routine qes_read:control_variablesType:
     fcp: wrong number of occurrences
     Message from routine qes_read:control_variablesType:
     rism: wrong number of occurrences
     Message from routine qexsd_readschema :
     input info not found or not readable in xml file

     R & G space division:  proc/nbgrp/npool/nimage =       2
     Subspace diagonalization in iterative solution of the eigenvalue problem:
     a serial algorithm will be used

     file H.UPF: wavefunction(s)  1S renormalized

     IMPORTANT: XC functional enforced from input :
     Exchange-correlation= PBE
                           (   1   4   3   4   0   0   0)
     Any further DFT definition will be discarded
     Please, verify this is what you really want


     Parallelization info
     --------------------
     sticks:   dense  smooth     PW     G-vecs:    dense   smooth      PW
     Min        1032     519    150                31039    11037    1691
     Max        1033     520    151                31040    11038    1692
     Sum        2065    1039    301                62079    22075    3383

     Using Slab Decomposition


 %%%%%%%%%%%%%%%%%%%%%%%%%%%%%%%%%%%%%%%%%%%%%%%%%%%%%%%%%%%%%%%%%%%%%%%%%%%%%%
     Error in routine read_file_ph (1):
      Wavefunctions in collected format not available
 %%%%%%%%%%%%%%%%%%%%%%%%%%%%%%%%%%%%%%%%%%%%%%%%%%%%%%%%%%%%%%%%%%%%%%%%%%%%%%

     stopping ...
--------------------------------------------------------------------------
MPI_ABORT was invoked on rank 0 in communicator MPI_COMM_WORLD
with errorcode 1.

NOTE: invoking MPI_ABORT causes Open MPI to kill all MPI processes.
You may or may not see output from other processes, depending on
exactly when Open MPI kills them.
--------------------------------------------------------------------------
[Supraleiter-HPC-Knoten:13466] 1 more process has sent help message help-mpi-api.txt / mpi-abort
[Supraleiter-HPC-Knoten:13466] Set MCA parameter "orte_base_help_aggregate" to 0 to see all help / error messages
