
     Program DOS v.7.5 starts on 23Jul2026 at  8:27: 4 

     This program is part of the open-source Quantum ESPRESSO suite
     for quantum simulation of materials; please cite
         "P. Giannozzi et al., J. Phys.:Condens. Matter 21 395502 (2009);
         "P. Giannozzi et al., J. Phys.:Condens. Matter 29 465901 (2017);
         "P. Giannozzi et al., J. Chem. Phys. 152 154105 (2020);
          URL http://www.quantum-espresso.org", 
     in publications or presentations arising from this work. More details at
     http://www.quantum-espresso.org/quote

     Parallel version (MPI), running on     1 processors

     MPI processes distributed on     1 nodes
     14798 MiB available memory on the printing compute node when the environment starts


     Reading xml data from directory:

     ./tmp/BaMg3H8.save/
     file Ba.UPF: wavefunction(s)  5S 6S renormalized
     file Mg.UPF: wavefunction(s)  3S renormalized

     IMPORTANT: XC functional enforced from input :
     Exchange-correlation= PBE
                           (   1   4   3   4   0   0   0)
     Any further DFT definition will be discarded
     Please, verify this is what you really want


     G-vector sticks info
     --------------------
     sticks:   dense  smooth     PW     G-vecs:    dense   smooth      PW
     Sum        6113    2431    681               357569    90361   13497

     Using Slab Decomposition


     Gaussian broadening (read from file): ngauss,degauss=   1    0.020000


     DOS          :      3.07s CPU      3.30s WALL


   This run was terminated on:   8:27: 8  23Jul2026            

=------------------------------------------------------------------------------=
   JOB DONE.
=------------------------------------------------------------------------------=
