
     Program PHONON v.6.7MaX starts on 16Jun2026 at 18:25:35 

     This program is part of the open-source Quantum ESPRESSO suite
     for quantum simulation of materials; please cite
         "P. Giannozzi et al., J. Phys.:Condens. Matter 21 395502 (2009);
         "P. Giannozzi et al., J. Phys.:Condens. Matter 29 465901 (2017);
          URL http://www.quantum-espresso.org", 
     in publications or presentations arising from this work. More details at
     http://www.quantum-espresso.org/quote

     Parallel version (MPI), running on     4 processors

     MPI processes distributed on     1 nodes
     R & G space division:  proc/nbgrp/npool/nimage =       4
     Waiting for input...
     Reading input from standard input

     Reading xml data from directory:

     ./tmp/BaMg3H8.save/
     file Ba.UPF: wavefunction(s)  5S 6S renormalized
     file Mg.UPF: wavefunction(s)  3S renormalized

     IMPORTANT: XC functional enforced from input :
     Exchange-correlation= PBE
                           (   1   4   3   4   0   0   0)
     Any further DFT definition will be discarded
     Please, verify this is what you really want


     Parallelization info
     --------------------
     sticks:   dense  smooth     PW     G-vecs:    dense   smooth      PW
     Min         763     382    110                31635    11170    1747
     Max         764     383    111                31637    11171    1748
     Sum        3055    1531    441               126545    44681    6991

     Reading collected, re-writing distributed wavefunctions


     Dynamical matrices for ( 2, 2, 2)  uniform grid of q-points
     (   8 q-points):
       N         xq(1)         xq(2)         xq(3) 
       1   0.000000000   0.000000000   0.000000000
       2   0.016743214   0.016743621  -0.500053096
       3  -0.016743787  -0.500054770   0.016743523
       4  -0.000000573  -0.483311149  -0.483309573
       5  -0.500054574  -0.016743792   0.016743121
       6  -0.483311360  -0.000000171  -0.483309975
       7  -0.516798361  -0.516798562   0.033486644
       8  -0.500055147  -0.500054941  -0.466566452

     Saving dvscf to file. Distribute only q points, not irreducible represetations.

     Calculation of q =    0.0000000   0.0000000   0.0000000

     ElPh                                                                       

     bravais-lattice index     =            0
     lattice parameter (alat)  =       9.7743  a.u.
     unit-cell volume          =     936.5879 (a.u.)^3
     number of atoms/cell      =           12
     number of atomic types    =            3
     kinetic-energy cut-off    =      50.0000  Ry
     charge density cut-off    =     400.0000  Ry
     convergence threshold     =      1.0E-14
     beta                      =       0.7000
     number of iterations used =            4
     Exchange-correlation= PBE
                           (   1   4   3   4   0   0   0)


     celldm(1)=    9.77432  celldm(2)=    0.00000  celldm(3)=    0.00000
     celldm(4)=    0.00000  celldm(5)=    0.00000  celldm(6)=    0.00000

     crystal axes: (cart. coord. in units of alat)
               a(1) = (  1.0021 -0.0325  0.0325 )  
               a(2) = ( -0.0325  1.0021  0.0325 )  
               a(3) = (  0.0325  0.0325  1.0021 )  

     reciprocal axes: (cart. coord. in units 2 pi/alat)
               b(1) = (  1.0001  0.0335 -0.0335 )  
               b(2) = (  0.0335  1.0001 -0.0335 )  
               b(3) = ( -0.0335 -0.0335  1.0001 )  


     Atoms inside the unit cell: 

     Cartesian axes

     site n.  atom      mass           positions (alat units)
        1     Mg   1.0000   tau(    1) = (    0.48479    0.48479    0.03247  )
        2     Ba   1.0000   tau(    2) = (    0.51729   -0.00001    0.51726  )
        3     Mg   1.0000   tau(    3) = (    0.00000    0.51726    0.51726  )
        4     Mg   1.0000   tau(    4) = (    0.00001    0.00001   -0.00000  )
        5     H    1.0000   tau(    5) = (   -0.00626    0.85503    0.36783  )
        6     H    1.0000   tau(    6) = (    0.81500    0.29774    0.21953  )
        7     H    1.0000   tau(    7) = (    0.37023    0.18190    1.00832  )
        8     H    1.0000   tau(    8) = (    0.66670    0.51101    0.69677  )
        9     H    1.0000   tau(    9) = (    1.00832    0.14704    0.69917  )
       10     H    1.0000   tau(   10) = (    0.18705    0.70432    0.84748  )
       11     H    1.0000   tau(   11) = (    0.63183    0.82017    0.05867  )
       12     H    1.0000   tau(   12) = (    0.33537    0.49106    0.37023  )

     Computing dynamical matrix for 
                    q = (   0.0000000   0.0000000   0.0000000 )

      2 Sym.Ops. (with q -> -q+G )


     G cutoff =  967.9948  (  31635 G-vectors)     FFT grid: ( 64, 64, 64)
     G cutoff =  483.9974  (  11171 G-vectors)  smooth grid: ( 45, 45, 45)

     number of k points=     8  Methfessel-Paxton smearing, width (Ry)=  0.0200

     PseudoPot. # 1 for Ba read from file:
     /home/marco/ZOS_Cloud_Compute/pseudo/Ba.UPF
     MD5 check sum: c432291d3e53af55f19d5e8866385beb
     Pseudo is Projector augmented-wave + core cor, Zval = 10.0
     Generated using "atomic" code by A. Dal Corso  v.5.1
     Shape of augmentation charge: PSQ
     Using radial grid of 1251 points,  7 beta functions with: 
                l(1) =   0
                l(2) =   0
                l(3) =   0
                l(4) =   1
                l(5) =   1
                l(6) =   2
                l(7) =   2
     Q(r) pseudized with 0 coefficients 


     PseudoPot. # 2 for H  read from file:
     /home/marco/ZOS_Cloud_Compute/pseudo/H.UPF
     MD5 check sum: f52b6d4d1c606e5624b1dc7b2218f220
     Pseudo is Ultrasoft, Zval =  1.0
     Generated using "atomic" code by A. Dal Corso  v.5.1
     Using radial grid of  929 points,  2 beta functions with: 
                l(1) =   0
                l(2) =   0
     Q(r) pseudized with 0 coefficients 


     PseudoPot. # 3 for Mg read from file:
     /home/marco/ZOS_Cloud_Compute/pseudo/Mg.UPF
     MD5 check sum: 24ecedc7f3e3cbe212e682f4413594e4
     Pseudo is Projector augmented-wave + core cor, Zval =  2.0
     Generated using "atomic" code by A. Dal Corso  v.5.0.99 svn rev. 10869
     Shape of augmentation charge: PSQ
     Using radial grid of 1129 points,  4 beta functions with: 
                l(1) =   0
                l(2) =   0
                l(3) =   1
                l(4) =   1
     Q(r) pseudized with 0 coefficients 


     Mode symmetry, C_1 (1)     point group:


     Atomic displacements:
     There are   36 irreducible representations

     Representation     1      1 modes -  To be done

     Representation     2      1 modes -  To be done

     Representation     3      1 modes -  To be done

     Representation     4      1 modes -  To be done

     Representation     5      1 modes -  To be done

     Representation     6      1 modes -  To be done

     Representation     7      1 modes -  To be done

     Representation     8      1 modes -  To be done

     Representation     9      1 modes -  To be done

     Representation    10      1 modes -  To be done

     Representation    11      1 modes -  To be done

     Representation    12      1 modes -  To be done

     Representation    13      1 modes -  To be done

     Representation    14      1 modes -  To be done

     Representation    15      1 modes -  To be done

     Representation    16      1 modes -  To be done

     Representation    17      1 modes -  To be done

     Representation    18      1 modes -  To be done

     Representation    19      1 modes -  To be done

     Representation    20      1 modes -  To be done

     Representation    21      1 modes -  To be done

     Representation    22      1 modes -  To be done

     Representation    23      1 modes -  To be done

     Representation    24      1 modes -  To be done

     Representation    25      1 modes -  To be done

     Representation    26      1 modes -  To be done

     Representation    27      1 modes -  To be done

     Representation    28      1 modes -  To be done

     Representation    29      1 modes -  To be done

     Representation    30      1 modes -  To be done

     Representation    31      1 modes -  To be done

     Representation    32      1 modes -  To be done

     Representation    33      1 modes -  To be done

     Representation    34      1 modes -  To be done

     Representation    35      1 modes -  To be done

     Representation    36      1 modes -  To be done


     PHONON       :     30.36s CPU     58.42s WALL

     Reading dVscf from file dvscf
     Reading dynamics matrix from file 02_BaMg3H8.dyn1

     Diagonalizing the dynamical matrix

     q = (    0.000000000   0.000000000   0.000000000 ) 

 **************************************************************************
     freq (    1) =       0.958578 [THz] =      31.974707 [cm-1]
     freq (    2) =       1.188250 [THz] =      39.635768 [cm-1]
     freq (    3) =       1.196831 [THz] =      39.921973 [cm-1]
     freq (    4) =       3.930381 [THz] =     131.103404 [cm-1]
     freq (    5) =      13.936004 [THz] =     464.855070 [cm-1]
     freq (    6) =      13.936928 [THz] =     464.885863 [cm-1]
     freq (    7) =      14.044505 [THz] =     468.474265 [cm-1]
     freq (    8) =      16.912252 [THz] =     564.131991 [cm-1]
     freq (    9) =      16.913111 [THz] =     564.160663 [cm-1]
     freq (   10) =      21.112340 [THz] =     704.231856 [cm-1]
     freq (   11) =      21.134779 [THz] =     704.980328 [cm-1]
     freq (   12) =      21.135039 [THz] =     704.989005 [cm-1]
     freq (   13) =      22.271682 [THz] =     742.903338 [cm-1]
     freq (   14) =      22.479721 [THz] =     749.842764 [cm-1]
     freq (   15) =      22.479836 [THz] =     749.846631 [cm-1]
     freq (   16) =      22.565775 [THz] =     752.713220 [cm-1]
     freq (   17) =      22.566772 [THz] =     752.746472 [cm-1]
     freq (   18) =      24.507877 [THz] =     817.494766 [cm-1]
     freq (   19) =      26.436647 [THz] =     881.831609 [cm-1]
     freq (   20) =      26.438237 [THz] =     881.884675 [cm-1]
     freq (   21) =      26.704459 [THz] =     890.764885 [cm-1]
     freq (   22) =      27.585334 [THz] =     920.147708 [cm-1]
     freq (   23) =      27.585424 [THz] =     920.150704 [cm-1]
     freq (   24) =      28.883161 [THz] =     963.438541 [cm-1]
     freq (   25) =      28.884163 [THz] =     963.471961 [cm-1]
     freq (   26) =      30.147538 [THz] =    1005.613613 [cm-1]
     freq (   27) =      33.927466 [THz] =    1131.698436 [cm-1]
     freq (   28) =      42.026968 [THz] =    1401.868756 [cm-1]
     freq (   29) =      42.027183 [THz] =    1401.875918 [cm-1]
     freq (   30) =      44.517279 [THz] =    1484.936586 [cm-1]
     freq (   31) =      45.494309 [THz] =    1517.526801 [cm-1]
     freq (   32) =      49.841072 [THz] =    1662.519196 [cm-1]
     freq (   33) =      49.841649 [THz] =    1662.538444 [cm-1]
     freq (   34) =      52.784297 [THz] =    1760.694626 [cm-1]
     freq (   35) =      52.784395 [THz] =    1760.697904 [cm-1]
     freq (   36) =      54.052666 [THz] =    1803.002864 [cm-1]
 **************************************************************************
     electron-phonon interaction  ...

At line 806 of file elphon.f90 (unit = 40, file = './tmp/BaMg3H8.a2Fsave')
Fortran runtime error: End of file

Error termination. Backtrace:
#0  0x78f326a23960 in ???
#1  0x78f326a244d9 in ???
#2  0x78f326a2510f in ???
#3  0x78f326c7817b in ???
#4  0x78f326c71684 in ???
#5  0x78f326c722aa in ???
#6  0x61a9648c6a71 in ???
#7  0x61a9648b1c32 in ???
#8  0x61a9648ab191 in ???
#9  0x61a9648aaffe in ???
#10  0x78f326629d8f in ???
#11  0x78f326629e3f in ???
#12  0x61a9648ab02d in ???
#13  0xffffffffffffffff in ???
--------------------------------------------------------------------------
Primary job  terminated normally, but 1 process returned
a non-zero exit code. Per user-direction, the job has been aborted.
--------------------------------------------------------------------------
--------------------------------------------------------------------------
mpirun detected that one or more processes exited with non-zero status, thus causing
the job to be terminated. The first process to do so was:

  Process name: [[28676,1],0]
  Exit code:    2
--------------------------------------------------------------------------
