
     Program Q2R v.6.7MaX starts on  1Apr2026 at 15:29:22 

     This program is part of the open-source Quantum ESPRESSO suite
     for quantum simulation of materials; please cite
         "P. Giannozzi et al., J. Phys.:Condens. Matter 21 395502 (2009);
         "P. Giannozzi et al., J. Phys.:Condens. Matter 29 465901 (2017);
          URL http://www.quantum-espresso.org", 
     in publications or presentations arising from this work. More details at
     http://www.quantum-espresso.org/quote

     Parallel version (MPI), running on     1 processors

     MPI processes distributed on     1 nodes

     reading grid info from file 02_BaMg3H8.dyn0    
  reading force constants from file 02_BaMg3H8.dyn1
  Dielectric Tensor not found
  nqs=            1
 q=   0.00000000  0.00000000  0.00000000
  reading force constants from file 02_BaMg3H8.dyn2
  nqs=            1
 q=   0.01654308  0.01654432 -0.50106033
  reading force constants from file 02_BaMg3H8.dyn3
  nqs=            1
 q=  -0.01654696 -0.50105913  0.01654423
  reading force constants from file 02_BaMg3H8.dyn4
  nqs=            1
 q=  -0.00000388 -0.48451481 -0.48451610
  reading force constants from file 02_BaMg3H8.dyn5
  nqs=            1
 q=  -0.50106179 -0.01654694  0.01654296
  reading force constants from file 02_BaMg3H8.dyn6
  nqs=            1
 q=  -0.48451870 -0.00000261 -0.48451736
  reading force constants from file 02_BaMg3H8.dyn7
  nqs=            1
 q=  -0.51760875 -0.51760606  0.03308719
  reading force constants from file 02_BaMg3H8.dyn8
  nqs=            1
 q=  -0.50106567 -0.50106174 -0.46797314

      q-space grid ok, #points =    8

      fft-check success (sum of imaginary terms < 10^-12)

   Preparing gamma for a2F 


 %%%%%%%%%%%%%%%%%%%%%%%%%%%%%%%%%%%%%%%%%%%%%%%%%%%%%%%%%%%%%%%%%%%%%%%%%%%%%%
     Error in routine gammaq2r (1):
     problem opening fileelph_dir/a2Fq2r.51.1
 %%%%%%%%%%%%%%%%%%%%%%%%%%%%%%%%%%%%%%%%%%%%%%%%%%%%%%%%%%%%%%%%%%%%%%%%%%%%%%

     stopping ...
--------------------------------------------------------------------------
MPI_ABORT was invoked on rank 0 in communicator MPI_COMM_WORLD
with errorcode 1.

NOTE: invoking MPI_ABORT causes Open MPI to kill all MPI processes.
You may or may not see output from other processes, depending on
exactly when Open MPI kills them.
--------------------------------------------------------------------------
