
     Program DOS v.6.1 starts on 23Nov2025 at 20:48: 7 

     This program is part of the open-source Quantum ESPRESSO suite
     for quantum simulation of materials; please cite
         "P. Giannozzi et al., J. Phys.:Condens. Matter 21 395502 (2009);
          URL http://www.quantum-espresso.org", 
     in publications or presentations arising from this work. More details at
     http://www.quantum-espresso.org/quote

     Parallel version (MPI & OpenMP), running on      12 processor cores
     Number of MPI processes:                 1
     Threads/MPI process:                    12

   Info: using nr1, nr2, nr3 values from input

   Info: using nr1, nr2, nr3 values from input

     IMPORTANT: XC functional enforced from input :
     Exchange-correlation      =  SLA  PW   PBE  PBE ( 1  4  3  4 0 0)
     Any further DFT definition will be discarded
     Please, verify this is what you really want

               file Al.UPF: wavefunction(s)  3S 3P renormalized
               file H.UPF: wavefunction(s)  1S renormalized

     G-vector sticks info
     --------------------
     sticks:   dense  smooth     PW     G-vecs:    dense   smooth      PW
     Sum        3923    1959    551               235903    83399   12721


     negative rho (up, down):  6.320E-02 0.000E+00

     Tetrahedra used


     DOS          :    19.66s CPU        20.71s WALL


   This run was terminated on:  20:48:28  23Nov2025            

=------------------------------------------------------------------------------=
   JOB DONE.
=------------------------------------------------------------------------------=
