
     Program DOS v.6.1 starts on 12Dec2025 at 15:13: 9 

     This program is part of the open-source Quantum ESPRESSO suite
     for quantum simulation of materials; please cite
         "P. Giannozzi et al., J. Phys.:Condens. Matter 21 395502 (2009);
          URL http://www.quantum-espresso.org", 
     in publications or presentations arising from this work. More details at
     http://www.quantum-espresso.org/quote

     Parallel version (MPI & OpenMP), running on      12 processor cores
     Number of MPI processes:                 1
     Threads/MPI process:                    12

   Info: using nr1, nr2, nr3 values from input

   Info: using nr1, nr2, nr3 values from input

     IMPORTANT: XC functional enforced from input :
     Exchange-correlation      =  SLA  PW   PBX  PBC ( 1  4  3  4 0 0)
     Any further DFT definition will be discarded
     Please, verify this is what you really want

               file H.UPF: wavefunction(s)  1S renormalized
               file Zn.UPF: wavefunction(s)  4S 3D renormalized

     G-vector sticks info
     --------------------
     sticks:   dense  smooth     PW     G-vecs:    dense   smooth      PW
     Sum       18697    9349   2487              1941397   686459   94131


     negative rho (up, down):  7.007E-04 0.000E+00

     Gaussian broadening (read from file): ngauss,degauss=   1    0.010000


     DOS          :  4m21.67s CPU     4m20.53s WALL


   This run was terminated on:  15:17:30  12Dec2025            

=------------------------------------------------------------------------------=
   JOB DONE.
=------------------------------------------------------------------------------=
