
     Program PHONON v.6.7MaX starts on  7Feb2026 at  2:10:11 

     This program is part of the open-source Quantum ESPRESSO suite
     for quantum simulation of materials; please cite
         "P. Giannozzi et al., J. Phys.:Condens. Matter 21 395502 (2009);
         "P. Giannozzi et al., J. Phys.:Condens. Matter 29 465901 (2017);
          URL http://www.quantum-espresso.org", 
     in publications or presentations arising from this work. More details at
     http://www.quantum-espresso.org/quote

     Parallel version (MPI), running on     1 processors

     MPI processes distributed on     1 nodes
     Waiting for input...
     Reading input from standard input

     Reading xml data from directory:

     ./tmp/K4SrLi2AlH12.save/
     Message from routine readpp:
     file ./tmp/K4SrLi2AlH12.save/Al.UPF not found
     Message from routine readpp:
     file ./tmp/K4SrLi2AlH12.save/H.UPF not found
     Message from routine readpp:
     file ./tmp/K4SrLi2AlH12.save/K.UPF not found
     Message from routine readpp:
     file ./tmp/K4SrLi2AlH12.save/Li.UPF not found
     Message from routine readpp:
     file ./tmp/K4SrLi2AlH12.save/Sr.UPF not found
     file Al.UPF: wavefunction(s)  3S 3P renormalized
     file H.UPF: wavefunction(s)  1S renormalized

     IMPORTANT: XC functional enforced from input :
     Exchange-correlation= PBE
                           (   1   4   3   4   0   0   0)
     Any further DFT definition will be discarded
     Please, verify this is what you really want


     G-vector sticks info
     --------------------
     sticks:   dense  smooth     PW     G-vecs:    dense   smooth      PW
     Sum        7067    3553    979               288503   102027   14691


     negative rho (up, down):  4.710E+00 0.000E+00
     read_file_new: Wavefunctions not in collected format?!?
     read_file: Wavefunctions in collected format not available


     Dynamical matrices for ( 1, 1, 1)  uniform grid of q-points
     (   1 q-points):
       N         xq(1)         xq(2)         xq(3) 
       1   0.000000000   0.000000000   0.000000000

     Calculation of q =    0.0000000   0.0000000   0.0000000

     Phonons                                                                    

     bravais-lattice index     =            0
     lattice parameter (alat)  =      20.2023  a.u.
     unit-cell volume          =    2135.8347 (a.u.)^3
     number of atoms/cell      =           20
     number of atomic types    =            5
     kinetic-energy cut-off    =      50.0000  Ry
     charge density cut-off    =     400.0000  Ry
     convergence threshold     =      1.0E-14
     beta                      =       0.7000
     number of iterations used =            4
     Exchange-correlation= PBE
                           (   1   4   3   4   0   0   0)


     celldm(1)=   20.20234  celldm(2)=    0.00000  celldm(3)=    0.00000
     celldm(4)=    0.00000  celldm(5)=    0.00000  celldm(6)=    0.00000

     crystal axes: (cart. coord. in units of alat)
               a(1) = (  0.5499  0.0104  0.8547 )  
               a(2) = (  0.2590  0.4853  0.8547 )  
               a(3) = (  0.0169  0.0104  1.0162 )  

     reciprocal axes: (cart. coord. in units 2 pi/alat)
               b(1) = (  1.8696 -0.9601 -0.0213 )  
               b(2) = ( -0.0065  2.1017 -0.0213 )  
               b(3) = ( -1.5670 -0.9602  1.0199 )  


     Atoms inside the unit cell: 

     Cartesian axes

     site n.  atom      mass           positions (alat units)
        1     K    1.0000   tau(    1) = (    0.10616    0.06504    0.35038  )
        2     K    1.0000   tau(    2) = (    0.71967    0.44095    2.37535  )
        3     K    1.0000   tau(    3) = (    0.22160    0.13578    0.73141  )
        4     K    1.0000   tau(    4) = (    0.60423    0.37022    1.99432  )
        5     Li   1.0000   tau(    5) = (    0.33964    0.20811    1.12103  )
        6     Li   1.0000   tau(    6) = (    0.48618    0.29789    1.60470  )
        7     Sr   1.0000   tau(    7) = (    0.00000   -0.00000   -0.00000  )
        8     Al   1.0000   tau(    8) = (    0.41291    0.25300    1.36286  )
        9     H    1.0000   tau(    9) = (    0.19136    0.11725    1.10655  )
       10     H    1.0000   tau(   10) = (    0.31106    0.35210    1.02669  )
       11     H    1.0000   tau(   11) = (    0.45496    0.11725    1.02669  )
       12     H    1.0000   tau(   12) = (    0.37087    0.38875    1.69904  )
       13     H    1.0000   tau(   13) = (    0.63447    0.38875    1.61918  )
       14     H    1.0000   tau(   14) = (    0.51477    0.15389    1.69904  )
       15     H    1.0000   tau(   15) = (    0.33258    0.20378    1.49886  )
       16     H    1.0000   tau(   16) = (    0.43368    0.40213    1.43141  )
       17     H    1.0000   tau(   17) = (    0.39214    0.10387    1.29432  )
       18     H    1.0000   tau(   18) = (    0.49324    0.30222    1.22687  )
       19     H    1.0000   tau(   19) = (    0.27061    0.30222    1.29432  )
       20     H    1.0000   tau(   20) = (    0.55521    0.20378    1.43141  )

     Computing dynamical matrix for 
                    q = (   0.0000000   0.0000000   0.0000000 )

      3 Sym.Ops. (with q -> -q+G )


     G cutoff = 4135.2655  ( 288503 G-vectors)     FFT grid: (135,135,135)
     G cutoff = 2067.6328  ( 102027 G-vectors)  smooth grid: ( 96, 96, 96)

     number of k points=     8  Methfessel-Paxton smearing, width (Ry)=  0.0200

     PseudoPot. # 1 for Al read from file:
     /home/marco/ZOS_Cloud_Compute/pseudo/Al.UPF
     MD5 check sum: da22aad9e98c60ce88de1cf925d56fcc
     Pseudo is Projector augmented-wave + core cor, Zval =  3.0
     Generated using "atomic" code by A. Dal Corso  v.5.1.2
     Shape of augmentation charge: PSQ
     Using radial grid of 1135 points,  6 beta functions with: 
                l(1) =   0
                l(2) =   0
                l(3) =   1
                l(4) =   1
                l(5) =   2
                l(6) =   2
     Q(r) pseudized with 0 coefficients 


     PseudoPot. # 2 for H  read from file:
     /home/marco/ZOS_Cloud_Compute/pseudo/H.UPF
     MD5 check sum: 850d63dcbcc06c5de8b44e0ab9f952da
     Pseudo is Projector augmented-wave, Zval =  1.0
     Generated using "atomic" code by A. Dal Corso  v.5.1.2
     Shape of augmentation charge: PSQ
     Using radial grid of  929 points,  2 beta functions with: 
                l(1) =   0
                l(2) =   0
     Q(r) pseudized with 0 coefficients 


     PseudoPot. # 3 for K  read from file:
     /home/marco/ZOS_Cloud_Compute/pseudo/K.UPF
     MD5 check sum: 0975f8d1feef6b2899f42b1061589f29
     Pseudo is Norm-conserving + core correction, Zval =  1.0
     Generated by new atomic code, or converted to UPF format
     Using radial grid of 1165 points,  2 beta functions with: 
                l(1) =   0
                l(2) =   1

     PseudoPot. # 4 for Li read from file:
     /home/marco/ZOS_Cloud_Compute/pseudo/Li.UPF
     MD5 check sum: 057edeeab9105e5446fd9e29ea3f9c2f
     Pseudo is Ultrasoft + core correction, Zval =  1.0
     Generated by new atomic code, or converted to UPF format
     Using radial grid of  751 points,  2 beta functions with: 
                l(1) =   1
                l(2) =   1
     Q(r) pseudized with  8 coefficients,  rinner =    1.000   1.000   1.000


     PseudoPot. # 5 for Sr read from file:
     /home/marco/ZOS_Cloud_Compute/pseudo/Sr.UPF
     MD5 check sum: 71c4688e601547c0814ef38edf55aea6
     Pseudo is Ultrasoft + core correction, Zval = 10.0
     Generated by new atomic code, or converted to UPF format
     Using radial grid of  883 points,  6 beta functions with: 
                l(1) =   0
                l(2) =   0
                l(3) =   1
                l(4) =   1
                l(5) =   2
                l(6) =   2
     Q(r) pseudized with  8 coefficients,  rinner =    1.200   1.200   1.200
                                                       1.200   1.200


     Atomic displacements:
     There are   60 irreducible representations

     Representation     1      1 modes -  To be done

     Representation     2      1 modes -  To be done

     Representation     3      1 modes -  To be done

     Representation     4      1 modes -  To be done

     Representation     5      1 modes -  To be done

     Representation     6      1 modes -  To be done

     Representation     7      1 modes -  To be done

     Representation     8      1 modes -  To be done

     Representation     9      1 modes -  To be done

     Representation    10      1 modes -  To be done

     Representation    11      1 modes -  To be done

     Representation    12      1 modes -  To be done

     Representation    13      1 modes -  To be done

     Representation    14      1 modes -  To be done

     Representation    15      1 modes -  To be done

     Representation    16      1 modes -  To be done

     Representation    17      1 modes -  To be done

     Representation    18      1 modes -  To be done

     Representation    19      1 modes -  To be done

     Representation    20      1 modes -  To be done

     Representation    21      1 modes -  To be done

     Representation    22      1 modes -  To be done

     Representation    23      1 modes -  To be done

     Representation    24      1 modes -  To be done

     Representation    25      1 modes -  To be done

     Representation    26      1 modes -  To be done

     Representation    27      1 modes -  To be done

     Representation    28      1 modes -  To be done

     Representation    29      1 modes -  To be done

     Representation    30      1 modes -  To be done

     Representation    31      1 modes -  To be done

     Representation    32      1 modes -  To be done

     Representation    33      1 modes -  To be done

     Representation    34      1 modes -  To be done

     Representation    35      1 modes -  To be done

     Representation    36      1 modes -  To be done

     Representation    37      1 modes -  To be done

     Representation    38      1 modes -  To be done

     Representation    39      1 modes -  To be done

     Representation    40      1 modes -  To be done

     Representation    41      1 modes -  To be done

     Representation    42      1 modes -  To be done

     Representation    43      1 modes -  To be done

     Representation    44      1 modes -  To be done

     Representation    45      1 modes -  To be done

     Representation    46      1 modes -  To be done

     Representation    47      1 modes -  To be done

     Representation    48      1 modes -  To be done

     Representation    49      1 modes -  To be done

     Representation    50      1 modes -  To be done

     Representation    51      1 modes -  To be done

     Representation    52      1 modes -  To be done

     Representation    53      1 modes -  To be done

     Representation    54      1 modes -  To be done

     Representation    55      1 modes -  To be done

     Representation    56      1 modes -  To be done

     Representation    57      1 modes -  To be done

     Representation    58      1 modes -  To be done

     Representation    59      1 modes -  To be done

     Representation    60      1 modes -  To be done



 %%%%%%%%%%%%%%%%%%%%%%%%%%%%%%%%%%%%%%%%%%%%%%%%%%%%%%%%%%%%%%%%%%%%%%%%%%%%%%
     Error in routine davcio (20):
     error reading file "./tmp/K4SrLi2AlH12.wfc1"
 %%%%%%%%%%%%%%%%%%%%%%%%%%%%%%%%%%%%%%%%%%%%%%%%%%%%%%%%%%%%%%%%%%%%%%%%%%%%%%

     stopping ...
--------------------------------------------------------------------------
MPI_ABORT was invoked on rank 0 in communicator MPI_COMM_WORLD
with errorcode 1.

NOTE: invoking MPI_ABORT causes Open MPI to kill all MPI processes.
You may or may not see output from other processes, depending on
exactly when Open MPI kills them.
--------------------------------------------------------------------------
