
     Program PHONON v.7.5 starts on  5Apr2026 at  2:51:25 

     This program is part of the open-source Quantum ESPRESSO suite
     for quantum simulation of materials; please cite
         "P. Giannozzi et al., J. Phys.:Condens. Matter 21 395502 (2009);
         "P. Giannozzi et al., J. Phys.:Condens. Matter 29 465901 (2017);
         "P. Giannozzi et al., J. Chem. Phys. 152 154105 (2020);
          URL http://www.quantum-espresso.org", 
     in publications or presentations arising from this work. More details at
     http://www.quantum-espresso.org/quote

     Parallel version (MPI), running on     2 processors

     MPI processes distributed on     1 nodes
     6973 MiB available memory on the printing compute node when the environment starts

     Waiting for input...
     Reading input from standard input
     Run is not recoverable starting from scratch

     Reading xml data from directory:

     ./tmp/K3Sr4TaGaB11H48.save/
     Message from routine qes_read:control_variablesType:
     fcp: wrong number of occurrences
     Message from routine qes_read:control_variablesType:
     rism: wrong number of occurrences
     Message from routine qexsd_readschema :
     input info not found or not readable in xml file

     R & G space division:  proc/nbgrp/npool/nimage =       2
     Subspace diagonalization in iterative solution of the eigenvalue problem:
     a serial algorithm will be used

     file Ga.UPF: wavefunction(s)  4S renormalized
     file H.UPF: wavefunction(s)  1S renormalized

     IMPORTANT: XC functional enforced from input :
     Exchange-correlation= PBE
                           (   1   4   3   4   0   0   0)
     Any further DFT definition will be discarded
     Please, verify this is what you really want


     Parallelization info
     --------------------
     sticks:   dense  smooth     PW     G-vecs:    dense   smooth      PW
     Min        3121    1561    432               258182    91282   13257
     Max        3122    1562    433               258183    91285   13260
     Sum        6243    3123    865               516365   182567   26517

     Using Slab Decomposition


     negative rho (up, down):  6.995E-08 0.000E+00

 %%%%%%%%%%%%%%%%%%%%%%%%%%%%%%%%%%%%%%%%%%%%%%%%%%%%%%%%%%%%%%%%%%%%%%%%%%%%%%
     Error in routine read_file_ph (1):
      Wavefunctions in collected format not available
 %%%%%%%%%%%%%%%%%%%%%%%%%%%%%%%%%%%%%%%%%%%%%%%%%%%%%%%%%%%%%%%%%%%%%%%%%%%%%%

     stopping ...
[Supraleiter-HPC-Knoten:01021] [[30667,0],0] ORTE_ERROR_LOG: Out of resource in file ../../../orte/util/show_help.c at line 501
[Supraleiter-HPC-Knoten:01021] [[30667,0],0] ORTE_ERROR_LOG: Out of resource in file ../../../orte/util/show_help.c at line 501
