
     Program DOS v.7.5 starts on  3Aug2026 at 17:48:40 

     This program is part of the open-source Quantum ESPRESSO suite
     for quantum simulation of materials; please cite
         "P. Giannozzi et al., J. Phys.:Condens. Matter 21 395502 (2009);
         "P. Giannozzi et al., J. Phys.:Condens. Matter 29 465901 (2017);
         "P. Giannozzi et al., J. Chem. Phys. 152 154105 (2020);
          URL http://www.quantum-espresso.org", 
     in publications or presentations arising from this work. More details at
     http://www.quantum-espresso.org/quote

     Parallel version (MPI), running on     1 processors

     MPI processes distributed on     1 nodes
     14505 MiB available memory on the printing compute node when the environment starts


     Reading xml data from directory:

     ./tmp/Sr3ZrAlH54.save/
     file Al.UPF: wavefunction(s)  3S 3P renormalized

     IMPORTANT: XC functional enforced from input :
     Exchange-correlation= PBE
                           (   1   4   3   4   0   0   0)
     Any further DFT definition will be discarded
     Please, verify this is what you really want


     G-vector sticks info
     --------------------
     sticks:   dense  smooth     PW     G-vecs:    dense   smooth      PW
     Sum        5245    2109    585               720709   182381   26875

     Using Slab Decomposition


     negative rho (up, down):  2.592E-01 0.000E+00

     Gaussian broadening (read from file): ngauss,degauss=   1    0.020000


     DOS          :      9.73s CPU      9.62s WALL


   This run was terminated on:  17:48:50   3Aug2026            

=------------------------------------------------------------------------------=
   JOB DONE.
=------------------------------------------------------------------------------=
