
     Program Q2R v.6.7MaX starts on 10Mar2026 at  2:24:26 

     This program is part of the open-source Quantum ESPRESSO suite
     for quantum simulation of materials; please cite
         "P. Giannozzi et al., J. Phys.:Condens. Matter 21 395502 (2009);
         "P. Giannozzi et al., J. Phys.:Condens. Matter 29 465901 (2017);
          URL http://www.quantum-espresso.org", 
     in publications or presentations arising from this work. More details at
     http://www.quantum-espresso.org/quote

     Parallel version (MPI), running on     1 processors

     MPI processes distributed on     1 nodes

     reading grid info from file 09_Sr3ZrAlH54.dyn0    
  reading force constants from file 09_Sr3ZrAlH54.dyn1
  Dielectric Tensor not found
  nqs=            1
 q=   0.00000000  0.00000000  0.00000000

      q-space grid ok, #points =    1

      fft-check success (sum of imaginary terms < 10^-12)

     Q2R          :      0.01s CPU      0.06s WALL


   This run was terminated on:   2:24:26  10Mar2026            

=------------------------------------------------------------------------------=
   JOB DONE.
=------------------------------------------------------------------------------=
