
     Program PHONON v.6.7MaX starts on 19Feb2026 at 15:13:10 

     This program is part of the open-source Quantum ESPRESSO suite
     for quantum simulation of materials; please cite
         "P. Giannozzi et al., J. Phys.:Condens. Matter 21 395502 (2009);
         "P. Giannozzi et al., J. Phys.:Condens. Matter 29 465901 (2017);
          URL http://www.quantum-espresso.org", 
     in publications or presentations arising from this work. More details at
     http://www.quantum-espresso.org/quote

     Parallel version (MPI), running on     1 processors

     MPI processes distributed on     1 nodes
     Waiting for input...
     Reading input from standard input

     Reading xml data from directory:

     ./tmp/Ti3GaH7.save/
     file Ga.UPF: wavefunction(s)  4S renormalized
     file H.UPF: wavefunction(s)  1S renormalized

     IMPORTANT: XC functional enforced from input :
     Exchange-correlation= PBE
                           (   1   4   3   4   0   0   0)
     Any further DFT definition will be discarded
     Please, verify this is what you really want


     G-vector sticks info
     --------------------
     sticks:   dense  smooth     PW     G-vecs:    dense   smooth      PW
     Sum        2263    1129    341                81373    28721    4699

     Reading collected, re-writing distributed wavefunctions


     Dynamical matrices for ( 1, 1, 1)  uniform grid of q-points
     (   1 q-points):
       N         xq(1)         xq(2)         xq(3) 
       1   0.000000000   0.000000000   0.000000000

     Calculation of q =    0.0000000   0.0000000   0.0000000

     Phonons                                                                    

     bravais-lattice index     =            0
     lattice parameter (alat)  =       8.2588  a.u.
     unit-cell volume          =     603.4406 (a.u.)^3
     number of atoms/cell      =           11
     number of atomic types    =            3
     kinetic-energy cut-off    =      50.0000  Ry
     charge density cut-off    =     400.0000  Ry
     convergence threshold     =      1.0E-14
     beta                      =       0.7000
     number of iterations used =            4
     Exchange-correlation= PBE
                           (   1   4   3   4   0   0   0)


     celldm(1)=    8.25882  celldm(2)=    0.00000  celldm(3)=    0.00000
     celldm(4)=    0.00000  celldm(5)=    0.00000  celldm(6)=    0.00000

     crystal axes: (cart. coord. in units of alat)
               a(1) = (  1.0232 -0.0017 -0.0016 )  
               a(2) = ( -0.0017  1.0232  0.0017 )  
               a(3) = ( -0.0016  0.0017  1.0232 )  

     reciprocal axes: (cart. coord. in units 2 pi/alat)
               b(1) = (  0.9773  0.0016  0.0016 )  
               b(2) = (  0.0016  0.9773 -0.0016 )  
               b(3) = (  0.0016 -0.0016  0.9773 )  


     Atoms inside the unit cell: 

     Cartesian axes

     site n.  atom      mass           positions (alat units)
        1     Ga   1.0000   tau(    1) = (    0.32799    0.69358    0.69363  )
        2     Ti   1.0000   tau(    2) = (    0.76130    0.26026    0.78470  )
        3     Ti   1.0000   tau(    3) = (    0.76129    0.78470    0.26027  )
        4     Ti   1.0000   tau(    4) = (    0.23684    0.26027    0.26025  )
        5     H    1.0000   tau(    5) = (    0.48797    0.00075    0.00075  )
        6     H    1.0000   tau(    6) = (   -0.06807    0.47500    0.47499  )
        7     H    1.0000   tau(    7) = (    0.54822    0.06645    0.47333  )
        8     H    1.0000   tau(    8) = (   -0.00242    0.53524    0.00240  )
        9     H    1.0000   tau(    9) = (   -0.02924    0.02924    0.02923  )
       10     H    1.0000   tau(   10) = (   -0.00241    0.00240    0.53523  )
       11     H    1.0000   tau(   11) = (    0.54823    0.47332    0.06645  )

     Computing dynamical matrix for 
                    q = (   0.0000000   0.0000000   0.0000000 )

      2 Sym.Ops. (with q -> -q+G )


     G cutoff =  691.0926  (  81373 G-vectors)     FFT grid: ( 54, 54, 54)
     G cutoff =  345.5463  (  28721 G-vectors)  smooth grid: ( 40, 40, 40)

     number of k points=     8  Methfessel-Paxton smearing, width (Ry)=  0.0200

     PseudoPot. # 1 for Ga read from file:
     /home/marco/ZOS_Cloud_Compute/pseudo/Ga.UPF
     MD5 check sum: 79e63b61437c88080bf469cc04ca4be8
     Pseudo is Projector augmented-wave + core cor, Zval = 13.0
     Generated using "atomic" code by A. Dal Corso  v.5.1.2
     Shape of augmentation charge: PSQ
     Using radial grid of 1205 points,  6 beta functions with: 
                l(1) =   0
                l(2) =   0
                l(3) =   1
                l(4) =   1
                l(5) =   2
                l(6) =   2
     Q(r) pseudized with 0 coefficients 


     PseudoPot. # 2 for H  read from file:
     /home/marco/ZOS_Cloud_Compute/pseudo/H.UPF
     MD5 check sum: 850d63dcbcc06c5de8b44e0ab9f952da
     Pseudo is Projector augmented-wave, Zval =  1.0
     Generated using "atomic" code by A. Dal Corso  v.5.1.2
     Shape of augmentation charge: PSQ
     Using radial grid of  929 points,  2 beta functions with: 
                l(1) =   0
                l(2) =   0
     Q(r) pseudized with 0 coefficients 


     PseudoPot. # 3 for Ti read from file:
     /home/marco/ZOS_Cloud_Compute/pseudo/Ti.UPF
     MD5 check sum: 8e4df49b7f0d34bbd5052bf3f5ea0213
     Pseudo is Ultrasoft, Zval = 12.0
     Generated by new atomic code, or converted to UPF format
     Using radial grid of  851 points,  6 beta functions with: 
                l(1) =   0
                l(2) =   0
                l(3) =   1
                l(4) =   1
                l(5) =   2
                l(6) =   2
     Q(r) pseudized with  8 coefficients,  rinner =    1.000   1.000   1.000
                                                       1.000   1.000


     Atomic displacements:
     There are   33 irreducible representations

     Representation     1      1 modes -  To be done

     Representation     2      1 modes -  To be done

     Representation     3      1 modes -  To be done

     Representation     4      1 modes -  To be done

     Representation     5      1 modes -  To be done

     Representation     6      1 modes -  To be done

     Representation     7      1 modes -  To be done

     Representation     8      1 modes -  To be done

     Representation     9      1 modes -  To be done

     Representation    10      1 modes -  To be done

     Representation    11      1 modes -  To be done

     Representation    12      1 modes -  To be done

     Representation    13      1 modes -  To be done

     Representation    14      1 modes -  To be done

     Representation    15      1 modes -  To be done

     Representation    16      1 modes -  To be done

     Representation    17      1 modes -  To be done

     Representation    18      1 modes -  To be done

     Representation    19      1 modes -  To be done

     Representation    20      1 modes -  To be done

     Representation    21      1 modes -  To be done

     Representation    22      1 modes -  To be done

     Representation    23      1 modes -  To be done

     Representation    24      1 modes -  To be done

     Representation    25      1 modes -  To be done

     Representation    26      1 modes -  To be done

     Representation    27      1 modes -  To be done

     Representation    28      1 modes -  To be done

     Representation    29      1 modes -  To be done

     Representation    30      1 modes -  To be done

     Representation    31      1 modes -  To be done

     Representation    32      1 modes -  To be done

     Representation    33      1 modes -  To be done



     Alpha used in Ewald sum =   2.8000
     PHONON       :   1m22.87s CPU   1m14.98s WALL



     Representation #   1 mode #   1

     Self-consistent Calculation

     Pert. #  1: Fermi energy shift (Ry) =    -1.2613E-01     0.0000E+00

      iter #   1 total cpu time :    86.6 secs   av.it.:  11.1
      thresh= 1.000E-02 alpha_mix =  0.700 |ddv_scf|^2 =  1.389E-05

     Pert. #  1: Fermi energy shift (Ry) =     1.6788E-01     0.0000E+00

      iter #   2 total cpu time :   104.8 secs   av.it.:  24.1
      thresh= 3.727E-04 alpha_mix =  0.700 |ddv_scf|^2 =  2.531E-04

     Pert. #  1: Fermi energy shift (Ry) =     9.3236E-02     0.0000E+00

      iter #   3 total cpu time :   120.5 secs   av.it.:  19.8
      thresh= 1.591E-03 alpha_mix =  0.700 |ddv_scf|^2 =  4.814E-05

     Pert. #  1: Fermi energy shift (Ry) =    -1.2465E-01     0.0000E+00

      iter #   4 total cpu time :   136.4 secs   av.it.:  20.2
      thresh= 6.938E-04 alpha_mix =  0.700 |ddv_scf|^2 =  3.634E-07

     Pert. #  1: Fermi energy shift (Ry) =     5.4661E-02     0.0000E+00

      iter #   5 total cpu time :   153.8 secs   av.it.:  23.0
      thresh= 6.028E-05 alpha_mix =  0.700 |ddv_scf|^2 =  1.096E-07

     Pert. #  1: Fermi energy shift (Ry) =    -1.2812E-02     0.0000E+00

      iter #   6 total cpu time :   170.6 secs   av.it.:  22.1
      thresh= 3.310E-05 alpha_mix =  0.700 |ddv_scf|^2 =  1.340E-08

     Pert. #  1: Fermi energy shift (Ry) =    -1.3244E-02     0.0000E+00

      iter #   7 total cpu time :   189.0 secs   av.it.:  24.2
      thresh= 1.157E-05 alpha_mix =  0.700 |ddv_scf|^2 =  1.863E-07

     Pert. #  1: Fermi energy shift (Ry) =    -8.8742E-03     0.0000E+00

      iter #   8 total cpu time :   204.4 secs   av.it.:  19.4
      thresh= 4.317E-05 alpha_mix =  0.700 |ddv_scf|^2 =  1.410E-08

     Pert. #  1: Fermi energy shift (Ry) =    -1.1584E-02     0.0000E+00

      iter #   9 total cpu time :   221.5 secs   av.it.:  22.5
      thresh= 1.187E-05 alpha_mix =  0.700 |ddv_scf|^2 =  5.948E-08

     Pert. #  1: Fermi energy shift (Ry) =    -5.9855E-03     0.0000E+00

      iter #  10 total cpu time :   236.9 secs   av.it.:  19.2
      thresh= 2.439E-05 alpha_mix =  0.700 |ddv_scf|^2 =  6.975E-10

     Pert. #  1: Fermi energy shift (Ry) =    -1.4843E-02     0.0000E+00

      iter #  11 total cpu time :   255.2 secs   av.it.:  23.5
      thresh= 2.641E-06 alpha_mix =  0.700 |ddv_scf|^2 =  4.293E-10

     Pert. #  1: Fermi energy shift (Ry) =    -9.3715E-03     0.0000E+00

      iter #  12 total cpu time :   272.4 secs   av.it.:  22.1
      thresh= 2.072E-06 alpha_mix =  0.700 |ddv_scf|^2 =  4.120E-11

     Pert. #  1: Fermi energy shift (Ry) =    -9.8774E-03     0.0000E+00

      iter #  13 total cpu time :   289.3 secs   av.it.:  21.8
      thresh= 6.419E-07 alpha_mix =  0.700 |ddv_scf|^2 =  1.716E-12

     Pert. #  1: Fermi energy shift (Ry) =    -9.8867E-03     0.0000E+00

      iter #  14 total cpu time :   306.3 secs   av.it.:  22.1
      thresh= 1.310E-07 alpha_mix =  0.700 |ddv_scf|^2 =  4.643E-12

     Pert. #  1: Fermi energy shift (Ry) =    -9.8811E-03     0.0000E+00

      iter #  15 total cpu time :   322.1 secs   av.it.:  20.1
      thresh= 2.155E-07 alpha_mix =  0.700 |ddv_scf|^2 =  8.327E-13

     Pert. #  1: Fermi energy shift (Ry) =    -9.8547E-03     0.0000E+00

      iter #  16 total cpu time :   337.7 secs   av.it.:  20.1
      thresh= 9.125E-08 alpha_mix =  0.700 |ddv_scf|^2 =  4.456E-14

     Pert. #  1: Fermi energy shift (Ry) =    -9.8831E-03     0.0000E+00

      iter #  17 total cpu time :   354.6 secs   av.it.:  22.2
      thresh= 2.111E-08 alpha_mix =  0.700 |ddv_scf|^2 =  8.672E-15

     End of self-consistent calculation

     Convergence has been achieved 


     Representation #   2 mode #   2

     Self-consistent Calculation

     Pert. #  1: Fermi energy shift (Ry) =     1.2611E-01    -4.9631E-24

      iter #   1 total cpu time :   366.7 secs   av.it.:  11.1
      thresh= 1.000E-02 alpha_mix =  0.700 |ddv_scf|^2 =  1.389E-05

     Pert. #  1: Fermi energy shift (Ry) =    -1.6807E-01    -1.6544E-24

      iter #   2 total cpu time :   384.8 secs   av.it.:  24.1
      thresh= 3.727E-04 alpha_mix =  0.700 |ddv_scf|^2 =  2.529E-04

     Pert. #  1: Fermi energy shift (Ry) =    -9.3190E-02     6.6174E-24

      iter #   3 total cpu time :   400.4 secs   av.it.:  19.9
      thresh= 1.590E-03 alpha_mix =  0.700 |ddv_scf|^2 =  4.818E-05

     Pert. #  1: Fermi energy shift (Ry) =     1.2462E-01    -1.3235E-23

      iter #   4 total cpu time :   416.3 secs   av.it.:  20.2
      thresh= 6.941E-04 alpha_mix =  0.700 |ddv_scf|^2 =  3.632E-07

     Pert. #  1: Fermi energy shift (Ry) =    -5.4671E-02     2.0680E-25

      iter #   5 total cpu time :   433.6 secs   av.it.:  23.0
      thresh= 6.027E-05 alpha_mix =  0.700 |ddv_scf|^2 =  1.095E-07

     Pert. #  1: Fermi energy shift (Ry) =     1.2827E-02     4.1359E-25

      iter #   6 total cpu time :   450.3 secs   av.it.:  22.1
      thresh= 3.309E-05 alpha_mix =  0.700 |ddv_scf|^2 =  1.289E-08

     Pert. #  1: Fermi energy shift (Ry) =     1.3129E-02     2.0680E-25

      iter #   7 total cpu time :   468.4 secs   av.it.:  24.4
      thresh= 1.135E-05 alpha_mix =  0.700 |ddv_scf|^2 =  1.642E-07

     Pert. #  1: Fermi energy shift (Ry) =     8.8647E-03     2.0680E-25

      iter #   8 total cpu time :   483.9 secs   av.it.:  19.6
      thresh= 4.052E-05 alpha_mix =  0.700 |ddv_scf|^2 =  1.756E-08

     Pert. #  1: Fermi energy shift (Ry) =     1.1575E-02     8.2718E-25

      iter #   9 total cpu time :   500.8 secs   av.it.:  22.2
      thresh= 1.325E-05 alpha_mix =  0.700 |ddv_scf|^2 =  5.988E-08

     Pert. #  1: Fermi energy shift (Ry) =     6.0540E-03     4.1359E-25

      iter #  10 total cpu time :   516.1 secs   av.it.:  19.2
      thresh= 2.447E-05 alpha_mix =  0.700 |ddv_scf|^2 =  7.092E-10

     Pert. #  1: Fermi energy shift (Ry) =     1.4611E-02     4.1359E-25

      iter #  11 total cpu time :   533.6 secs   av.it.:  23.5
      thresh= 2.663E-06 alpha_mix =  0.700 |ddv_scf|^2 =  3.889E-10

     Pert. #  1: Fermi energy shift (Ry) =     9.3924E-03     4.1359E-25

      iter #  12 total cpu time :   550.2 secs   av.it.:  22.1
      thresh= 1.972E-06 alpha_mix =  0.700 |ddv_scf|^2 =  3.696E-11

     Pert. #  1: Fermi energy shift (Ry) =     9.8764E-03     4.1359E-25

      iter #  13 total cpu time :   566.4 secs   av.it.:  21.6
      thresh= 6.079E-07 alpha_mix =  0.700 |ddv_scf|^2 =  1.123E-12

     Pert. #  1: Fermi energy shift (Ry) =     9.8832E-03     4.1359E-25

      iter #  14 total cpu time :   583.6 secs   av.it.:  23.1
      thresh= 1.060E-07 alpha_mix =  0.700 |ddv_scf|^2 =  9.481E-12

     Pert. #  1: Fermi energy shift (Ry) =     9.8732E-03     4.1359E-25

      iter #  15 total cpu time :   598.6 secs   av.it.:  19.4
      thresh= 3.079E-07 alpha_mix =  0.700 |ddv_scf|^2 =  3.221E-13

     Pert. #  1: Fermi energy shift (Ry) =     9.8526E-03     4.1359E-25

      iter #  16 total cpu time :   614.5 secs   av.it.:  21.1
      thresh= 5.675E-08 alpha_mix =  0.700 |ddv_scf|^2 =  2.307E-14

     Pert. #  1: Fermi energy shift (Ry) =     9.8831E-03     4.1359E-25

      iter #  17 total cpu time :   631.8 secs   av.it.:  23.1
      thresh= 1.519E-08 alpha_mix =  0.700 |ddv_scf|^2 =  1.265E-14

     Pert. #  1: Fermi energy shift (Ry) =     9.8525E-03     4.1359E-25

      iter #  18 total cpu time :   648.9 secs   av.it.:  22.2
      thresh= 1.125E-08 alpha_mix =  0.700 |ddv_scf|^2 =  9.794E-15

     End of self-consistent calculation

     Convergence has been achieved 


     Representation #   3 mode #   3

     Self-consistent Calculation

     Pert. #  1: Fermi energy shift (Ry) =     1.2606E-01    -6.6174E-24

      iter #   1 total cpu time :   660.9 secs   av.it.:  11.1
      thresh= 1.000E-02 alpha_mix =  0.700 |ddv_scf|^2 =  1.389E-05

     Pert. #  1: Fermi energy shift (Ry) =    -1.6802E-01    -3.3087E-24

      iter #   2 total cpu time :   678.9 secs   av.it.:  24.1
      thresh= 3.727E-04 alpha_mix =  0.700 |ddv_scf|^2 =  2.527E-04

     Pert. #  1: Fermi energy shift (Ry) =    -9.3045E-02    -3.3087E-24

      iter #   3 total cpu time :   694.6 secs   av.it.:  19.8
      thresh= 1.590E-03 alpha_mix =  0.700 |ddv_scf|^2 =  4.819E-05

     Pert. #  1: Fermi energy shift (Ry) =     1.2458E-01     6.6174E-24

      iter #   4 total cpu time :   710.4 secs   av.it.:  20.2
      thresh= 6.942E-04 alpha_mix =  0.700 |ddv_scf|^2 =  3.633E-07

     Pert. #  1: Fermi energy shift (Ry) =    -5.4676E-02    -1.0340E-25

      iter #   5 total cpu time :   727.7 secs   av.it.:  22.9
      thresh= 6.027E-05 alpha_mix =  0.700 |ddv_scf|^2 =  1.093E-07

     Pert. #  1: Fermi energy shift (Ry) =     1.2871E-02    -5.1699E-26

      iter #   6 total cpu time :   744.4 secs   av.it.:  22.0
      thresh= 3.306E-05 alpha_mix =  0.700 |ddv_scf|^2 =  1.168E-08

     Pert. #  1: Fermi energy shift (Ry) =     1.2739E-02     5.1699E-26

      iter #   7 total cpu time :   762.2 secs   av.it.:  23.8
      thresh= 1.081E-05 alpha_mix =  0.700 |ddv_scf|^2 =  2.909E-08

     Pert. #  1: Fermi energy shift (Ry) =     8.5693E-03    -4.1359E-25

      iter #   8 total cpu time :   779.2 secs   av.it.:  22.6
      thresh= 1.706E-05 alpha_mix =  0.700 |ddv_scf|^2 =  1.087E-07

     Pert. #  1: Fermi energy shift (Ry) =     1.1403E-02     5.1699E-26

      iter #   9 total cpu time :   795.1 secs   av.it.:  20.1
      thresh= 3.297E-05 alpha_mix =  0.700 |ddv_scf|^2 =  6.214E-08

     Pert. #  1: Fermi energy shift (Ry) =     6.7156E-03     2.5849E-26

      iter #  10 total cpu time :   810.2 secs   av.it.:  19.1
      thresh= 2.493E-05 alpha_mix =  0.700 |ddv_scf|^2 =  8.295E-10

     Pert. #  1: Fermi energy shift (Ry) =     1.2320E-02     2.5849E-26

      iter #  11 total cpu time :   827.3 secs   av.it.:  22.5
      thresh= 2.880E-06 alpha_mix =  0.700 |ddv_scf|^2 =  1.159E-10

     Pert. #  1: Fermi energy shift (Ry) =     9.5701E-03     2.5849E-26

      iter #  12 total cpu time :   844.2 secs   av.it.:  22.5
      thresh= 1.077E-06 alpha_mix =  0.700 |ddv_scf|^2 =  9.207E-12

     Pert. #  1: Fermi energy shift (Ry) =     9.8865E-03     2.5849E-26

      iter #  13 total cpu time :   860.7 secs   av.it.:  21.9
      thresh= 3.034E-07 alpha_mix =  0.700 |ddv_scf|^2 =  1.849E-12

     Pert. #  1: Fermi energy shift (Ry) =     9.8437E-03     2.5849E-26

      iter #  14 total cpu time :   877.2 secs   av.it.:  21.5
      thresh= 1.360E-07 alpha_mix =  0.700 |ddv_scf|^2 =  1.532E-12

     Pert. #  1: Fermi energy shift (Ry) =     9.8574E-03     2.5849E-26

      iter #  15 total cpu time :   892.5 secs   av.it.:  19.4
      thresh= 1.238E-07 alpha_mix =  0.700 |ddv_scf|^2 =  1.229E-13

     Pert. #  1: Fermi energy shift (Ry) =     9.8608E-03     2.5849E-26

      iter #  16 total cpu time :   908.6 secs   av.it.:  20.9
      thresh= 3.506E-08 alpha_mix =  0.700 |ddv_scf|^2 =  2.142E-14

     Pert. #  1: Fermi energy shift (Ry) =     9.8535E-03     2.5849E-26

      iter #  17 total cpu time :   924.5 secs   av.it.:  20.9
      thresh= 1.464E-08 alpha_mix =  0.700 |ddv_scf|^2 =  4.167E-15

     End of self-consistent calculation

     Convergence has been achieved 


     Representation #   4 mode #   4

     Self-consistent Calculation

     Pert. #  1: Fermi energy shift (Ry) =    -1.0283E-02     0.0000E+00

      iter #   1 total cpu time :   936.8 secs   av.it.:  11.8
      thresh= 1.000E-02 alpha_mix =  0.700 |ddv_scf|^2 =  9.370E-06

     Pert. #  1: Fermi energy shift (Ry) =     6.0080E-02     0.0000E+00

      iter #   2 total cpu time :   953.6 secs   av.it.:  22.4
      thresh= 3.061E-04 alpha_mix =  0.700 |ddv_scf|^2 =  7.024E-06

     Pert. #  1: Fermi energy shift (Ry) =    -3.9966E-02     0.0000E+00

      iter #   3 total cpu time :   970.6 secs   av.it.:  22.8
      thresh= 2.650E-04 alpha_mix =  0.700 |ddv_scf|^2 =  1.751E-05

     Pert. #  1: Fermi energy shift (Ry) =    -2.8163E-02     0.0000E+00

      iter #   4 total cpu time :   985.7 secs   av.it.:  19.2
      thresh= 4.184E-04 alpha_mix =  0.700 |ddv_scf|^2 =  4.306E-07

     Pert. #  1: Fermi energy shift (Ry) =     3.5348E-02     0.0000E+00

      iter #   5 total cpu time :  1002.2 secs   av.it.:  21.5
      thresh= 6.562E-05 alpha_mix =  0.700 |ddv_scf|^2 =  1.786E-08

     Pert. #  1: Fermi energy shift (Ry) =    -9.4094E-04     0.0000E+00

      iter #   6 total cpu time :  1018.9 secs   av.it.:  22.1
      thresh= 1.336E-05 alpha_mix =  0.700 |ddv_scf|^2 =  4.674E-10

     Pert. #  1: Fermi energy shift (Ry) =     4.0006E-03     0.0000E+00

      iter #   7 total cpu time :  1036.1 secs   av.it.:  22.9
      thresh= 2.162E-06 alpha_mix =  0.700 |ddv_scf|^2 =  2.355E-10

     Pert. #  1: Fermi energy shift (Ry) =     3.8897E-03     0.0000E+00

      iter #   8 total cpu time :  1053.1 secs   av.it.:  22.2
      thresh= 1.535E-06 alpha_mix =  0.700 |ddv_scf|^2 =  1.208E-09

     Pert. #  1: Fermi energy shift (Ry) =     3.5213E-03     0.0000E+00

      iter #   9 total cpu time :  1068.5 secs   av.it.:  19.6
      thresh= 3.475E-06 alpha_mix =  0.700 |ddv_scf|^2 =  1.760E-11

     Pert. #  1: Fermi energy shift (Ry) =     3.6014E-03     0.0000E+00

      iter #  10 total cpu time :  1086.2 secs   av.it.:  23.4
      thresh= 4.196E-07 alpha_mix =  0.700 |ddv_scf|^2 =  2.501E-10

     Pert. #  1: Fermi energy shift (Ry) =     3.5181E-03     0.0000E+00

      iter #  11 total cpu time :  1101.5 secs   av.it.:  19.5
      thresh= 1.582E-06 alpha_mix =  0.700 |ddv_scf|^2 =  1.691E-12

     Pert. #  1: Fermi energy shift (Ry) =     3.9493E-03     0.0000E+00

      iter #  12 total cpu time :  1118.8 secs   av.it.:  23.1
      thresh= 1.300E-07 alpha_mix =  0.700 |ddv_scf|^2 =  1.109E-12

     Pert. #  1: Fermi energy shift (Ry) =     3.6604E-03     0.0000E+00

      iter #  13 total cpu time :  1135.4 secs   av.it.:  22.1
      thresh= 1.053E-07 alpha_mix =  0.700 |ddv_scf|^2 =  3.191E-14

     Pert. #  1: Fermi energy shift (Ry) =     3.6709E-03     0.0000E+00

      iter #  14 total cpu time :  1153.0 secs   av.it.:  23.8
      thresh= 1.786E-08 alpha_mix =  0.700 |ddv_scf|^2 =  4.248E-13

     Pert. #  1: Fermi energy shift (Ry) =     3.6830E-03     0.0000E+00

      iter #  15 total cpu time :  1168.3 secs   av.it.:  19.9
      thresh= 6.517E-08 alpha_mix =  0.700 |ddv_scf|^2 =  8.126E-15

     End of self-consistent calculation

     Convergence has been achieved 


     Representation #   5 mode #   5

     Self-consistent Calculation

     Pert. #  1: Fermi energy shift (Ry) =     1.0283E-02     6.6174E-24

      iter #   1 total cpu time :  1180.4 secs   av.it.:  11.8
      thresh= 1.000E-02 alpha_mix =  0.700 |ddv_scf|^2 =  9.369E-06

     Pert. #  1: Fermi energy shift (Ry) =    -6.0037E-02    -8.2718E-25

      iter #   2 total cpu time :  1197.2 secs   av.it.:  22.2
      thresh= 3.061E-04 alpha_mix =  0.700 |ddv_scf|^2 =  7.022E-06

     Pert. #  1: Fermi energy shift (Ry) =     3.9911E-02    -3.3087E-24

      iter #   3 total cpu time :  1213.9 secs   av.it.:  22.8
      thresh= 2.650E-04 alpha_mix =  0.700 |ddv_scf|^2 =  1.749E-05

     Pert. #  1: Fermi energy shift (Ry) =     2.8153E-02     8.2718E-25

      iter #   4 total cpu time :  1228.8 secs   av.it.:  19.2
      thresh= 4.182E-04 alpha_mix =  0.700 |ddv_scf|^2 =  4.308E-07

     Pert. #  1: Fermi energy shift (Ry) =    -3.5333E-02     2.0680E-25

      iter #   5 total cpu time :  1245.0 secs   av.it.:  21.5
      thresh= 6.564E-05 alpha_mix =  0.700 |ddv_scf|^2 =  1.784E-08

     Pert. #  1: Fermi energy shift (Ry) =     9.4554E-04     2.5849E-26

      iter #   6 total cpu time :  1261.4 secs   av.it.:  22.1
      thresh= 1.336E-05 alpha_mix =  0.700 |ddv_scf|^2 =  4.661E-10

     Pert. #  1: Fermi energy shift (Ry) =    -4.0049E-03     3.8774E-26

      iter #   7 total cpu time :  1278.2 secs   av.it.:  22.8
      thresh= 2.159E-06 alpha_mix =  0.700 |ddv_scf|^2 =  1.457E-10

     Pert. #  1: Fermi energy shift (Ry) =    -3.8272E-03     2.5849E-26

      iter #   8 total cpu time :  1295.2 secs   av.it.:  23.1
      thresh= 1.207E-06 alpha_mix =  0.700 |ddv_scf|^2 =  1.579E-09

     Pert. #  1: Fermi energy shift (Ry) =    -3.5231E-03     3.8774E-26

      iter #   9 total cpu time :  1310.1 secs   av.it.:  19.5
      thresh= 3.974E-06 alpha_mix =  0.700 |ddv_scf|^2 =  1.869E-11

     Pert. #  1: Fermi energy shift (Ry) =    -3.5982E-03     2.5849E-26

      iter #  10 total cpu time :  1327.7 secs   av.it.:  23.4
      thresh= 4.323E-07 alpha_mix =  0.700 |ddv_scf|^2 =  2.513E-10

     Pert. #  1: Fermi energy shift (Ry) =    -3.5103E-03     3.8774E-26

      iter #  11 total cpu time :  1342.9 secs   av.it.:  19.5
      thresh= 1.585E-06 alpha_mix =  0.700 |ddv_scf|^2 =  1.749E-12

     Pert. #  1: Fermi energy shift (Ry) =    -3.9521E-03     2.5849E-26

      iter #  12 total cpu time :  1360.1 secs   av.it.:  23.1
      thresh= 1.322E-07 alpha_mix =  0.700 |ddv_scf|^2 =  1.138E-12

     Pert. #  1: Fermi energy shift (Ry) =    -3.6593E-03     2.5849E-26

      iter #  13 total cpu time :  1376.6 secs   av.it.:  22.1
      thresh= 1.067E-07 alpha_mix =  0.700 |ddv_scf|^2 =  2.521E-14

     Pert. #  1: Fermi energy shift (Ry) =    -3.6728E-03     2.5849E-26

      iter #  14 total cpu time :  1394.2 secs   av.it.:  23.6
      thresh= 1.588E-08 alpha_mix =  0.700 |ddv_scf|^2 =  2.742E-13

     Pert. #  1: Fermi energy shift (Ry) =    -3.6820E-03     2.5849E-26

      iter #  15 total cpu time :  1409.4 secs   av.it.:  20.0
      thresh= 5.236E-08 alpha_mix =  0.700 |ddv_scf|^2 =  1.318E-14

     Pert. #  1: Fermi energy shift (Ry) =    -3.6840E-03     2.5849E-26

      iter #  16 total cpu time :  1425.8 secs   av.it.:  22.0
      thresh= 1.148E-08 alpha_mix =  0.700 |ddv_scf|^2 =  3.557E-14

     Pert. #  1: Fermi energy shift (Ry) =    -3.6844E-03     2.5849E-26

      iter #  17 total cpu time :  1440.8 secs   av.it.:  19.2
      thresh= 1.886E-08 alpha_mix =  0.700 |ddv_scf|^2 =  2.252E-15

     End of self-consistent calculation

     Convergence has been achieved 


     Representation #   6 mode #   6

     Self-consistent Calculation

     Pert. #  1: Fermi energy shift (Ry) =    -4.6169E-02    -3.3087E-24

      iter #   1 total cpu time :  1452.6 secs   av.it.:  10.8
      thresh= 1.000E-02 alpha_mix =  0.700 |ddv_scf|^2 =  9.956E-06

     Pert. #  1: Fermi energy shift (Ry) =     7.6856E-02    -1.0340E-25

      iter #   2 total cpu time :  1469.2 secs   av.it.:  22.6
      thresh= 3.155E-04 alpha_mix =  0.700 |ddv_scf|^2 =  1.321E-05

     Pert. #  1: Fermi energy shift (Ry) =    -3.6388E-02    -2.0680E-25

      iter #   3 total cpu time :  1485.9 secs   av.it.:  22.6
      thresh= 3.634E-04 alpha_mix =  0.700 |ddv_scf|^2 =  7.549E-05

     Pert. #  1: Fermi energy shift (Ry) =    -4.2971E-02    -1.6544E-24

      iter #   4 total cpu time :  1500.6 secs   av.it.:  18.9
      thresh= 8.689E-04 alpha_mix =  0.700 |ddv_scf|^2 =  1.056E-07

     Pert. #  1: Fermi energy shift (Ry) =     3.0408E-02    -2.0680E-25

      iter #   5 total cpu time :  1517.6 secs   av.it.:  23.1
      thresh= 3.250E-05 alpha_mix =  0.700 |ddv_scf|^2 =  2.375E-08

     Pert. #  1: Fermi energy shift (Ry) =    -9.7493E-03    -2.0680E-25

      iter #   6 total cpu time :  1533.9 secs   av.it.:  21.9
      thresh= 1.541E-05 alpha_mix =  0.700 |ddv_scf|^2 =  3.456E-10

     Pert. #  1: Fermi energy shift (Ry) =    -5.9321E-03    -2.0680E-25

      iter #   7 total cpu time :  1550.5 secs   av.it.:  22.5
      thresh= 1.859E-06 alpha_mix =  0.700 |ddv_scf|^2 =  4.652E-11

     Pert. #  1: Fermi energy shift (Ry) =    -6.3234E-03    -2.0680E-25

      iter #   8 total cpu time :  1568.1 secs   av.it.:  24.1
      thresh= 6.821E-07 alpha_mix =  0.700 |ddv_scf|^2 =  8.301E-10

     Pert. #  1: Fermi energy shift (Ry) =    -6.2564E-03    -2.0680E-25

      iter #   9 total cpu time :  1583.1 secs   av.it.:  19.4
      thresh= 2.881E-06 alpha_mix =  0.700 |ddv_scf|^2 =  1.164E-10

     Pert. #  1: Fermi energy shift (Ry) =    -6.2566E-03    -2.0680E-25

      iter #  10 total cpu time :  1598.3 secs   av.it.:  19.8
      thresh= 1.079E-06 alpha_mix =  0.700 |ddv_scf|^2 =  4.399E-12

     Pert. #  1: Fermi energy shift (Ry) =    -6.3423E-03    -2.0680E-25

      iter #  11 total cpu time :  1614.8 secs   av.it.:  22.4
      thresh= 2.097E-07 alpha_mix =  0.700 |ddv_scf|^2 =  8.964E-13

     Pert. #  1: Fermi energy shift (Ry) =    -6.0187E-03    -2.0680E-25

      iter #  12 total cpu time :  1631.9 secs   av.it.:  22.8
      thresh= 9.468E-08 alpha_mix =  0.700 |ddv_scf|^2 =  4.704E-13

     Pert. #  1: Fermi energy shift (Ry) =    -6.2135E-03    -2.0680E-25

      iter #  13 total cpu time :  1648.5 secs   av.it.:  22.0
      thresh= 6.858E-08 alpha_mix =  0.700 |ddv_scf|^2 =  1.200E-14

     Pert. #  1: Fermi energy shift (Ry) =    -6.1951E-03    -2.0680E-25

      iter #  14 total cpu time :  1665.5 secs   av.it.:  23.0
      thresh= 1.095E-08 alpha_mix =  0.700 |ddv_scf|^2 =  4.004E-14

     Pert. #  1: Fermi energy shift (Ry) =    -6.1974E-03    -2.0680E-25

      iter #  15 total cpu time :  1681.5 secs   av.it.:  21.0
      thresh= 2.001E-08 alpha_mix =  0.700 |ddv_scf|^2 =  4.250E-14

     Pert. #  1: Fermi energy shift (Ry) =    -6.1932E-03    -2.0680E-25

      iter #  16 total cpu time :  1696.9 secs   av.it.:  20.0
      thresh= 2.062E-08 alpha_mix =  0.700 |ddv_scf|^2 =  2.083E-14

     Pert. #  1: Fermi energy shift (Ry) =    -6.1945E-03    -2.0680E-25

      iter #  17 total cpu time :  1712.3 secs   av.it.:  20.1
      thresh= 1.443E-08 alpha_mix =  0.700 |ddv_scf|^2 =  4.434E-16

     End of self-consistent calculation

     Convergence has been achieved 


     Representation #   7 mode #   7

     Self-consistent Calculation

     Pert. #  1: Fermi energy shift (Ry) =    -1.0320E-02     0.0000E+00

      iter #   1 total cpu time :  1724.4 secs   av.it.:  11.8
      thresh= 1.000E-02 alpha_mix =  0.700 |ddv_scf|^2 =  9.369E-06

     Pert. #  1: Fermi energy shift (Ry) =     5.9964E-02     0.0000E+00

      iter #   2 total cpu time :  1741.0 secs   av.it.:  22.4
      thresh= 3.061E-04 alpha_mix =  0.700 |ddv_scf|^2 =  7.019E-06

     Pert. #  1: Fermi energy shift (Ry) =    -3.9864E-02     0.0000E+00

      iter #   3 total cpu time :  1757.9 secs   av.it.:  22.9
      thresh= 2.649E-04 alpha_mix =  0.700 |ddv_scf|^2 =  1.745E-05

     Pert. #  1: Fermi energy shift (Ry) =    -2.8071E-02     0.0000E+00

      iter #   4 total cpu time :  1772.6 secs   av.it.:  19.2
      thresh= 4.177E-04 alpha_mix =  0.700 |ddv_scf|^2 =  4.315E-07

     Pert. #  1: Fermi energy shift (Ry) =     3.5294E-02     0.0000E+00

      iter #   5 total cpu time :  1788.6 secs   av.it.:  21.5
      thresh= 6.569E-05 alpha_mix =  0.700 |ddv_scf|^2 =  1.780E-08
