
     Program PHONON v.6.7MaX starts on  7Feb2026 at  2: 7:37 

     This program is part of the open-source Quantum ESPRESSO suite
     for quantum simulation of materials; please cite
         "P. Giannozzi et al., J. Phys.:Condens. Matter 21 395502 (2009);
         "P. Giannozzi et al., J. Phys.:Condens. Matter 29 465901 (2017);
          URL http://www.quantum-espresso.org", 
     in publications or presentations arising from this work. More details at
     http://www.quantum-espresso.org/quote

     Parallel version (MPI), running on     1 processors

     MPI processes distributed on     1 nodes
     Waiting for input...
     Reading input from standard input

     Reading xml data from directory:

     ./tmp/Rb3BaCaGa3H16.save/
     file Ga.UPF: wavefunction(s)  4S renormalized
     file H.UPF: wavefunction(s)  1S renormalized
     file Rb.UPF: wavefunction(s)  4S renormalized

     IMPORTANT: XC functional enforced from input :
     Exchange-correlation= PBE
                           (   1   4   3   4   0   0   0)
     Any further DFT definition will be discarded
     Please, verify this is what you really want


     G-vector sticks info
     --------------------
     sticks:   dense  smooth     PW     G-vecs:    dense   smooth      PW
     Sum        4707    2357    671               401169   142421   21299


     negative rho (up, down):  1.381E+02 0.000E+00
     read_file_new: Wavefunctions not in collected format?!?
     read_file: Wavefunctions in collected format not available


     Dynamical matrices for ( 1, 1, 1)  uniform grid of q-points
     (   1 q-points):
       N         xq(1)         xq(2)         xq(3) 
       1   0.000000000   0.000000000   0.000000000

     Calculation of q =    0.0000000   0.0000000   0.0000000

     Phonons                                                                    

     bravais-lattice index     =            0
     lattice parameter (alat)  =       9.4812  a.u.
     unit-cell volume          =    2981.4022 (a.u.)^3
     number of atoms/cell      =           24
     number of atomic types    =            5
     kinetic-energy cut-off    =      50.0000  Ry
     charge density cut-off    =     400.0000  Ry
     convergence threshold     =      1.0E-14
     beta                      =       0.7000
     number of iterations used =            4
     Exchange-correlation= PBE
                           (   1   4   3   4   0   0   0)


     celldm(1)=    9.48117  celldm(2)=    0.00000  celldm(3)=    0.00000
     celldm(4)=    0.00000  celldm(5)=    0.00000  celldm(6)=    0.00000

     crystal axes: (cart. coord. in units of alat)
               a(1) = (  1.0698 -0.0100  0.0022 )  
               a(2) = ( -0.0144  1.5256 -0.2350 )  
               a(3) = (  0.0060 -0.2864  2.1877 )  

     reciprocal axes: (cart. coord. in units 2 pi/alat)
               b(1) = (  0.9349  0.0086 -0.0014 )  
               b(2) = (  0.0060  0.6690  0.0876 )  
               b(3) = ( -0.0003  0.0719  0.4665 )  


     Atoms inside the unit cell: 

     Cartesian axes

     site n.  atom      mass           positions (alat units)
        1     Rb   1.0000   tau(    1) = (    0.27288    0.26061    1.31115  )
        2     Rb   1.0000   tau(    2) = (    0.21802    0.21658    0.28773  )
        3     Rb   1.0000   tau(    3) = (    0.79442    0.85174    0.65917  )
        4     Ca   1.0000   tau(    4) = (    0.70287    0.99079    1.64599  )
        5     Ba   1.0000   tau(    5) = (    0.23241    0.95358   -0.09169  )
        6     Ga   1.0000   tau(    6) = (    0.25424    1.04273    1.19242  )
        7     Ga   1.0000   tau(    7) = (    0.80215    0.24704    2.00231  )
        8     Ga   1.0000   tau(    8) = (    0.80152    0.10668    0.84864  )
        9     H    1.0000   tau(    9) = (    0.42497    0.66221    1.63643  )
       10     H    1.0000   tau(   10) = (    0.20154    1.20791    0.92398  )
       11     H    1.0000   tau(   11) = (    0.82889    0.55070    0.13255  )
       12     H    1.0000   tau(   12) = (    0.79434    0.02111    1.15518  )
       13     H    1.0000   tau(   13) = (    0.27193    0.78200    0.39076  )
       14     H    1.0000   tau(   14) = (    0.34097    1.24260    1.43030  )
       15     H    1.0000   tau(   15) = (    0.80862    0.56022    1.91233  )
       16     H    1.0000   tau(   16) = (    0.82371   -0.14515    0.65896  )
       17     H    1.0000   tau(   17) = (    1.06724    0.11695    1.88212  )
       18     H    1.0000   tau(   18) = (    0.54324    0.28055    0.78384  )
       19     H    1.0000   tau(   19) = (    0.50331    1.35007   -0.16502  )
       20     H    1.0000   tau(   20) = (   -0.01209    0.87833    1.27599  )
       21     H    1.0000   tau(   21) = (   -0.02889    1.31892   -0.28953  )
       22     H    1.0000   tau(   22) = (    0.50604    0.84581    1.15582  )
       23     H    1.0000   tau(   23) = (    0.53216    0.11064    1.91217  )
       24     H    1.0000   tau(   24) = (    1.05234    0.29801    0.80672  )

     Computing dynamical matrix for 
                    q = (   0.0000000   0.0000000   0.0000000 )

      2 Sym.Ops. (with q -> -q+G )


     G cutoff =  910.8023  ( 401169 G-vectors)     FFT grid: ( 64, 96,128)
     G cutoff =  455.4011  ( 142421 G-vectors)  smooth grid: ( 45, 72, 96)

     number of k points=     8  Methfessel-Paxton smearing, width (Ry)=  0.0200

     PseudoPot. # 1 for Ba read from file:
     /home/marco/ZOS_Cloud_Compute/pseudo/Ba.UPF
     MD5 check sum: a011de417d3466d8e94df216395bc359
     Pseudo is Ultrasoft + core correction, Zval = 10.0
     Generated by new atomic code, or converted to UPF format
     Using radial grid of  907 points,  6 beta functions with: 
                l(1) =   0
                l(2) =   0
                l(3) =   1
                l(4) =   1
                l(5) =   2
                l(6) =   2
     Q(r) pseudized with  6 coefficients,  rinner =    1.200   1.200   1.200
                                                       1.200   1.200

     PseudoPot. # 2 for Ca read from file:
     /home/marco/ZOS_Cloud_Compute/pseudo/Ca.UPF
     MD5 check sum: 0c1c990b756df134246005b196012f4b
     Pseudo is Ultrasoft + core correction, Zval = 10.0
     Generated by new atomic code, or converted to UPF format
     Using radial grid of  845 points,  6 beta functions with: 
                l(1) =   0
                l(2) =   0
                l(3) =   1
                l(4) =   1
                l(5) =   2
                l(6) =   2
     Q(r) pseudized with  6 coefficients,  rinner =    1.200   1.200   1.200
                                                       1.200   1.200

     PseudoPot. # 3 for Ga read from file:
     /home/marco/ZOS_Cloud_Compute/pseudo/Ga.UPF
     MD5 check sum: 79e63b61437c88080bf469cc04ca4be8
     Pseudo is Projector augmented-wave + core cor, Zval = 13.0
     Generated using "atomic" code by A. Dal Corso  v.5.1.2
     Shape of augmentation charge: PSQ
     Using radial grid of 1205 points,  6 beta functions with: 
                l(1) =   0
                l(2) =   0
                l(3) =   1
                l(4) =   1
                l(5) =   2
                l(6) =   2
     Q(r) pseudized with 0 coefficients 


     PseudoPot. # 4 for H  read from file:
     /home/marco/ZOS_Cloud_Compute/pseudo/H.UPF
     MD5 check sum: 850d63dcbcc06c5de8b44e0ab9f952da
     Pseudo is Projector augmented-wave, Zval =  1.0
     Generated using "atomic" code by A. Dal Corso  v.5.1.2
     Shape of augmentation charge: PSQ
     Using radial grid of  929 points,  2 beta functions with: 
                l(1) =   0
                l(2) =   0
     Q(r) pseudized with 0 coefficients 


     PseudoPot. # 5 for Rb read from file:
     /home/marco/ZOS_Cloud_Compute/pseudo/Rb.UPF
     MD5 check sum: 2771e311bc20ea25cdd5c0a9866b789c
     Pseudo is Projector augmented-wave + core cor, Zval =  9.0
     Generated using "atomic" code by A. Dal Corso  v.5.1.2
     Shape of augmentation charge: PSQ
     Using radial grid of 1219 points,  6 beta functions with: 
                l(1) =   0
                l(2) =   0
                l(3) =   1
                l(4) =   1
                l(5) =   2
                l(6) =   2
     Q(r) pseudized with 0 coefficients 



     Atomic displacements:
     There are   72 irreducible representations

     Representation     1      1 modes -  To be done

     Representation     2      1 modes -  To be done

     Representation     3      1 modes -  To be done

     Representation     4      1 modes -  To be done

     Representation     5      1 modes -  To be done

     Representation     6      1 modes -  To be done

     Representation     7      1 modes -  To be done

     Representation     8      1 modes -  To be done

     Representation     9      1 modes -  To be done

     Representation    10      1 modes -  To be done

     Representation    11      1 modes -  To be done

     Representation    12      1 modes -  To be done

     Representation    13      1 modes -  To be done

     Representation    14      1 modes -  To be done

     Representation    15      1 modes -  To be done

     Representation    16      1 modes -  To be done

     Representation    17      1 modes -  To be done

     Representation    18      1 modes -  To be done

     Representation    19      1 modes -  To be done

     Representation    20      1 modes -  To be done

     Representation    21      1 modes -  To be done

     Representation    22      1 modes -  To be done

     Representation    23      1 modes -  To be done

     Representation    24      1 modes -  To be done

     Representation    25      1 modes -  To be done

     Representation    26      1 modes -  To be done

     Representation    27      1 modes -  To be done

     Representation    28      1 modes -  To be done

     Representation    29      1 modes -  To be done

     Representation    30      1 modes -  To be done

     Representation    31      1 modes -  To be done

     Representation    32      1 modes -  To be done

     Representation    33      1 modes -  To be done

     Representation    34      1 modes -  To be done

     Representation    35      1 modes -  To be done

     Representation    36      1 modes -  To be done

     Representation    37      1 modes -  To be done

     Representation    38      1 modes -  To be done

     Representation    39      1 modes -  To be done

     Representation    40      1 modes -  To be done

     Representation    41      1 modes -  To be done

     Representation    42      1 modes -  To be done

     Representation    43      1 modes -  To be done

     Representation    44      1 modes -  To be done

     Representation    45      1 modes -  To be done

     Representation    46      1 modes -  To be done

     Representation    47      1 modes -  To be done

     Representation    48      1 modes -  To be done

     Representation    49      1 modes -  To be done

     Representation    50      1 modes -  To be done

     Representation    51      1 modes -  To be done

     Representation    52      1 modes -  To be done

     Representation    53      1 modes -  To be done

     Representation    54      1 modes -  To be done

     Representation    55      1 modes -  To be done

     Representation    56      1 modes -  To be done

     Representation    57      1 modes -  To be done

     Representation    58      1 modes -  To be done

     Representation    59      1 modes -  To be done

     Representation    60      1 modes -  To be done

     Representation    61      1 modes -  To be done

     Representation    62      1 modes -  To be done

     Representation    63      1 modes -  To be done

     Representation    64      1 modes -  To be done

     Representation    65      1 modes -  To be done

     Representation    66      1 modes -  To be done

     Representation    67      1 modes -  To be done

     Representation    68      1 modes -  To be done

     Representation    69      1 modes -  To be done

     Representation    70      1 modes -  To be done

     Representation    71      1 modes -  To be done

     Representation    72      1 modes -  To be done



 %%%%%%%%%%%%%%%%%%%%%%%%%%%%%%%%%%%%%%%%%%%%%%%%%%%%%%%%%%%%%%%%%%%%%%%%%%%%%%
     Error in routine davcio (20):
     error reading file "./tmp/Rb3BaCaGa3H16.wfc1"
 %%%%%%%%%%%%%%%%%%%%%%%%%%%%%%%%%%%%%%%%%%%%%%%%%%%%%%%%%%%%%%%%%%%%%%%%%%%%%%

     stopping ...
--------------------------------------------------------------------------
MPI_ABORT was invoked on rank 0 in communicator MPI_COMM_WORLD
with errorcode 1.

NOTE: invoking MPI_ABORT causes Open MPI to kill all MPI processes.
You may or may not see output from other processes, depending on
exactly when Open MPI kills them.
--------------------------------------------------------------------------
