
     Program PHONON v.6.7MaX starts on 18Feb2026 at 15:35:51 

     This program is part of the open-source Quantum ESPRESSO suite
     for quantum simulation of materials; please cite
         "P. Giannozzi et al., J. Phys.:Condens. Matter 21 395502 (2009);
         "P. Giannozzi et al., J. Phys.:Condens. Matter 29 465901 (2017);
          URL http://www.quantum-espresso.org", 
     in publications or presentations arising from this work. More details at
     http://www.quantum-espresso.org/quote

     Parallel version (MPI), running on     2 processors

     MPI processes distributed on     1 nodes
     R & G space division:  proc/nbgrp/npool/nimage =       2
     Waiting for input...
     Reading input from standard input

     Reading xml data from directory:

     ./tmp/LiMg3H8.save/
     Message from routine read_pp_mesh:
     mismatch in mesh size, discarding the one in header
     file H.UPF: wavefunction(s)  1S renormalized

     IMPORTANT: XC functional enforced from input :
     Exchange-correlation= PBE
                           (   1   4   3   4   0   0   0)
     Any further DFT definition will be discarded
     Please, verify this is what you really want


     Parallelization info
     --------------------
     sticks:   dense  smooth     PW     G-vecs:    dense   smooth      PW
     Min         925     461    136                47339    16770    2739
     Max         926     464    137                47342    16771    2740
     Sum        1851     925    273                94681    33541    5479

     Reading collected, re-writing distributed wavefunctions


     Dynamical matrices for ( 2, 2, 2)  uniform grid of q-points
     (   8 q-points):
       N         xq(1)         xq(2)         xq(3) 
       1   0.000000000   0.000000000   0.000000000
       2   0.000000000  -0.003665005  -0.256591874
       3   0.000000000  -0.319832842  -0.003472881
       4   0.000000000  -0.323497848  -0.260064755
       5  -0.515233721   0.000000000   0.000000000
       6  -0.515233721  -0.003665005  -0.256591874
       7  -0.515233721  -0.319832842  -0.003472881
       8  -0.515233721  -0.323497848  -0.260064755

     Calculation of q =    0.0000000   0.0000000   0.0000000

     Phonons                                                                    

     bravais-lattice index     =            0
     lattice parameter (alat)  =       6.1899  a.u.
     unit-cell volume          =     701.2408 (a.u.)^3
     number of atoms/cell      =           12
     number of atomic types    =            3
     kinetic-energy cut-off    =      50.0000  Ry
     charge density cut-off    =     400.0000  Ry
     convergence threshold     =      1.0E-14
     beta                      =       0.7000
     number of iterations used =            4
     Exchange-correlation= PBE
                           (   1   4   3   4   0   0   0)


     celldm(1)=    6.18994  celldm(2)=    0.00000  celldm(3)=    0.00000
     celldm(4)=    0.00000  celldm(5)=    0.00000  celldm(6)=    0.00000

     crystal axes: (cart. coord. in units of alat)
               a(1) = (  0.9704  0.0000  0.0000 )  
               a(2) = (  0.0000  1.5636 -0.0223 )  
               a(3) = (  0.0000 -0.0212  1.9489 )  

     reciprocal axes: (cart. coord. in units 2 pi/alat)
               b(1) = (  1.0305 -0.0000 -0.0000 )  
               b(2) = ( -0.0000  0.6397  0.0069 )  
               b(3) = ( -0.0000  0.0073  0.5132 )  


     Atoms inside the unit cell: 

     Cartesian axes

     site n.  atom      mass           positions (alat units)
        1     Li   1.0000   tau(    1) = (    0.24261    1.17009    1.14751  )
        2     Mg   1.0000   tau(    2) = (    0.72783    0.36089    0.78554  )
        3     Mg   1.0000   tau(    3) = (    0.24261    0.37494    1.71752  )
        4     Mg   1.0000   tau(    4) = (    0.72783    1.14914    0.17416  )
        5     H    1.0000   tau(    5) = (    0.24261    0.76457    0.27715  )
        6     H    1.0000   tau(    6) = (    0.72783    0.74628    1.65717  )
        7     H    1.0000   tau(    7) = (    0.24261    1.50868    0.63104  )
        8     H    1.0000   tau(    8) = (    0.72783    0.08597    1.34447  )
        9     H    1.0000   tau(    9) = (    0.72783    0.99371    0.78766  )
       10     H    1.0000   tau(   10) = (    0.24261    0.57505    1.08482  )
       11     H    1.0000   tau(   11) = (    0.72783    0.18887    0.20387  )
       12     H    1.0000   tau(   12) = (    0.24261    1.33619    1.74862  )

     Computing dynamical matrix for 
                    q = (   0.0000000   0.0000000   0.0000000 )

      3 Sym.Ops. (with q -> -q+G )


     G cutoff =  388.2162  (  47339 G-vectors)     FFT grid: ( 40, 64, 80)
     G cutoff =  194.1081  (  16770 G-vectors)  smooth grid: ( 30, 45, 60)

     number of k points=     8  Methfessel-Paxton smearing, width (Ry)=  0.0200

     PseudoPot. # 1 for H  read from file:
     /home/marco/ZOS_Cloud_Compute/pseudo/H.UPF
     MD5 check sum: 850d63dcbcc06c5de8b44e0ab9f952da
     Pseudo is Projector augmented-wave, Zval =  1.0
     Generated using "atomic" code by A. Dal Corso  v.5.1.2
     Shape of augmentation charge: PSQ
     Using radial grid of  929 points,  2 beta functions with: 
                l(1) =   0
                l(2) =   0
     Q(r) pseudized with 0 coefficients 


     PseudoPot. # 2 for Li read from file:
     /home/marco/ZOS_Cloud_Compute/pseudo/Li.UPF
     MD5 check sum: 057edeeab9105e5446fd9e29ea3f9c2f
     Pseudo is Ultrasoft + core correction, Zval =  1.0
     Generated by new atomic code, or converted to UPF format
     Using radial grid of  751 points,  2 beta functions with: 
                l(1) =   1
                l(2) =   1
     Q(r) pseudized with  8 coefficients,  rinner =    1.000   1.000   1.000


     PseudoPot. # 3 for Mg read from file:
     /home/marco/ZOS_Cloud_Compute/pseudo/Mg.UPF
     MD5 check sum: a77e51077e70c6c73445c6cac60d158f
     Pseudo is Projector augmented-wave + core cor, Zval = 10.0
     Generated using ATOMPAW code
     Shape of augmentation charge: BESSEL
     Using radial grid of 1171 points,  6 beta functions with: 
                l(1) =   0
                l(2) =   0
                l(3) =   0
                l(4) =   0
                l(5) =   1
                l(6) =   1
     Q(r) pseudized with 0 coefficients 


     Mode symmetry, C_s (m)     point group:


     Atomic displacements:
     There are   36 irreducible representations

     Representation     1      1 modes -  To be done

     Representation     2      1 modes -  To be done

     Representation     3      1 modes -  To be done

     Representation     4      1 modes -  To be done

     Representation     5      1 modes -  To be done

     Representation     6      1 modes -  To be done

     Representation     7      1 modes -  To be done

     Representation     8      1 modes -  To be done

     Representation     9      1 modes -  To be done

     Representation    10      1 modes -  To be done

     Representation    11      1 modes -  To be done

     Representation    12      1 modes -  To be done

     Representation    13      1 modes -  To be done

     Representation    14      1 modes -  To be done

     Representation    15      1 modes -  To be done

     Representation    16      1 modes -  To be done

     Representation    17      1 modes -  To be done

     Representation    18      1 modes -  To be done

     Representation    19      1 modes -  To be done

     Representation    20      1 modes -  To be done

     Representation    21      1 modes -  To be done

     Representation    22      1 modes -  To be done

     Representation    23      1 modes -  To be done

     Representation    24      1 modes -  To be done

     Representation    25      1 modes -  To be done

     Representation    26      1 modes -  To be done

     Representation    27      1 modes -  To be done

     Representation    28      1 modes -  To be done

     Representation    29      1 modes -  To be done

     Representation    30      1 modes -  To be done

     Representation    31      1 modes -  To be done

     Representation    32      1 modes -  To be done

     Representation    33      1 modes -  To be done

     Representation    34      1 modes -  To be done

     Representation    35      1 modes -  To be done

     Representation    36      1 modes -  To be done



     Alpha used in Ewald sum =   2.8000
     PHONON       :     33.09s CPU     43.39s WALL



     Representation #   1 mode #   1

     Self-consistent Calculation

     Pert. #  1: Fermi energy shift (Ry) =     2.4987E-02    -5.1699E-26

      iter #   1 total cpu time :    48.8 secs   av.it.:   3.2
      thresh= 1.000E-02 alpha_mix =  0.700 |ddv_scf|^2 =  3.876E-08

     Pert. #  1: Fermi energy shift (Ry) =     3.7123E-02     2.5849E-26

      iter #   2 total cpu time :    61.4 secs   av.it.:  17.1
      thresh= 1.969E-05 alpha_mix =  0.700 |ddv_scf|^2 =  1.832E-08

     Pert. #  1: Fermi energy shift (Ry) =     2.2260E-02    -5.1699E-26

      iter #   3 total cpu time :    74.0 secs   av.it.:  17.0
      thresh= 1.354E-05 alpha_mix =  0.700 |ddv_scf|^2 =  1.169E-09

     Pert. #  1: Fermi energy shift (Ry) =     2.7374E-02    -5.1699E-26

      iter #   4 total cpu time :    84.1 secs   av.it.:  17.0
      thresh= 3.419E-06 alpha_mix =  0.700 |ddv_scf|^2 =  6.929E-11

     Pert. #  1: Fermi energy shift (Ry) =     2.6178E-02    -5.1699E-26

      iter #   5 total cpu time :    96.9 secs   av.it.:  17.9
      thresh= 8.324E-07 alpha_mix =  0.700 |ddv_scf|^2 =  3.187E-12

     Pert. #  1: Fermi energy shift (Ry) =     2.6183E-02    -5.1699E-26

      iter #   6 total cpu time :   110.3 secs   av.it.:  18.6
      thresh= 1.785E-07 alpha_mix =  0.700 |ddv_scf|^2 =  1.105E-12

     Pert. #  1: Fermi energy shift (Ry) =     2.6068E-02    -5.1699E-26

      iter #   7 total cpu time :   123.1 secs   av.it.:  17.6
      thresh= 1.051E-07 alpha_mix =  0.700 |ddv_scf|^2 =  8.433E-14

     Pert. #  1: Fermi energy shift (Ry) =     2.6104E-02    -5.1699E-26

      iter #   8 total cpu time :   136.4 secs   av.it.:  18.9
      thresh= 2.904E-08 alpha_mix =  0.700 |ddv_scf|^2 =  6.959E-15

     End of self-consistent calculation

     Convergence has been achieved 


     Representation #   2 mode #   2

     Self-consistent Calculation

     Pert. #  1: Fermi energy shift (Ry) =     2.8462E-02     0.0000E+00

      iter #   1 total cpu time :   142.4 secs   av.it.:   3.4
      thresh= 1.000E-02 alpha_mix =  0.700 |ddv_scf|^2 =  6.029E-08

     Pert. #  1: Fermi energy shift (Ry) =    -2.3235E-02     0.0000E+00

      iter #   2 total cpu time :   155.0 secs   av.it.:  17.4
      thresh= 2.455E-05 alpha_mix =  0.700 |ddv_scf|^2 =  5.184E-08

     Pert. #  1: Fermi energy shift (Ry) =     1.3815E-02     0.0000E+00

      iter #   3 total cpu time :   167.3 secs   av.it.:  16.4
      thresh= 2.277E-05 alpha_mix =  0.700 |ddv_scf|^2 =  1.746E-09

     Pert. #  1: Fermi energy shift (Ry) =     7.2910E-03     0.0000E+00

      iter #   4 total cpu time :   179.9 secs   av.it.:  17.5
      thresh= 4.178E-06 alpha_mix =  0.700 |ddv_scf|^2 =  4.318E-11

     Pert. #  1: Fermi energy shift (Ry) =     7.2404E-03     0.0000E+00

      iter #   5 total cpu time :   193.2 secs   av.it.:  18.9
      thresh= 6.571E-07 alpha_mix =  0.700 |ddv_scf|^2 =  3.309E-12

     Pert. #  1: Fermi energy shift (Ry) =     7.3015E-03     0.0000E+00

      iter #   6 total cpu time :   205.0 secs   av.it.:  18.8
      thresh= 1.819E-07 alpha_mix =  0.700 |ddv_scf|^2 =  1.068E-12

     Pert. #  1: Fermi energy shift (Ry) =     7.2818E-03     0.0000E+00

      iter #   7 total cpu time :   218.0 secs   av.it.:  18.0
      thresh= 1.033E-07 alpha_mix =  0.700 |ddv_scf|^2 =  7.383E-14

     Pert. #  1: Fermi energy shift (Ry) =     7.2834E-03     0.0000E+00

      iter #   8 total cpu time :   230.4 secs   av.it.:  19.2
      thresh= 2.717E-08 alpha_mix =  0.700 |ddv_scf|^2 =  1.321E-14

     Pert. #  1: Fermi energy shift (Ry) =     7.2791E-03     0.0000E+00

      iter #   9 total cpu time :   242.9 secs   av.it.:  18.6
      thresh= 1.149E-08 alpha_mix =  0.700 |ddv_scf|^2 =  8.798E-16

     End of self-consistent calculation

     Convergence has been achieved 


     Representation #   3 mode #   3

     Self-consistent Calculation

     Pert. #  1: Fermi energy shift (Ry) =    -1.9356E-02     1.0340E-25

      iter #   1 total cpu time :   248.8 secs   av.it.:   3.2
      thresh= 1.000E-02 alpha_mix =  0.700 |ddv_scf|^2 =  8.742E-08

     Pert. #  1: Fermi energy shift (Ry) =    -8.0015E-02     1.0340E-25

      iter #   2 total cpu time :   261.5 secs   av.it.:  17.9
      thresh= 2.957E-05 alpha_mix =  0.700 |ddv_scf|^2 =  1.014E-07

     Pert. #  1: Fermi energy shift (Ry) =    -3.0695E-02     5.1699E-26

      iter #   3 total cpu time :   273.4 secs   av.it.:  16.1
      thresh= 3.185E-05 alpha_mix =  0.700 |ddv_scf|^2 =  8.853E-10

     Pert. #  1: Fermi energy shift (Ry) =    -3.6453E-02     1.0340E-25

      iter #   4 total cpu time :   284.7 secs   av.it.:  18.2
      thresh= 2.975E-06 alpha_mix =  0.700 |ddv_scf|^2 =  5.343E-11

     Pert. #  1: Fermi energy shift (Ry) =    -3.5847E-02     1.0340E-25

      iter #   5 total cpu time :   297.6 secs   av.it.:  18.2
      thresh= 7.310E-07 alpha_mix =  0.700 |ddv_scf|^2 =  8.132E-12

     Pert. #  1: Fermi energy shift (Ry) =    -3.5695E-02     1.0340E-25

      iter #   6 total cpu time :   310.7 secs   av.it.:  18.8
      thresh= 2.852E-07 alpha_mix =  0.700 |ddv_scf|^2 =  1.081E-12

     Pert. #  1: Fermi energy shift (Ry) =    -3.5658E-02     1.0340E-25

      iter #   7 total cpu time :   323.9 secs   av.it.:  18.5
      thresh= 1.040E-07 alpha_mix =  0.700 |ddv_scf|^2 =  1.176E-13

     Pert. #  1: Fermi energy shift (Ry) =    -3.5664E-02     1.0340E-25

      iter #   8 total cpu time :   337.8 secs   av.it.:  19.6
      thresh= 3.429E-08 alpha_mix =  0.700 |ddv_scf|^2 =  8.482E-15

     End of self-consistent calculation

     Convergence has been achieved 


     Representation #   4 mode #   4

     Self-consistent Calculation

     Pert. #  1: Fermi energy shift (Ry) =    -4.3142E-02    -7.7548E-26

      iter #   1 total cpu time :   343.5 secs   av.it.:   3.1
      thresh= 1.000E-02 alpha_mix =  0.700 |ddv_scf|^2 =  4.600E-08

     Pert. #  1: Fermi energy shift (Ry) =     2.3289E-02    -2.0680E-25

      iter #   2 total cpu time :   355.4 secs   av.it.:  16.1
      thresh= 2.145E-05 alpha_mix =  0.700 |ddv_scf|^2 =  5.161E-08

     Pert. #  1: Fermi energy shift (Ry) =    -1.4520E-02    -1.5510E-25

      iter #   3 total cpu time :   366.6 secs   av.it.:  15.6
      thresh= 2.272E-05 alpha_mix =  0.700 |ddv_scf|^2 =  1.158E-09

     Pert. #  1: Fermi energy shift (Ry) =    -1.1428E-02    -1.5510E-25

      iter #   4 total cpu time :   378.1 secs   av.it.:  16.2
      thresh= 3.402E-06 alpha_mix =  0.700 |ddv_scf|^2 =  5.791E-11

     Pert. #  1: Fermi energy shift (Ry) =    -1.1335E-02    -2.0680E-25

      iter #   5 total cpu time :   390.1 secs   av.it.:  17.4
      thresh= 7.610E-07 alpha_mix =  0.700 |ddv_scf|^2 =  2.936E-12

     Pert. #  1: Fermi energy shift (Ry) =    -1.1232E-02    -2.0680E-25

      iter #   6 total cpu time :   401.3 secs   av.it.:  17.6
      thresh= 1.713E-07 alpha_mix =  0.700 |ddv_scf|^2 =  7.677E-14

     Pert. #  1: Fermi energy shift (Ry) =    -1.1267E-02    -2.0680E-25

      iter #   7 total cpu time :   412.7 secs   av.it.:  18.2
      thresh= 2.771E-08 alpha_mix =  0.700 |ddv_scf|^2 =  9.515E-15

     End of self-consistent calculation

     Convergence has been achieved 


     Representation #   5 mode #   5

     Self-consistent Calculation

     Pert. #  1: Fermi energy shift (Ry) =    -3.0176E-01     0.0000E+00

      iter #   1 total cpu time :   421.7 secs   av.it.:   9.1
      thresh= 1.000E-02 alpha_mix =  0.700 |ddv_scf|^2 =  6.786E-06

     Pert. #  1: Fermi energy shift (Ry) =     4.1340E-01     0.0000E+00

      iter #   2 total cpu time :   434.1 secs   av.it.:  18.0
      thresh= 2.605E-04 alpha_mix =  0.700 |ddv_scf|^2 =  7.641E-06

     Pert. #  1: Fermi energy shift (Ry) =    -5.9667E-02     0.0000E+00

      iter #   3 total cpu time :   445.5 secs   av.it.:  16.1
      thresh= 2.764E-04 alpha_mix =  0.700 |ddv_scf|^2 =  1.191E-07

     Pert. #  1: Fermi energy shift (Ry) =    -2.0087E-02     0.0000E+00

      iter #   4 total cpu time :   458.1 secs   av.it.:  18.0
      thresh= 3.450E-05 alpha_mix =  0.700 |ddv_scf|^2 =  8.658E-09

     Pert. #  1: Fermi energy shift (Ry) =    -1.7582E-02     0.0000E+00

      iter #   5 total cpu time :   469.8 secs   av.it.:  18.6
      thresh= 9.305E-06 alpha_mix =  0.700 |ddv_scf|^2 =  1.458E-09

     Pert. #  1: Fermi energy shift (Ry) =    -1.6457E-02     0.0000E+00

      iter #   6 total cpu time :   481.8 secs   av.it.:  18.0
      thresh= 3.818E-06 alpha_mix =  0.700 |ddv_scf|^2 =  2.019E-10

     Pert. #  1: Fermi energy shift (Ry) =    -1.6813E-02     0.0000E+00

      iter #   7 total cpu time :   493.5 secs   av.it.:  18.0
      thresh= 1.421E-06 alpha_mix =  0.700 |ddv_scf|^2 =  1.205E-11

     Pert. #  1: Fermi energy shift (Ry) =    -1.7083E-02     0.0000E+00

      iter #   8 total cpu time :   506.1 secs   av.it.:  19.1
      thresh= 3.471E-07 alpha_mix =  0.700 |ddv_scf|^2 =  1.659E-12

     Pert. #  1: Fermi energy shift (Ry) =    -1.6956E-02     0.0000E+00

      iter #   9 total cpu time :   518.4 secs   av.it.:  18.4
      thresh= 1.288E-07 alpha_mix =  0.700 |ddv_scf|^2 =  1.165E-13

     Pert. #  1: Fermi energy shift (Ry) =    -1.7006E-02     0.0000E+00

      iter #  10 total cpu time :   530.8 secs   av.it.:  18.9
      thresh= 3.414E-08 alpha_mix =  0.700 |ddv_scf|^2 =  1.458E-14

     Pert. #  1: Fermi energy shift (Ry) =    -1.6990E-02     0.0000E+00

      iter #  11 total cpu time :   541.3 secs   av.it.:  18.6
      thresh= 1.207E-08 alpha_mix =  0.700 |ddv_scf|^2 =  2.689E-15

     End of self-consistent calculation

     Convergence has been achieved 


     Representation #   6 mode #   6

     Self-consistent Calculation

     Pert. #  1: Fermi energy shift (Ry) =     2.1807E-02    -1.2925E-26

      iter #   1 total cpu time :   546.8 secs   av.it.:   3.2
      thresh= 1.000E-02 alpha_mix =  0.700 |ddv_scf|^2 =  8.158E-08

     Pert. #  1: Fermi energy shift (Ry) =     4.7811E-03     1.0340E-25

      iter #   2 total cpu time :   558.4 secs   av.it.:  16.9
      thresh= 2.856E-05 alpha_mix =  0.700 |ddv_scf|^2 =  8.701E-08

     Pert. #  1: Fermi energy shift (Ry) =     1.0146E-02    -6.4623E-27

      iter #   3 total cpu time :   569.5 secs   av.it.:  16.4
      thresh= 2.950E-05 alpha_mix =  0.700 |ddv_scf|^2 =  6.708E-10

     Pert. #  1: Fermi energy shift (Ry) =     1.0253E-02     8.0779E-28

      iter #   4 total cpu time :   581.8 secs   av.it.:  18.1
      thresh= 2.590E-06 alpha_mix =  0.700 |ddv_scf|^2 =  1.680E-11

     Pert. #  1: Fermi energy shift (Ry) =     9.4556E-03     8.0779E-28

      iter #   5 total cpu time :   592.1 secs   av.it.:  18.9
      thresh= 4.098E-07 alpha_mix =  0.700 |ddv_scf|^2 =  1.103E-11

     Pert. #  1: Fermi energy shift (Ry) =     1.0011E-02     4.0390E-28

      iter #   6 total cpu time :   603.8 secs   av.it.:  16.9
      thresh= 3.321E-07 alpha_mix =  0.700 |ddv_scf|^2 =  2.753E-13

     Pert. #  1: Fermi energy shift (Ry) =     9.9379E-03     4.0390E-28

      iter #   7 total cpu time :   616.6 secs   av.it.:  19.1
      thresh= 5.247E-08 alpha_mix =  0.700 |ddv_scf|^2 =  1.581E-14

     Pert. #  1: Fermi energy shift (Ry) =     9.9532E-03     4.0390E-28

      iter #   8 total cpu time :   629.2 secs   av.it.:  18.9
      thresh= 1.257E-08 alpha_mix =  0.700 |ddv_scf|^2 =  1.792E-15

     End of self-consistent calculation

     Convergence has been achieved 


     Representation #   7 mode #   7

     Self-consistent Calculation

     Pert. #  1: Fermi energy shift (Ry) =    -7.1465E-03     0.0000E+00

      iter #   1 total cpu time :   634.8 secs   av.it.:   3.2
      thresh= 1.000E-02 alpha_mix =  0.700 |ddv_scf|^2 =  4.088E-08

     Pert. #  1: Fermi energy shift (Ry) =    -1.1456E-02     0.0000E+00

      iter #   2 total cpu time :   645.7 secs   av.it.:  17.8
      thresh= 2.022E-05 alpha_mix =  0.700 |ddv_scf|^2 =  1.745E-08

     Pert. #  1: Fermi energy shift (Ry) =    -1.8971E-02     0.0000E+00

      iter #   3 total cpu time :   656.5 secs   av.it.:  17.1
      thresh= 1.321E-05 alpha_mix =  0.700 |ddv_scf|^2 =  9.343E-10

     Pert. #  1: Fermi energy shift (Ry) =    -1.2014E-02     0.0000E+00

      iter #   4 total cpu time :   666.6 secs   av.it.:  17.8
      thresh= 3.057E-06 alpha_mix =  0.700 |ddv_scf|^2 =  9.329E-11

     Pert. #  1: Fermi energy shift (Ry) =    -1.3151E-02     0.0000E+00

      iter #   5 total cpu time :   678.6 secs   av.it.:  17.5
      thresh= 9.659E-07 alpha_mix =  0.700 |ddv_scf|^2 =  4.445E-12

     Pert. #  1: Fermi energy shift (Ry) =    -1.3112E-02     0.0000E+00

      iter #   6 total cpu time :   691.1 secs   av.it.:  18.8
      thresh= 2.108E-07 alpha_mix =  0.700 |ddv_scf|^2 =  4.500E-13

     Pert. #  1: Fermi energy shift (Ry) =    -1.3141E-02     0.0000E+00

      iter #   7 total cpu time :   703.7 secs   av.it.:  18.9
      thresh= 6.708E-08 alpha_mix =  0.700 |ddv_scf|^2 =  1.796E-13

     Pert. #  1: Fermi energy shift (Ry) =    -1.3088E-02     0.0000E+00

      iter #   8 total cpu time :   716.2 secs   av.it.:  18.5
      thresh= 4.238E-08 alpha_mix =  0.700 |ddv_scf|^2 =  1.097E-14

     Pert. #  1: Fermi energy shift (Ry) =    -1.3099E-02     0.0000E+00

      iter #   9 total cpu time :   728.8 secs   av.it.:  18.6
      thresh= 1.047E-08 alpha_mix =  0.700 |ddv_scf|^2 =  1.314E-15

     End of self-consistent calculation

     Convergence has been achieved 


     Representation #   8 mode #   8

     Self-consistent Calculation

     Pert. #  1: Fermi energy shift (Ry) =    -1.5993E-02     5.1699E-26

      iter #   1 total cpu time :   734.2 secs   av.it.:   3.0
      thresh= 1.000E-02 alpha_mix =  0.700 |ddv_scf|^2 =  3.306E-08

     Pert. #  1: Fermi energy shift (Ry) =    -6.8545E-03     2.5849E-26

      iter #   2 total cpu time :   744.4 secs   av.it.:  17.2
      thresh= 1.818E-05 alpha_mix =  0.700 |ddv_scf|^2 =  9.533E-09

     Pert. #  1: Fermi energy shift (Ry) =    -1.5187E-02     2.5849E-26

      iter #   3 total cpu time :   756.2 secs   av.it.:  17.4
      thresh= 9.764E-06 alpha_mix =  0.700 |ddv_scf|^2 =  3.675E-10

     Pert. #  1: Fermi energy shift (Ry) =    -1.1089E-02     5.1699E-26

      iter #   4 total cpu time :   768.1 secs   av.it.:  17.8
      thresh= 1.917E-06 alpha_mix =  0.700 |ddv_scf|^2 =  8.377E-11

     Pert. #  1: Fermi energy shift (Ry) =    -1.2319E-02     5.1699E-26

      iter #   5 total cpu time :   779.7 secs   av.it.:  17.0
      thresh= 9.153E-07 alpha_mix =  0.700 |ddv_scf|^2 =  2.637E-12

     Pert. #  1: Fermi energy shift (Ry) =    -1.2098E-02     2.5849E-26

      iter #   6 total cpu time :   792.0 secs   av.it.:  18.9
      thresh= 1.624E-07 alpha_mix =  0.700 |ddv_scf|^2 =  2.965E-13

     Pert. #  1: Fermi energy shift (Ry) =    -1.2110E-02     5.1699E-26

      iter #   7 total cpu time :   804.1 secs   av.it.:  18.8
      thresh= 5.445E-08 alpha_mix =  0.700 |ddv_scf|^2 =  9.185E-14

     Pert. #  1: Fermi energy shift (Ry) =    -1.2093E-02     2.5849E-26

      iter #   8 total cpu time :   815.4 secs   av.it.:  18.2
      thresh= 3.031E-08 alpha_mix =  0.700 |ddv_scf|^2 =  5.278E-15

     End of self-consistent calculation

     Convergence has been achieved 


     Representation #   9 mode #   9

     Self-consistent Calculation

     Pert. #  1: Fermi energy shift (Ry) =    -4.9714E-02     3.3087E-24

      iter #   1 total cpu time :   824.1 secs   av.it.:   9.1
      thresh= 1.000E-02 alpha_mix =  0.700 |ddv_scf|^2 =  3.476E-06

     Pert. #  1: Fermi energy shift (Ry) =    -5.7490E-02    -4.1359E-25

      iter #   2 total cpu time :   835.2 secs   av.it.:  18.0
      thresh= 1.865E-04 alpha_mix =  0.700 |ddv_scf|^2 =  1.240E-06

     Pert. #  1: Fermi energy shift (Ry) =     5.2812E-02     4.1359E-25

      iter #   3 total cpu time :   846.6 secs   av.it.:  17.4
      thresh= 1.113E-04 alpha_mix =  0.700 |ddv_scf|^2 =  1.625E-07

     Pert. #  1: Fermi energy shift (Ry) =    -2.0860E-02     2.0680E-25

      iter #   4 total cpu time :   858.4 secs   av.it.:  17.5
      thresh= 4.031E-05 alpha_mix =  0.700 |ddv_scf|^2 =  1.502E-08

     Pert. #  1: Fermi energy shift (Ry) =    -6.3478E-03     2.0680E-25

      iter #   5 total cpu time :   869.8 secs   av.it.:  18.0
      thresh= 1.225E-05 alpha_mix =  0.700 |ddv_scf|^2 =  9.201E-10

     Pert. #  1: Fermi energy shift (Ry) =    -5.9344E-03     2.0680E-25

      iter #   6 total cpu time :   881.9 secs   av.it.:  18.5
      thresh= 3.033E-06 alpha_mix =  0.700 |ddv_scf|^2 =  4.807E-11

     Pert. #  1: Fermi energy shift (Ry) =    -6.0695E-03     2.0680E-25

      iter #   7 total cpu time :   893.3 secs   av.it.:  18.6
      thresh= 6.933E-07 alpha_mix =  0.700 |ddv_scf|^2 =  4.155E-12

     Pert. #  1: Fermi energy shift (Ry) =    -6.2118E-03     2.0680E-25

      iter #   8 total cpu time :   904.2 secs   av.it.:  19.1
      thresh= 2.038E-07 alpha_mix =  0.700 |ddv_scf|^2 =  7.455E-13

     Pert. #  1: Fermi energy shift (Ry) =    -6.1002E-03     2.0680E-25

      iter #   9 total cpu time :   916.5 secs   av.it.:  18.9
      thresh= 8.634E-08 alpha_mix =  0.700 |ddv_scf|^2 =  9.780E-14

     Pert. #  1: Fermi energy shift (Ry) =    -6.1366E-03     2.0680E-25

      iter #  10 total cpu time :   928.8 secs   av.it.:  18.4
      thresh= 3.127E-08 alpha_mix =  0.700 |ddv_scf|^2 =  1.230E-14

     Pert. #  1: Fermi energy shift (Ry) =    -6.1293E-03     2.0680E-25

      iter #  11 total cpu time :   941.0 secs   av.it.:  18.6
      thresh= 1.109E-08 alpha_mix =  0.700 |ddv_scf|^2 =  3.500E-16

     End of self-consistent calculation

     Convergence has been achieved 


     Representation #  10 mode #  10

     Self-consistent Calculation

     Pert. #  1: Fermi energy shift (Ry) =    -8.6992E-03     0.0000E+00

      iter #   1 total cpu time :   946.6 secs   av.it.:   3.4
      thresh= 1.000E-02 alpha_mix =  0.700 |ddv_scf|^2 =  8.393E-08

     Pert. #  1: Fermi energy shift (Ry) =    -1.1275E-02     0.0000E+00

      iter #   2 total cpu time :   958.2 secs   av.it.:  17.2
      thresh= 2.897E-05 alpha_mix =  0.700 |ddv_scf|^2 =  9.524E-08

     Pert. #  1: Fermi energy shift (Ry) =    -1.5258E-03     0.0000E+00

      iter #   3 total cpu time :   967.3 secs   av.it.:  16.5
      thresh= 3.086E-05 alpha_mix =  0.700 |ddv_scf|^2 =  6.801E-10

     Pert. #  1: Fermi energy shift (Ry) =    -4.5238E-03     0.0000E+00

      iter #   4 total cpu time :   978.4 secs   av.it.:  18.0
      thresh= 2.608E-06 alpha_mix =  0.700 |ddv_scf|^2 =  5.335E-11

     Pert. #  1: Fermi energy shift (Ry) =    -3.3770E-03     0.0000E+00

      iter #   5 total cpu time :   988.6 secs   av.it.:  18.2
      thresh= 7.304E-07 alpha_mix =  0.700 |ddv_scf|^2 =  9.947E-12

     Pert. #  1: Fermi energy shift (Ry) =    -3.9218E-03     0.0000E+00

      iter #   6 total cpu time :   998.5 secs   av.it.:  17.6
      thresh= 3.154E-07 alpha_mix =  0.700 |ddv_scf|^2 =  1.138E-12

     Pert. #  1: Fermi energy shift (Ry) =    -3.7991E-03     0.0000E+00

      iter #   7 total cpu time :  1010.2 secs   av.it.:  17.6
      thresh= 1.067E-07 alpha_mix =  0.700 |ddv_scf|^2 =  4.111E-14

     Pert. #  1: Fermi energy shift (Ry) =    -3.8265E-03     0.0000E+00

      iter #   8 total cpu time :  1022.4 secs   av.it.:  18.9
      thresh= 2.028E-08 alpha_mix =  0.700 |ddv_scf|^2 =  3.940E-15

     End of self-consistent calculation

     Convergence has been achieved 


     Representation #  11 mode #  11

     Self-consistent Calculation

     Pert. #  1: Fermi energy shift (Ry) =    -1.4553E-02     0.0000E+00

      iter #   1 total cpu time :  1027.8 secs   av.it.:   3.0
      thresh= 1.000E-02 alpha_mix =  0.700 |ddv_scf|^2 =  7.499E-08

     Pert. #  1: Fermi energy shift (Ry) =     5.0701E-02     0.0000E+00

      iter #   2 total cpu time :  1038.1 secs   av.it.:  17.4
      thresh= 2.738E-05 alpha_mix =  0.700 |ddv_scf|^2 =  7.696E-08

     Pert. #  1: Fermi energy shift (Ry) =     6.6156E-03     0.0000E+00

      iter #   3 total cpu time :  1049.1 secs   av.it.:  16.1
      thresh= 2.774E-05 alpha_mix =  0.700 |ddv_scf|^2 =  1.225E-09

     Pert. #  1: Fermi energy shift (Ry) =     1.0647E-02     0.0000E+00

      iter #   4 total cpu time :  1061.0 secs   av.it.:  17.9
      thresh= 3.500E-06 alpha_mix =  0.700 |ddv_scf|^2 =  6.448E-11

     Pert. #  1: Fermi energy shift (Ry) =     9.8041E-03     0.0000E+00

      iter #   5 total cpu time :  1073.3 secs   av.it.:  18.8
      thresh= 8.030E-07 alpha_mix =  0.700 |ddv_scf|^2 =  4.210E-12

     Pert. #  1: Fermi energy shift (Ry) =     9.8280E-03     0.0000E+00

      iter #   6 total cpu time :  1085.7 secs   av.it.:  18.9
      thresh= 2.052E-07 alpha_mix =  0.700 |ddv_scf|^2 =  4.929E-13

     Pert. #  1: Fermi energy shift (Ry) =     9.8276E-03     0.0000E+00

      iter #   7 total cpu time :  1095.9 secs   av.it.:  18.8
      thresh= 7.020E-08 alpha_mix =  0.700 |ddv_scf|^2 =  1.339E-13

     Pert. #  1: Fermi energy shift (Ry) =     9.7977E-03     0.0000E+00

      iter #   8 total cpu time :  1106.2 secs   av.it.:  18.5
      thresh= 3.660E-08 alpha_mix =  0.700 |ddv_scf|^2 =  1.333E-14

     Pert. #  1: Fermi energy shift (Ry) =     9.8195E-03     0.0000E+00

      iter #   9 total cpu time :  1118.8 secs   av.it.:  18.2
      thresh= 1.155E-08 alpha_mix =  0.700 |ddv_scf|^2 =  2.555E-15

     End of self-consistent calculation

     Convergence has been achieved 


     Representation #  12 mode #  12

     Self-consistent Calculation

     Pert. #  1: Fermi energy shift (Ry) =    -5.2421E-04    -2.0680E-25

      iter #   1 total cpu time :  1124.5 secs   av.it.:   3.0
      thresh= 1.000E-02 alpha_mix =  0.700 |ddv_scf|^2 =  7.092E-08

     Pert. #  1: Fermi energy shift (Ry) =     2.2562E-02    -2.0680E-25

      iter #   2 total cpu time :  1136.1 secs   av.it.:  16.5
      thresh= 2.663E-05 alpha_mix =  0.700 |ddv_scf|^2 =  7.820E-08

     Pert. #  1: Fermi energy shift (Ry) =     8.0269E-03    -1.0340E-25

      iter #   3 total cpu time :  1147.5 secs   av.it.:  16.1
      thresh= 2.796E-05 alpha_mix =  0.700 |ddv_scf|^2 =  7.381E-10

     Pert. #  1: Fermi energy shift (Ry) =     1.0346E-02    -1.0340E-25

      iter #   4 total cpu time :  1159.2 secs   av.it.:  17.5
      thresh= 2.717E-06 alpha_mix =  0.700 |ddv_scf|^2 =  4.485E-11

     Pert. #  1: Fermi energy shift (Ry) =     9.1968E-03    -1.0340E-25

      iter #   5 total cpu time :  1171.3 secs   av.it.:  17.9
      thresh= 6.697E-07 alpha_mix =  0.700 |ddv_scf|^2 =  9.861E-12

     Pert. #  1: Fermi energy shift (Ry) =     9.6891E-03    -1.0340E-25

      iter #   6 total cpu time :  1183.4 secs   av.it.:  17.8
      thresh= 3.140E-07 alpha_mix =  0.700 |ddv_scf|^2 =  7.849E-13

     Pert. #  1: Fermi energy shift (Ry) =     9.5734E-03    -1.0340E-25

      iter #   7 total cpu time :  1195.8 secs   av.it.:  17.9
      thresh= 8.859E-08 alpha_mix =  0.700 |ddv_scf|^2 =  2.816E-14

     Pert. #  1: Fermi energy shift (Ry) =     9.5700E-03    -1.0340E-25

      iter #   8 total cpu time :  1208.5 secs   av.it.:  19.0
      thresh= 1.678E-08 alpha_mix =  0.700 |ddv_scf|^2 =  1.786E-15

     End of self-consistent calculation

     Convergence has been achieved 


     Representation #  13 mode #  13

     Self-consistent Calculation

     Pert. #  1: Fermi energy shift (Ry) =     7.6014E-02     8.2718E-25

      iter #   1 total cpu time :  1217.6 secs   av.it.:   9.5
      thresh= 1.000E-02 alpha_mix =  0.700 |ddv_scf|^2 =  8.201E-06

     Pert. #  1: Fermi energy shift (Ry) =    -1.8282E-02    -4.1359E-25

      iter #   2 total cpu time :  1229.9 secs   av.it.:  17.9
      thresh= 2.864E-04 alpha_mix =  0.700 |ddv_scf|^2 =  9.369E-06

     Pert. #  1: Fermi energy shift (Ry) =    -3.3526E-03     8.2718E-25

      iter #   3 total cpu time :  1241.1 secs   av.it.:  15.9
      thresh= 3.061E-04 alpha_mix =  0.700 |ddv_scf|^2 =  7.037E-08

     Pert. #  1: Fermi energy shift (Ry) =     1.5779E-02     4.1359E-25

      iter #   4 total cpu time :  1252.3 secs   av.it.:  18.5
      thresh= 2.653E-05 alpha_mix =  0.700 |ddv_scf|^2 =  5.847E-09

     Pert. #  1: Fermi energy shift (Ry) =     1.4674E-03     4.1359E-25

      iter #   5 total cpu time :  1265.1 secs   av.it.:  19.0
      thresh= 7.646E-06 alpha_mix =  0.700 |ddv_scf|^2 =  1.838E-09

     Pert. #  1: Fermi energy shift (Ry) =     8.9285E-03     4.1359E-25

      iter #   6 total cpu time :  1277.5 secs   av.it.:  17.8
      thresh= 4.287E-06 alpha_mix =  0.700 |ddv_scf|^2 =  1.802E-10

     Pert. #  1: Fermi energy shift (Ry) =     7.3259E-03     4.1359E-25

      iter #   7 total cpu time :  1290.2 secs   av.it.:  18.2
      thresh= 1.342E-06 alpha_mix =  0.700 |ddv_scf|^2 =  6.575E-12

     Pert. #  1: Fermi energy shift (Ry) =     7.4833E-03     4.1359E-25

      iter #   8 total cpu time :  1302.6 secs   av.it.:  19.9
      thresh= 2.564E-07 alpha_mix =  0.700 |ddv_scf|^2 =  5.719E-13

     Pert. #  1: Fermi energy shift (Ry) =     7.4623E-03     4.1359E-25

      iter #   9 total cpu time :  1315.8 secs   av.it.:  19.1
      thresh= 7.563E-08 alpha_mix =  0.700 |ddv_scf|^2 =  6.398E-14

     Pert. #  1: Fermi energy shift (Ry) =     7.4635E-03     4.1359E-25

      iter #  10 total cpu time :  1328.9 secs   av.it.:  19.2
      thresh= 2.529E-08 alpha_mix =  0.700 |ddv_scf|^2 =  1.311E-14

     Pert. #  1: Fermi energy shift (Ry) =     7.4654E-03     4.1359E-25

      iter #  11 total cpu time :  1341.9 secs   av.it.:  19.0
      thresh= 1.145E-08 alpha_mix =  0.700 |ddv_scf|^2 =  9.690E-16

     End of self-consistent calculation

     Convergence has been achieved 


     Representation #  14 mode #  14

     Self-consistent Calculation

     Pert. #  1: Fermi energy shift (Ry) =    -2.2958E-02    -4.1359E-25

      iter #   1 total cpu time :  1350.1 secs   av.it.:   9.4
      thresh= 1.000E-02 alpha_mix =  0.700 |ddv_scf|^2 =  8.404E-06

     Pert. #  1: Fermi energy shift (Ry) =     6.5598E-02     1.6544E-24

      iter #   2 total cpu time :  1362.7 secs   av.it.:  17.9
      thresh= 2.899E-04 alpha_mix =  0.700 |ddv_scf|^2 =  9.771E-06

     Pert. #  1: Fermi energy shift (Ry) =    -7.2690E-05     1.2925E-26

      iter #   3 total cpu time :  1374.2 secs   av.it.:  16.0
      thresh= 3.126E-04 alpha_mix =  0.700 |ddv_scf|^2 =  6.191E-08

     Pert. #  1: Fermi energy shift (Ry) =    -1.0121E-02     1.0340E-25

      iter #   4 total cpu time :  1385.1 secs   av.it.:  18.2
      thresh= 2.488E-05 alpha_mix =  0.700 |ddv_scf|^2 =  4.230E-09

     Pert. #  1: Fermi energy shift (Ry) =     6.1952E-03     5.1699E-26

      iter #   5 total cpu time :  1398.1 secs   av.it.:  18.8
      thresh= 6.504E-06 alpha_mix =  0.700 |ddv_scf|^2 =  1.672E-09

     Pert. #  1: Fermi energy shift (Ry) =     1.4664E-04     5.1699E-26

      iter #   6 total cpu time :  1410.5 secs   av.it.:  17.2
      thresh= 4.089E-06 alpha_mix =  0.700 |ddv_scf|^2 =  9.495E-11

     Pert. #  1: Fermi energy shift (Ry) =     9.4168E-04     1.0340E-25

      iter #   7 total cpu time :  1422.4 secs   av.it.:  18.5
      thresh= 9.744E-07 alpha_mix =  0.700 |ddv_scf|^2 =  5.668E-12

     Pert. #  1: Fermi energy shift (Ry) =     7.1174E-04     1.0340E-25

      iter #   8 total cpu time :  1433.2 secs   av.it.:  19.1
      thresh= 2.381E-07 alpha_mix =  0.700 |ddv_scf|^2 =  5.811E-13

     Pert. #  1: Fermi energy shift (Ry) =     7.9271E-04     1.0340E-25

      iter #   9 total cpu time :  1444.6 secs   av.it.:  18.9
      thresh= 7.623E-08 alpha_mix =  0.700 |ddv_scf|^2 =  2.747E-14

     Pert. #  1: Fermi energy shift (Ry) =     7.6394E-04     1.0340E-25

      iter #  10 total cpu time :  1457.8 secs   av.it.:  19.8
      thresh= 1.657E-08 alpha_mix =  0.700 |ddv_scf|^2 =  1.397E-15

     End of self-consistent calculation

     Convergence has been achieved 


     Representation #  15 mode #  15

     Self-consistent Calculation

     Pert. #  1: Fermi energy shift (Ry) =    -6.5453E-02     0.0000E+00

      iter #   1 total cpu time :  1463.8 secs   av.it.:   3.1
      thresh= 1.000E-02 alpha_mix =  0.700 |ddv_scf|^2 =  9.011E-08

     Pert. #  1: Fermi energy shift (Ry) =     1.6647E-02     0.0000E+00

      iter #   2 total cpu time :  1476.6 secs   av.it.:  17.5
      thresh= 3.002E-05 alpha_mix =  0.700 |ddv_scf|^2 =  9.765E-08

     Pert. #  1: Fermi energy shift (Ry) =    -2.8560E-02     0.0000E+00

      iter #   3 total cpu time :  1486.2 secs   av.it.:  16.4
      thresh= 3.125E-05 alpha_mix =  0.700 |ddv_scf|^2 =  9.415E-10

     Pert. #  1: Fermi energy shift (Ry) =    -2.2799E-02     0.0000E+00

      iter #   4 total cpu time :  1499.1 secs   av.it.:  18.0
      thresh= 3.068E-06 alpha_mix =  0.700 |ddv_scf|^2 =  5.194E-11

     Pert. #  1: Fermi energy shift (Ry) =    -2.3523E-02     0.0000E+00

      iter #   5 total cpu time :  1512.0 secs   av.it.:  17.9
      thresh= 7.207E-07 alpha_mix =  0.700 |ddv_scf|^2 =  1.211E-11

     Pert. #  1: Fermi energy shift (Ry) =    -2.3370E-02     0.0000E+00

      iter #   6 total cpu time :  1524.7 secs   av.it.:  17.9
      thresh= 3.480E-07 alpha_mix =  0.700 |ddv_scf|^2 =  1.061E-12

     Pert. #  1: Fermi energy shift (Ry) =    -2.3421E-02     0.0000E+00

      iter #   7 total cpu time :  1537.8 secs   av.it.:  18.4
      thresh= 1.030E-07 alpha_mix =  0.700 |ddv_scf|^2 =  1.316E-13

     Pert. #  1: Fermi energy shift (Ry) =    -2.3411E-02     0.0000E+00

      iter #   8 total cpu time :  1551.4 secs   av.it.:  19.1
      thresh= 3.628E-08 alpha_mix =  0.700 |ddv_scf|^2 =  8.887E-15

     End of self-consistent calculation

     Convergence has been achieved 


     Representation #  16 mode #  16

     Self-consistent Calculation

     Pert. #  1: Fermi energy shift (Ry) =     1.0769E-02    -1.6156E-27

      iter #   1 total cpu time :  1557.2 secs   av.it.:   3.1
      thresh= 1.000E-02 alpha_mix =  0.700 |ddv_scf|^2 =  4.714E-08

     Pert. #  1: Fermi energy shift (Ry) =     3.2739E-02     2.5849E-26

      iter #   2 total cpu time :  1570.0 secs   av.it.:  17.8
      thresh= 2.171E-05 alpha_mix =  0.700 |ddv_scf|^2 =  2.490E-08

     Pert. #  1: Fermi energy shift (Ry) =     1.1521E-02     1.2925E-26

      iter #   3 total cpu time :  1582.7 secs   av.it.:  17.4
      thresh= 1.578E-05 alpha_mix =  0.700 |ddv_scf|^2 =  1.248E-09

     Pert. #  1: Fermi energy shift (Ry) =     1.8046E-02     6.4623E-27

      iter #   4 total cpu time :  1595.5 secs   av.it.:  17.5
      thresh= 3.532E-06 alpha_mix =  0.700 |ddv_scf|^2 =  6.959E-11

     Pert. #  1: Fermi energy shift (Ry) =     1.7044E-02     6.4623E-27

      iter #   5 total cpu time :  1608.5 secs   av.it.:  18.0
      thresh= 8.342E-07 alpha_mix =  0.700 |ddv_scf|^2 =  3.008E-12

     Pert. #  1: Fermi energy shift (Ry) =     1.7008E-02     6.4623E-27

      iter #   6 total cpu time :  1618.8 secs   av.it.:  19.4
      thresh= 1.734E-07 alpha_mix =  0.700 |ddv_scf|^2 =  1.043E-12

     Pert. #  1: Fermi energy shift (Ry) =     1.6951E-02     6.4623E-27

      iter #   7 total cpu time :  1631.2 secs   av.it.:  18.0
      thresh= 1.021E-07 alpha_mix =  0.700 |ddv_scf|^2 =  9.388E-14

     Pert. #  1: Fermi energy shift (Ry) =     1.6963E-02     6.4623E-27

      iter #   8 total cpu time :  1644.8 secs   av.it.:  19.1
      thresh= 3.064E-08 alpha_mix =  0.700 |ddv_scf|^2 =  1.206E-14

     Pert. #  1: Fermi energy shift (Ry) =     1.6969E-02     6.4623E-27

      iter #   9 total cpu time :  1655.7 secs   av.it.:  18.0
      thresh= 1.098E-08 alpha_mix =  0.700 |ddv_scf|^2 =  2.240E-15

     End of self-consistent calculation

     Convergence has been achieved 


     Representation #  17 mode #  17

     Self-consistent Calculation

     Pert. #  1: Fermi energy shift (Ry) =    -1.9276E-02     0.0000E+00

      iter #   1 total cpu time :  1661.5 secs   av.it.:   3.1
      thresh= 1.000E-02 alpha_mix =  0.700 |ddv_scf|^2 =  7.659E-08

     Pert. #  1: Fermi energy shift (Ry) =    -3.4931E-02     0.0000E+00

      iter #   2 total cpu time :  1673.8 secs   av.it.:  17.0
      thresh= 2.768E-05 alpha_mix =  0.700 |ddv_scf|^2 =  7.714E-08

     Pert. #  1: Fermi energy shift (Ry) =    -2.3539E-02     0.0000E+00

      iter #   3 total cpu time :  1684.1 secs   av.it.:  16.4
      thresh= 2.777E-05 alpha_mix =  0.700 |ddv_scf|^2 =  7.705E-10

     Pert. #  1: Fermi energy shift (Ry) =    -2.3299E-02     0.0000E+00

      iter #   4 total cpu time :  1695.4 secs   av.it.:  17.8
      thresh= 2.776E-06 alpha_mix =  0.700 |ddv_scf|^2 =  1.673E-11

     Pert. #  1: Fermi energy shift (Ry) =    -2.3655E-02     0.0000E+00

      iter #   5 total cpu time :  1708.4 secs   av.it.:  18.2
      thresh= 4.091E-07 alpha_mix =  0.700 |ddv_scf|^2 =  4.440E-12

     Pert. #  1: Fermi energy shift (Ry) =    -2.3242E-02     0.0000E+00

      iter #   6 total cpu time :  1718.7 secs   av.it.:  17.9
      thresh= 2.107E-07 alpha_mix =  0.700 |ddv_scf|^2 =  7.376E-13

     Pert. #  1: Fermi energy shift (Ry) =    -2.3371E-02     0.0000E+00

      iter #   7 total cpu time :  1731.7 secs   av.it.:  18.0
      thresh= 8.588E-08 alpha_mix =  0.700 |ddv_scf|^2 =  7.760E-14

     Pert. #  1: Fermi energy shift (Ry) =    -2.3331E-02     0.0000E+00

      iter #   8 total cpu time :  1745.0 secs   av.it.:  18.4
      thresh= 2.786E-08 alpha_mix =  0.700 |ddv_scf|^2 =  3.782E-15

     End of self-consistent calculation

     Convergence has been achieved 


     Representation #  18 mode #  18

     Self-consistent Calculation

     Pert. #  1: Fermi energy shift (Ry) =     2.2750E-01     1.6544E-24

      iter #   1 total cpu time :  1754.3 secs   av.it.:   9.2
      thresh= 1.000E-02 alpha_mix =  0.700 |ddv_scf|^2 =  4.989E-06

     Pert. #  1: Fermi energy shift (Ry) =    -2.4512E-01    -2.0680E-25

      iter #   2 total cpu time :  1767.2 secs   av.it.:  17.8
      thresh= 2.234E-04 alpha_mix =  0.700 |ddv_scf|^2 =  3.273E-06

     Pert. #  1: Fermi energy shift (Ry) =     6.3140E-02     2.5849E-26

      iter #   3 total cpu time :  1779.4 secs   av.it.:  16.5
      thresh= 1.809E-04 alpha_mix =  0.700 |ddv_scf|^2 =  1.633E-07

     Pert. #  1: Fermi energy shift (Ry) =     7.5927E-03     2.0680E-25

      iter #   4 total cpu time :  1792.2 secs   av.it.:  17.9
      thresh= 4.041E-05 alpha_mix =  0.700 |ddv_scf|^2 =  1.288E-08

     Pert. #  1: Fermi energy shift (Ry) =     1.7564E-02     2.0680E-25

      iter #   5 total cpu time :  1804.4 secs   av.it.:  18.0
      thresh= 1.135E-05 alpha_mix =  0.700 |ddv_scf|^2 =  1.071E-09

     Pert. #  1: Fermi energy shift (Ry) =     1.2381E-02     2.0680E-25

      iter #   6 total cpu time :  1817.5 secs   av.it.:  18.4
      thresh= 3.272E-06 alpha_mix =  0.700 |ddv_scf|^2 =  2.047E-10

     Pert. #  1: Fermi energy shift (Ry) =     1.3319E-02     2.0680E-25

      iter #   7 total cpu time :  1828.1 secs   av.it.:  18.0
      thresh= 1.431E-06 alpha_mix =  0.700 |ddv_scf|^2 =  2.559E-11

     Pert. #  1: Fermi energy shift (Ry) =     1.3785E-02     2.0680E-25

      iter #   8 total cpu time :  1841.6 secs   av.it.:  19.0
      thresh= 5.059E-07 alpha_mix =  0.700 |ddv_scf|^2 =  2.608E-12

     Pert. #  1: Fermi energy shift (Ry) =     1.3534E-02     2.0680E-25

      iter #   9 total cpu time :  1852.3 secs   av.it.:  18.8
      thresh= 1.615E-07 alpha_mix =  0.700 |ddv_scf|^2 =  2.306E-13

     Pert. #  1: Fermi energy shift (Ry) =     1.3587E-02     2.0680E-25

      iter #  10 total cpu time :  1865.4 secs   av.it.:  19.1
      thresh= 4.802E-08 alpha_mix =  0.700 |ddv_scf|^2 =  3.127E-14

     Pert. #  1: Fermi energy shift (Ry) =     1.3565E-02     2.0680E-25

      iter #  11 total cpu time :  1878.6 secs   av.it.:  19.0
      thresh= 1.768E-08 alpha_mix =  0.700 |ddv_scf|^2 =  7.996E-15

     End of self-consistent calculation

     Convergence has been achieved 


     Representation #  19 mode #  19

     Self-consistent Calculation

     Pert. #  1: Fermi energy shift (Ry) =     4.6179E-02     1.6544E-24

      iter #   1 total cpu time :  1887.4 secs   av.it.:   8.6
      thresh= 1.000E-02 alpha_mix =  0.700 |ddv_scf|^2 =  3.733E-06

     Pert. #  1: Fermi energy shift (Ry) =    -9.9020E-02    -2.0680E-25

      iter #   2 total cpu time :  1899.2 secs   av.it.:  17.8
      thresh= 1.932E-04 alpha_mix =  0.700 |ddv_scf|^2 =  1.439E-06

     Pert. #  1: Fermi energy shift (Ry) =     4.6155E-02     4.1359E-25

      iter #   3 total cpu time :  1911.4 secs   av.it.:  17.1
      thresh= 1.200E-04 alpha_mix =  0.700 |ddv_scf|^2 =  1.190E-07

     Pert. #  1: Fermi energy shift (Ry) =    -1.4950E-02     4.1359E-25

      iter #   4 total cpu time :  1923.9 secs   av.it.:  17.5
      thresh= 3.450E-05 alpha_mix =  0.700 |ddv_scf|^2 =  1.888E-08

     Pert. #  1: Fermi energy shift (Ry) =     4.6499E-03     4.1359E-25

      iter #   5 total cpu time :  1936.2 secs   av.it.:  17.8
      thresh= 1.374E-05 alpha_mix =  0.700 |ddv_scf|^2 =  1.007E-09

     Pert. #  1: Fermi energy shift (Ry) =     1.5091E-03     4.1359E-25

      iter #   6 total cpu time :  1947.2 secs   av.it.:  18.2
      thresh= 3.173E-06 alpha_mix =  0.700 |ddv_scf|^2 =  8.538E-11

     Pert. #  1: Fermi energy shift (Ry) =     1.5025E-03     4.1359E-25

      iter #   7 total cpu time :  1960.0 secs   av.it.:  18.2
      thresh= 9.240E-07 alpha_mix =  0.700 |ddv_scf|^2 =  1.004E-11

     Pert. #  1: Fermi energy shift (Ry) =     1.6489E-03     4.1359E-25

      iter #   8 total cpu time :  1972.9 secs   av.it.:  18.8
      thresh= 3.168E-07 alpha_mix =  0.700 |ddv_scf|^2 =  3.351E-12

     Pert. #  1: Fermi energy shift (Ry) =     1.5874E-03     4.1359E-25

      iter #   9 total cpu time :  1984.0 secs   av.it.:  17.9
      thresh= 1.831E-07 alpha_mix =  0.700 |ddv_scf|^2 =  1.383E-13

     Pert. #  1: Fermi energy shift (Ry) =     1.6045E-03     4.1359E-25

      iter #  10 total cpu time :  1996.8 secs   av.it.:  19.0
      thresh= 3.719E-08 alpha_mix =  0.700 |ddv_scf|^2 =  1.054E-14

     Pert. #  1: Fermi energy shift (Ry) =     1.5894E-03     4.1359E-25

      iter #  11 total cpu time :  2010.0 secs   av.it.:  19.0
      thresh= 1.027E-08 alpha_mix =  0.700 |ddv_scf|^2 =  3.896E-15

     End of self-consistent calculation

     Convergence has been achieved 


     Representation #  20 mode #  20

     Self-consistent Calculation

     Pert. #  1: Fermi energy shift (Ry) =     4.7442E-02     0.0000E+00

      iter #   1 total cpu time :  2015.8 secs   av.it.:   3.2
      thresh= 1.000E-02 alpha_mix =  0.700 |ddv_scf|^2 =  5.187E-08

     Pert. #  1: Fermi energy shift (Ry) =     3.5456E-02     0.0000E+00

      iter #   2 total cpu time :  2027.8 secs   av.it.:  16.9
      thresh= 2.277E-05 alpha_mix =  0.700 |ddv_scf|^2 =  3.378E-08

     Pert. #  1: Fermi energy shift (Ry) =     3.8471E-02     0.0000E+00

      iter #   3 total cpu time :  2040.1 secs   av.it.:  16.9
      thresh= 1.838E-05 alpha_mix =  0.700 |ddv_scf|^2 =  8.105E-10

     Pert. #  1: Fermi energy shift (Ry) =     3.5192E-02     0.0000E+00

      iter #   4 total cpu time :  2052.0 secs   av.it.:  18.0
      thresh= 2.847E-06 alpha_mix =  0.700 |ddv_scf|^2 =  9.529E-11

     Pert. #  1: Fermi energy shift (Ry) =     3.5433E-02     0.0000E+00

      iter #   5 total cpu time :  2064.7 secs   av.it.:  18.1
      thresh= 9.762E-07 alpha_mix =  0.700 |ddv_scf|^2 =  4.647E-12

     Pert. #  1: Fermi energy shift (Ry) =     3.5172E-02     0.0000E+00

      iter #   6 total cpu time :  2078.0 secs   av.it.:  19.0
      thresh= 2.156E-07 alpha_mix =  0.700 |ddv_scf|^2 =  7.955E-13

     Pert. #  1: Fermi energy shift (Ry) =     3.5332E-02     0.0000E+00

      iter #   7 total cpu time :  2091.0 secs   av.it.:  18.1
      thresh= 8.919E-08 alpha_mix =  0.700 |ddv_scf|^2 =  1.902E-13

     Pert. #  1: Fermi energy shift (Ry) =     3.5242E-02     0.0000E+00

      iter #   8 total cpu time :  2104.2 secs   av.it.:  18.5
      thresh= 4.362E-08 alpha_mix =  0.700 |ddv_scf|^2 =  1.755E-14

     Pert. #  1: Fermi energy shift (Ry) =     3.5257E-02     0.0000E+00

      iter #   9 total cpu time :  2116.4 secs   av.it.:  18.2
      thresh= 1.325E-08 alpha_mix =  0.700 |ddv_scf|^2 =  3.002E-15

     End of self-consistent calculation

     Convergence has been achieved 


     Representation #  21 mode #  21

     Self-consistent Calculation

     Pert. #  1: Fermi energy shift (Ry) =     4.5522E-03    -1.0340E-25

      iter #   1 total cpu time :  2122.0 secs   av.it.:   3.0
      thresh= 1.000E-02 alpha_mix =  0.700 |ddv_scf|^2 =  2.221E-08

     Pert. #  1: Fermi energy shift (Ry) =     3.7873E-03    -1.0340E-25

      iter #   2 total cpu time :  2133.5 secs   av.it.:  15.5
      thresh= 1.490E-05 alpha_mix =  0.700 |ddv_scf|^2 =  5.090E-09

     Pert. #  1: Fermi energy shift (Ry) =    -7.3052E-05    -1.0340E-25

      iter #   3 total cpu time :  2144.4 secs   av.it.:  17.2
      thresh= 7.134E-06 alpha_mix =  0.700 |ddv_scf|^2 =  1.570E-09

     Pert. #  1: Fermi energy shift (Ry) =     4.0736E-03    -1.0340E-25

      iter #   4 total cpu time :  2155.7 secs   av.it.:  16.9
      thresh= 3.962E-06 alpha_mix =  0.700 |ddv_scf|^2 =  2.561E-10

     Pert. #  1: Fermi energy shift (Ry) =     2.1968E-03    -1.0340E-25

      iter #   5 total cpu time :  2165.0 secs   av.it.:  16.5
      thresh= 1.600E-06 alpha_mix =  0.700 |ddv_scf|^2 =  2.148E-12

     Pert. #  1: Fermi energy shift (Ry) =     2.2822E-03    -1.0340E-25

      iter #   6 total cpu time :  2177.8 secs   av.it.:  17.5
      thresh= 1.466E-07 alpha_mix =  0.700 |ddv_scf|^2 =  1.347E-13

     Pert. #  1: Fermi energy shift (Ry) =     2.2392E-03    -1.0340E-25

      iter #   7 total cpu time :  2190.9 secs   av.it.:  18.4
      thresh= 3.670E-08 alpha_mix =  0.700 |ddv_scf|^2 =  3.131E-14

     Pert. #  1: Fermi energy shift (Ry) =     2.2660E-03    -1.0340E-25

      iter #   8 total cpu time :  2203.8 secs   av.it.:  17.6
      thresh= 1.769E-08 alpha_mix =  0.700 |ddv_scf|^2 =  5.762E-15

     End of self-consistent calculation

     Convergence has been achieved 


     Representation #  22 mode #  22

     Self-consistent Calculation

     Pert. #  1: Fermi energy shift (Ry) =    -3.0337E-02    -2.0680E-25

      iter #   1 total cpu time :  2209.5 secs   av.it.:   3.0
      thresh= 1.000E-02 alpha_mix =  0.700 |ddv_scf|^2 =  3.324E-08

     Pert. #  1: Fermi energy shift (Ry) =    -3.4109E-02    -1.0340E-25

      iter #   2 total cpu time :  2221.6 secs   av.it.:  17.1
      thresh= 1.823E-05 alpha_mix =  0.700 |ddv_scf|^2 =  1.261E-08

     Pert. #  1: Fermi energy shift (Ry) =    -2.2468E-02    -5.1699E-26

      iter #   3 total cpu time :  2231.6 secs   av.it.:  17.4
      thresh= 1.123E-05 alpha_mix =  0.700 |ddv_scf|^2 =  7.521E-10

     Pert. #  1: Fermi energy shift (Ry) =    -2.6574E-02    -1.0340E-25

      iter #   4 total cpu time :  2244.1 secs   av.it.:  17.4
      thresh= 2.742E-06 alpha_mix =  0.700 |ddv_scf|^2 =  8.980E-11

     Pert. #  1: Fermi energy shift (Ry) =    -2.5071E-02    -1.0340E-25

      iter #   5 total cpu time :  2256.7 secs   av.it.:  17.4
      thresh= 9.477E-07 alpha_mix =  0.700 |ddv_scf|^2 =  4.351E-12

     Pert. #  1: Fermi energy shift (Ry) =    -2.5382E-02    -1.0340E-25

      iter #   6 total cpu time :  2269.8 secs   av.it.:  18.2
      thresh= 2.086E-07 alpha_mix =  0.700 |ddv_scf|^2 =  3.798E-13

     Pert. #  1: Fermi energy shift (Ry) =    -2.5324E-02    -1.0340E-25

      iter #   7 total cpu time :  2282.7 secs   av.it.:  18.1
      thresh= 6.163E-08 alpha_mix =  0.700 |ddv_scf|^2 =  9.685E-14

     Pert. #  1: Fermi energy shift (Ry) =    -2.5320E-02    -1.0340E-25

      iter #   8 total cpu time :  2293.1 secs   av.it.:  18.0
      thresh= 3.112E-08 alpha_mix =  0.700 |ddv_scf|^2 =  1.150E-14

     Pert. #  1: Fermi energy shift (Ry) =    -2.5325E-02    -1.0340E-25

      iter #   9 total cpu time :  2306.1 secs   av.it.:  18.1
      thresh= 1.072E-08 alpha_mix =  0.700 |ddv_scf|^2 =  2.406E-16

     End of self-consistent calculation

     Convergence has been achieved 


     Representation #  23 mode #  23

     Self-consistent Calculation

     Pert. #  1: Fermi energy shift (Ry) =     1.8085E-02    -5.1699E-26

      iter #   1 total cpu time :  2312.0 secs   av.it.:   3.2
      thresh= 1.000E-02 alpha_mix =  0.700 |ddv_scf|^2 =  8.919E-08

     Pert. #  1: Fermi energy shift (Ry) =    -4.4468E-02     5.1699E-26

      iter #   2 total cpu time :  2322.9 secs   av.it.:  17.5
      thresh= 2.987E-05 alpha_mix =  0.700 |ddv_scf|^2 =  1.048E-07

     Pert. #  1: Fermi energy shift (Ry) =     6.7478E-04     1.6156E-27

      iter #   3 total cpu time :  2334.9 secs   av.it.:  16.1
      thresh= 3.238E-05 alpha_mix =  0.700 |ddv_scf|^2 =  9.246E-10

     Pert. #  1: Fermi energy shift (Ry) =    -5.0414E-03     6.4623E-27

      iter #   4 total cpu time :  2347.7 secs   av.it.:  17.9
      thresh= 3.041E-06 alpha_mix =  0.700 |ddv_scf|^2 =  4.449E-11

     Pert. #  1: Fermi energy shift (Ry) =    -4.4509E-03     1.2925E-26

      iter #   5 total cpu time :  2360.8 secs   av.it.:  18.1
      thresh= 6.670E-07 alpha_mix =  0.700 |ddv_scf|^2 =  4.439E-12

     Pert. #  1: Fermi energy shift (Ry) =    -4.3415E-03     6.4623E-27

      iter #   6 total cpu time :  2374.3 secs   av.it.:  18.9
      thresh= 2.107E-07 alpha_mix =  0.700 |ddv_scf|^2 =  2.484E-13

     Pert. #  1: Fermi energy shift (Ry) =    -4.3258E-03     1.2925E-26

      iter #   7 total cpu time :  2388.3 secs   av.it.:  19.6
      thresh= 4.984E-08 alpha_mix =  0.700 |ddv_scf|^2 =  5.872E-14

     Pert. #  1: Fermi energy shift (Ry) =    -4.3513E-03     1.2925E-26

      iter #   8 total cpu time :  2401.3 secs   av.it.:  18.6
      thresh= 2.423E-08 alpha_mix =  0.700 |ddv_scf|^2 =  1.311E-14

     Pert. #  1: Fermi energy shift (Ry) =    -4.3421E-03     1.2925E-26

      iter #   9 total cpu time :  2413.7 secs   av.it.:  18.1
      thresh= 1.145E-08 alpha_mix =  0.700 |ddv_scf|^2 =  4.712E-16

     End of self-consistent calculation

     Convergence has been achieved 


     Representation #  24 mode #  24

     Self-consistent Calculation

     Pert. #  1: Fermi energy shift (Ry) =    -2.3775E-02     0.0000E+00

      iter #   1 total cpu time :  2419.6 secs   av.it.:   3.2
      thresh= 1.000E-02 alpha_mix =  0.700 |ddv_scf|^2 =  5.068E-08

     Pert. #  1: Fermi energy shift (Ry) =    -1.0200E-02     0.0000E+00

      iter #   2 total cpu time :  2432.2 secs   av.it.:  17.6
      thresh= 2.251E-05 alpha_mix =  0.700 |ddv_scf|^2 =  2.922E-08

     Pert. #  1: Fermi energy shift (Ry) =    -1.1704E-02     0.0000E+00

      iter #   3 total cpu time :  2444.6 secs   av.it.:  17.2
      thresh= 1.709E-05 alpha_mix =  0.700 |ddv_scf|^2 =  1.292E-09

     Pert. #  1: Fermi energy shift (Ry) =    -1.2775E-02     0.0000E+00

      iter #   4 total cpu time :  2455.5 secs   av.it.:  17.6
      thresh= 3.595E-06 alpha_mix =  0.700 |ddv_scf|^2 =  5.439E-11

     Pert. #  1: Fermi energy shift (Ry) =    -1.2981E-02     0.0000E+00

      iter #   5 total cpu time :  2467.8 secs   av.it.:  18.5
      thresh= 7.375E-07 alpha_mix =  0.700 |ddv_scf|^2 =  3.807E-12

     Pert. #  1: Fermi energy shift (Ry) =    -1.2609E-02     0.0000E+00

      iter #   6 total cpu time :  2481.2 secs   av.it.:  18.9
      thresh= 1.951E-07 alpha_mix =  0.700 |ddv_scf|^2 =  7.578E-13

     Pert. #  1: Fermi energy shift (Ry) =    -1.2775E-02     0.0000E+00

      iter #   7 total cpu time :  2494.5 secs   av.it.:  18.6
      thresh= 8.705E-08 alpha_mix =  0.700 |ddv_scf|^2 =  1.555E-13

     Pert. #  1: Fermi energy shift (Ry) =    -1.2730E-02     0.0000E+00

      iter #   8 total cpu time :  2507.8 secs   av.it.:  18.6
      thresh= 3.943E-08 alpha_mix =  0.700 |ddv_scf|^2 =  2.328E-14

     Pert. #  1: Fermi energy shift (Ry) =    -1.2741E-02     0.0000E+00

      iter #   9 total cpu time :  2521.0 secs   av.it.:  18.1
      thresh= 1.526E-08 alpha_mix =  0.700 |ddv_scf|^2 =  2.006E-15

     End of self-consistent calculation

     Convergence has been achieved 


     Representation #  25 mode #  25

     Self-consistent Calculation

     Pert. #  1: Fermi energy shift (Ry) =     0.0000E+00     0.0000E+00

      iter #   1 total cpu time :  2526.3 secs   av.it.:   2.4
      thresh= 1.000E-02 alpha_mix =  0.700 |ddv_scf|^2 =  5.297E-09

     Pert. #  1: Fermi energy shift (Ry) =     0.0000E+00     0.0000E+00

      iter #   2 total cpu time :  2536.8 secs   av.it.:  14.0
      thresh= 7.278E-06 alpha_mix =  0.700 |ddv_scf|^2 =  9.370E-11

     Pert. #  1: Fermi energy shift (Ry) =     0.0000E+00     0.0000E+00

      iter #   3 total cpu time :  2548.6 secs   av.it.:  15.9
      thresh= 9.680E-07 alpha_mix =  0.700 |ddv_scf|^2 =  3.954E-12

     Pert. #  1: Fermi energy shift (Ry) =     0.0000E+00     0.0000E+00

      iter #   4 total cpu time :  2558.6 secs   av.it.:  16.2
      thresh= 1.988E-07 alpha_mix =  0.700 |ddv_scf|^2 =  1.053E-13

     Pert. #  1: Fermi energy shift (Ry) =     0.0000E+00     0.0000E+00

      iter #   5 total cpu time :  2570.5 secs   av.it.:  16.2
      thresh= 3.245E-08 alpha_mix =  0.700 |ddv_scf|^2 =  6.010E-16

     End of self-consistent calculation

     Convergence has been achieved 


     Representation #  26 mode #  26

     Self-consistent Calculation

     Pert. #  1: Fermi energy shift (Ry) =     0.0000E+00     0.0000E+00

      iter #   1 total cpu time :  2575.7 secs   av.it.:   2.5
      thresh= 1.000E-02 alpha_mix =  0.700 |ddv_scf|^2 =  5.783E-09

     Pert. #  1: Fermi energy shift (Ry) =     0.0000E+00     0.0000E+00

      iter #   2 total cpu time :  2586.1 secs   av.it.:  13.5
      thresh= 7.605E-06 alpha_mix =  0.700 |ddv_scf|^2 =  9.575E-11

     Pert. #  1: Fermi energy shift (Ry) =     0.0000E+00     0.0000E+00

      iter #   3 total cpu time :  2597.8 secs   av.it.:  15.9
      thresh= 9.785E-07 alpha_mix =  0.700 |ddv_scf|^2 =  4.132E-12

     Pert. #  1: Fermi energy shift (Ry) =     0.0000E+00     0.0000E+00

      iter #   4 total cpu time :  2609.7 secs   av.it.:  16.1
      thresh= 2.033E-07 alpha_mix =  0.700 |ddv_scf|^2 =  1.195E-13

     Pert. #  1: Fermi energy shift (Ry) =     0.0000E+00     0.0000E+00

      iter #   5 total cpu time :  2621.4 secs   av.it.:  16.4
      thresh= 3.457E-08 alpha_mix =  0.700 |ddv_scf|^2 =  7.503E-16

     End of self-consistent calculation

     Convergence has been achieved 


     Representation #  27 mode #  27

     Self-consistent Calculation

     Pert. #  1: Fermi energy shift (Ry) =     0.0000E+00     0.0000E+00

      iter #   1 total cpu time :  2626.6 secs   av.it.:   2.1
      thresh= 1.000E-02 alpha_mix =  0.700 |ddv_scf|^2 =  4.651E-09

     Pert. #  1: Fermi energy shift (Ry) =     0.0000E+00     0.0000E+00

      iter #   2 total cpu time :  2636.6 secs   av.it.:  13.1
      thresh= 6.820E-06 alpha_mix =  0.700 |ddv_scf|^2 =  9.299E-11

     Pert. #  1: Fermi energy shift (Ry) =     0.0000E+00     0.0000E+00

      iter #   3 total cpu time :  2647.9 secs   av.it.:  15.6
      thresh= 9.643E-07 alpha_mix =  0.700 |ddv_scf|^2 =  3.760E-12

     Pert. #  1: Fermi energy shift (Ry) =     0.0000E+00     0.0000E+00

      iter #   4 total cpu time :  2659.5 secs   av.it.:  16.0
      thresh= 1.939E-07 alpha_mix =  0.700 |ddv_scf|^2 =  8.931E-14

     Pert. #  1: Fermi energy shift (Ry) =     0.0000E+00     0.0000E+00

      iter #   5 total cpu time :  2671.2 secs   av.it.:  16.2
      thresh= 2.988E-08 alpha_mix =  0.700 |ddv_scf|^2 =  6.157E-16

     End of self-consistent calculation

     Convergence has been achieved 


     Representation #  28 mode #  28

     Self-consistent Calculation

     Pert. #  1: Fermi energy shift (Ry) =     0.0000E+00     0.0000E+00

      iter #   1 total cpu time :  2676.4 secs   av.it.:   2.4
      thresh= 1.000E-02 alpha_mix =  0.700 |ddv_scf|^2 =  4.450E-09

     Pert. #  1: Fermi energy shift (Ry) =     0.0000E+00     0.0000E+00

      iter #   2 total cpu time :  2686.9 secs   av.it.:  13.5
      thresh= 6.671E-06 alpha_mix =  0.700 |ddv_scf|^2 =  9.678E-11

     Pert. #  1: Fermi energy shift (Ry) =     0.0000E+00     0.0000E+00

      iter #   3 total cpu time :  2698.6 secs   av.it.:  15.8
      thresh= 9.838E-07 alpha_mix =  0.700 |ddv_scf|^2 =  3.615E-12

     Pert. #  1: Fermi energy shift (Ry) =     0.0000E+00     0.0000E+00

      iter #   4 total cpu time :  2710.5 secs   av.it.:  16.0
      thresh= 1.901E-07 alpha_mix =  0.700 |ddv_scf|^2 =  1.003E-13

     Pert. #  1: Fermi energy shift (Ry) =     0.0000E+00     0.0000E+00

      iter #   5 total cpu time :  2722.2 secs   av.it.:  16.2
      thresh= 3.167E-08 alpha_mix =  0.700 |ddv_scf|^2 =  6.554E-16

     End of self-consistent calculation

     Convergence has been achieved 


     Representation #  29 mode #  29

     Self-consistent Calculation

     Pert. #  1: Fermi energy shift (Ry) =     0.0000E+00     0.0000E+00

      iter #   1 total cpu time :  2729.5 secs   av.it.:   5.8
      thresh= 1.000E-02 alpha_mix =  0.700 |ddv_scf|^2 =  8.460E-07

     Pert. #  1: Fermi energy shift (Ry) =     0.0000E+00     0.0000E+00

      iter #   2 total cpu time :  2740.3 secs   av.it.:  13.8
      thresh= 9.198E-05 alpha_mix =  0.700 |ddv_scf|^2 =  3.531E-08

     Pert. #  1: Fermi energy shift (Ry) =     0.0000E+00     0.0000E+00

      iter #   3 total cpu time :  2751.7 secs   av.it.:  15.2
      thresh= 1.879E-05 alpha_mix =  0.700 |ddv_scf|^2 =  1.677E-09

     Pert. #  1: Fermi energy shift (Ry) =     0.0000E+00     0.0000E+00

      iter #   4 total cpu time :  2761.7 secs   av.it.:  14.9
      thresh= 4.096E-06 alpha_mix =  0.700 |ddv_scf|^2 =  1.820E-11

     Pert. #  1: Fermi energy shift (Ry) =     0.0000E+00     0.0000E+00

      iter #   5 total cpu time :  2770.8 secs   av.it.:  16.1
      thresh= 4.266E-07 alpha_mix =  0.700 |ddv_scf|^2 =  1.900E-13

     Pert. #  1: Fermi energy shift (Ry) =     0.0000E+00     0.0000E+00

      iter #   6 total cpu time :  2783.1 secs   av.it.:  16.8
      thresh= 4.358E-08 alpha_mix =  0.700 |ddv_scf|^2 =  2.194E-15

     End of self-consistent calculation

     Convergence has been achieved 


     Representation #  30 mode #  30

     Self-consistent Calculation

     Pert. #  1: Fermi energy shift (Ry) =     0.0000E+00     0.0000E+00

      iter #   1 total cpu time :  2790.6 secs   av.it.:   6.5
      thresh= 1.000E-02 alpha_mix =  0.700 |ddv_scf|^2 =  8.577E-07

     Pert. #  1: Fermi energy shift (Ry) =     0.0000E+00     0.0000E+00

      iter #   2 total cpu time :  2801.5 secs   av.it.:  14.6
      thresh= 9.261E-05 alpha_mix =  0.700 |ddv_scf|^2 =  3.560E-08

     Pert. #  1: Fermi energy shift (Ry) =     0.0000E+00     0.0000E+00

      iter #   3 total cpu time :  2812.9 secs   av.it.:  15.6
      thresh= 1.887E-05 alpha_mix =  0.700 |ddv_scf|^2 =  1.725E-09

     Pert. #  1: Fermi energy shift (Ry) =     0.0000E+00     0.0000E+00

      iter #   4 total cpu time :  2824.2 secs   av.it.:  15.2
      thresh= 4.154E-06 alpha_mix =  0.700 |ddv_scf|^2 =  2.143E-11

     Pert. #  1: Fermi energy shift (Ry) =     0.0000E+00     0.0000E+00

      iter #   5 total cpu time :  2836.2 secs   av.it.:  16.6
      thresh= 4.630E-07 alpha_mix =  0.700 |ddv_scf|^2 =  1.737E-13

     Pert. #  1: Fermi energy shift (Ry) =     0.0000E+00     0.0000E+00

      iter #   6 total cpu time :  2848.4 secs   av.it.:  17.2
      thresh= 4.168E-08 alpha_mix =  0.700 |ddv_scf|^2 =  1.947E-15

     End of self-consistent calculation

     Convergence has been achieved 


     Representation #  31 mode #  31

     Self-consistent Calculation

     Pert. #  1: Fermi energy shift (Ry) =     0.0000E+00     0.0000E+00

      iter #   1 total cpu time :  2853.4 secs   av.it.:   1.9
      thresh= 1.000E-02 alpha_mix =  0.700 |ddv_scf|^2 =  3.144E-09

     Pert. #  1: Fermi energy shift (Ry) =     0.0000E+00     0.0000E+00

      iter #   2 total cpu time :  2863.1 secs   av.it.:  12.9
      thresh= 5.607E-06 alpha_mix =  0.700 |ddv_scf|^2 =  9.897E-11

     Pert. #  1: Fermi energy shift (Ry) =     0.0000E+00     0.0000E+00

      iter #   3 total cpu time :  2874.3 secs   av.it.:  15.2
      thresh= 9.948E-07 alpha_mix =  0.700 |ddv_scf|^2 =  2.733E-12

     Pert. #  1: Fermi energy shift (Ry) =     0.0000E+00     0.0000E+00

      iter #   4 total cpu time :  2885.9 secs   av.it.:  16.0
      thresh= 1.653E-07 alpha_mix =  0.700 |ddv_scf|^2 =  7.406E-14

     Pert. #  1: Fermi energy shift (Ry) =     0.0000E+00     0.0000E+00

      iter #   5 total cpu time :  2897.2 secs   av.it.:  15.8
      thresh= 2.721E-08 alpha_mix =  0.700 |ddv_scf|^2 =  6.623E-16

     End of self-consistent calculation

     Convergence has been achieved 


     Representation #  32 mode #  32

     Self-consistent Calculation

     Pert. #  1: Fermi energy shift (Ry) =     0.0000E+00     0.0000E+00

      iter #   1 total cpu time :  2902.3 secs   av.it.:   2.0
      thresh= 1.000E-02 alpha_mix =  0.700 |ddv_scf|^2 =  4.037E-09

     Pert. #  1: Fermi energy shift (Ry) =     0.0000E+00     0.0000E+00

      iter #   2 total cpu time :  2912.6 secs   av.it.:  14.0
      thresh= 6.354E-06 alpha_mix =  0.700 |ddv_scf|^2 =  9.607E-11

     Pert. #  1: Fermi energy shift (Ry) =     0.0000E+00     0.0000E+00

      iter #   3 total cpu time :  2923.0 secs   av.it.:  16.0
      thresh= 9.802E-07 alpha_mix =  0.700 |ddv_scf|^2 =  3.427E-12

     Pert. #  1: Fermi energy shift (Ry) =     0.0000E+00     0.0000E+00

      iter #   4 total cpu time :  2934.8 secs   av.it.:  16.4
      thresh= 1.851E-07 alpha_mix =  0.700 |ddv_scf|^2 =  8.419E-14

     Pert. #  1: Fermi energy shift (Ry) =     0.0000E+00     0.0000E+00

      iter #   5 total cpu time :  2946.7 secs   av.it.:  16.5
      thresh= 2.902E-08 alpha_mix =  0.700 |ddv_scf|^2 =  4.454E-16

     End of self-consistent calculation

     Convergence has been achieved 


     Representation #  33 mode #  33

     Self-consistent Calculation

     Pert. #  1: Fermi energy shift (Ry) =     0.0000E+00     0.0000E+00

      iter #   1 total cpu time :  2954.2 secs   av.it.:   6.2
      thresh= 1.000E-02 alpha_mix =  0.700 |ddv_scf|^2 =  8.461E-07

     Pert. #  1: Fermi energy shift (Ry) =     0.0000E+00     0.0000E+00

      iter #   2 total cpu time :  2965.1 secs   av.it.:  14.6
      thresh= 9.199E-05 alpha_mix =  0.700 |ddv_scf|^2 =  3.573E-08

     Pert. #  1: Fermi energy shift (Ry) =     0.0000E+00     0.0000E+00

      iter #   3 total cpu time :  2976.7 secs   av.it.:  15.5
      thresh= 1.890E-05 alpha_mix =  0.700 |ddv_scf|^2 =  1.644E-09

     Pert. #  1: Fermi energy shift (Ry) =     0.0000E+00     0.0000E+00

      iter #   4 total cpu time :  2986.1 secs   av.it.:  15.1
      thresh= 4.054E-06 alpha_mix =  0.700 |ddv_scf|^2 =  2.195E-11

     Pert. #  1: Fermi energy shift (Ry) =     0.0000E+00     0.0000E+00

      iter #   5 total cpu time :  2998.2 secs   av.it.:  16.4
      thresh= 4.685E-07 alpha_mix =  0.700 |ddv_scf|^2 =  1.582E-13

     Pert. #  1: Fermi energy shift (Ry) =     0.0000E+00     0.0000E+00

      iter #   6 total cpu time :  3010.7 secs   av.it.:  17.1
      thresh= 3.977E-08 alpha_mix =  0.700 |ddv_scf|^2 =  1.990E-15

     End of self-consistent calculation

     Convergence has been achieved 


     Representation #  34 mode #  34

     Self-consistent Calculation

     Pert. #  1: Fermi energy shift (Ry) =     0.0000E+00     0.0000E+00

      iter #   1 total cpu time :  3016.0 secs   av.it.:   2.5
      thresh= 1.000E-02 alpha_mix =  0.700 |ddv_scf|^2 =  5.107E-09

     Pert. #  1: Fermi energy shift (Ry) =     0.0000E+00     0.0000E+00

      iter #   2 total cpu time :  3026.1 secs   av.it.:  12.9
      thresh= 7.146E-06 alpha_mix =  0.700 |ddv_scf|^2 =  9.397E-11

     Pert. #  1: Fermi energy shift (Ry) =     0.0000E+00     0.0000E+00

      iter #   3 total cpu time :  3037.5 secs   av.it.:  15.4
      thresh= 9.694E-07 alpha_mix =  0.700 |ddv_scf|^2 =  3.650E-12

     Pert. #  1: Fermi energy shift (Ry) =     0.0000E+00     0.0000E+00

      iter #   4 total cpu time :  3048.7 secs   av.it.:  16.1
      thresh= 1.910E-07 alpha_mix =  0.700 |ddv_scf|^2 =  8.911E-14

     Pert. #  1: Fermi energy shift (Ry) =     0.0000E+00     0.0000E+00

      iter #   5 total cpu time :  3058.2 secs   av.it.:  15.9
      thresh= 2.985E-08 alpha_mix =  0.700 |ddv_scf|^2 =  8.556E-16

     End of self-consistent calculation

     Convergence has been achieved 


     Representation #  35 mode #  35

     Self-consistent Calculation

     Pert. #  1: Fermi energy shift (Ry) =     0.0000E+00     0.0000E+00

      iter #   1 total cpu time :  3063.2 secs   av.it.:   2.2
      thresh= 1.000E-02 alpha_mix =  0.700 |ddv_scf|^2 =  4.270E-09

     Pert. #  1: Fermi energy shift (Ry) =     0.0000E+00     0.0000E+00

      iter #   2 total cpu time :  3073.4 secs   av.it.:  13.4
      thresh= 6.534E-06 alpha_mix =  0.700 |ddv_scf|^2 =  9.662E-11

     Pert. #  1: Fermi energy shift (Ry) =     0.0000E+00     0.0000E+00

      iter #   3 total cpu time :  3084.8 secs   av.it.:  15.6
      thresh= 9.830E-07 alpha_mix =  0.700 |ddv_scf|^2 =  3.605E-12

     Pert. #  1: Fermi energy shift (Ry) =     0.0000E+00     0.0000E+00

      iter #   4 total cpu time :  3095.3 secs   av.it.:  16.2
      thresh= 1.899E-07 alpha_mix =  0.700 |ddv_scf|^2 =  1.008E-13

     Pert. #  1: Fermi energy shift (Ry) =     0.0000E+00     0.0000E+00

      iter #   5 total cpu time :  3107.0 secs   av.it.:  16.2
      thresh= 3.176E-08 alpha_mix =  0.700 |ddv_scf|^2 =  7.420E-16

     End of self-consistent calculation

     Convergence has been achieved 


     Representation #  36 mode #  36

     Self-consistent Calculation

     Pert. #  1: Fermi energy shift (Ry) =     0.0000E+00     0.0000E+00

      iter #   1 total cpu time :  3112.0 secs   av.it.:   1.6
      thresh= 1.000E-02 alpha_mix =  0.700 |ddv_scf|^2 =  1.755E-08

     Pert. #  1: Fermi energy shift (Ry) =     0.0000E+00     0.0000E+00

      iter #   2 total cpu time :  3118.3 secs   av.it.:   8.9
      thresh= 1.325E-05 alpha_mix =  0.700 |ddv_scf|^2 =  1.539E-09

     Pert. #  1: Fermi energy shift (Ry) =     0.0000E+00     0.0000E+00

      iter #   3 total cpu time :  3124.9 secs   av.it.:  10.4
      thresh= 3.922E-06 alpha_mix =  0.700 |ddv_scf|^2 =  8.682E-13

     Pert. #  1: Fermi energy shift (Ry) =     0.0000E+00     0.0000E+00

      iter #   4 total cpu time :  3136.8 secs   av.it.:  16.1
      thresh= 9.318E-08 alpha_mix =  0.700 |ddv_scf|^2 =  1.146E-14

     Pert. #  1: Fermi energy shift (Ry) =     0.0000E+00     0.0000E+00

      iter #   5 total cpu time :  3148.9 secs   av.it.:  16.8
      thresh= 1.070E-08 alpha_mix =  0.700 |ddv_scf|^2 =  4.752E-16

     End of self-consistent calculation

     Convergence has been achieved 

     Number of q in the star =    1
     List of q in the star:
          1   0.000000000   0.000000000   0.000000000

     Diagonalizing the dynamical matrix

     q = (    0.000000000   0.000000000   0.000000000 ) 

 **************************************************************************
     freq (    1) =      -4.715159 [THz] =    -157.280776 [cm-1]
     freq (    2) =       0.509754 [THz] =      17.003559 [cm-1]
     freq (    3) =       2.741321 [THz] =      91.440640 [cm-1]
     freq (    4) =      10.133706 [THz] =     338.024035 [cm-1]
     freq (    5) =      12.076318 [THz] =     402.822619 [cm-1]
     freq (    6) =      14.583272 [THz] =     486.445598 [cm-1]
     freq (    7) =      14.786116 [THz] =     493.211741 [cm-1]
     freq (    8) =      15.486803 [THz] =     516.584134 [cm-1]
     freq (    9) =      17.630380 [THz] =     588.086188 [cm-1]
     freq (   10) =      17.852620 [THz] =     595.499303 [cm-1]
     freq (   11) =      19.196506 [THz] =     640.326503 [cm-1]
     freq (   12) =      20.252855 [THz] =     675.562517 [cm-1]
     freq (   13) =      20.361343 [THz] =     679.181284 [cm-1]
     freq (   14) =      22.263034 [THz] =     742.614871 [cm-1]
     freq (   15) =      22.508786 [THz] =     750.812268 [cm-1]
     freq (   16) =      23.663145 [THz] =     789.317567 [cm-1]
     freq (   17) =      24.274590 [THz] =     809.713164 [cm-1]
     freq (   18) =      25.372874 [THz] =     846.347969 [cm-1]
     freq (   19) =      26.161602 [THz] =     872.657098 [cm-1]
     freq (   20) =      26.185961 [THz] =     873.469628 [cm-1]
     freq (   21) =      26.544456 [THz] =     885.427730 [cm-1]
     freq (   22) =      27.371689 [THz] =     913.021258 [cm-1]
     freq (   23) =      27.507873 [THz] =     917.563878 [cm-1]
     freq (   24) =      29.619811 [THz] =     988.010558 [cm-1]
     freq (   25) =      30.207299 [THz] =    1007.607033 [cm-1]
     freq (   26) =      30.813969 [THz] =    1027.843368 [cm-1]
     freq (   27) =      32.888650 [THz] =    1097.047283 [cm-1]
     freq (   28) =      33.436515 [THz] =    1115.322089 [cm-1]
     freq (   29) =      34.126733 [THz] =    1138.345291 [cm-1]
     freq (   30) =      36.511717 [THz] =    1217.899795 [cm-1]
     freq (   31) =      37.471882 [THz] =    1249.927450 [cm-1]
     freq (   32) =      39.774780 [THz] =    1326.743841 [cm-1]
     freq (   33) =      40.005061 [THz] =    1334.425186 [cm-1]
     freq (   34) =      43.564686 [THz] =    1453.161523 [cm-1]
     freq (   35) =      46.474591 [THz] =    1550.225479 [cm-1]
     freq (   36) =      49.667934 [THz] =    1656.743946 [cm-1]
 **************************************************************************

     Mode symmetry, C_s (m)     point group:

     freq (   1-   1) =       -157.3  [cm-1]   --> A''             I+R
     freq (   2-   2) =         17.0  [cm-1]   --> A'              I+R
     freq (   3-   3) =         91.4  [cm-1]   --> A'              I+R
     freq (   4-   4) =        338.0  [cm-1]   --> A''             I+R
     freq (   5-   5) =        402.8  [cm-1]   --> A'              I+R
     freq (   6-   6) =        486.4  [cm-1]   --> A'              I+R
     freq (   7-   7) =        493.2  [cm-1]   --> A''             I+R
     freq (   8-   8) =        516.6  [cm-1]   --> A'              I+R
     freq (   9-   9) =        588.1  [cm-1]   --> A'              I+R
     freq (  10-  10) =        595.5  [cm-1]   --> A'              I+R
     freq (  11-  11) =        640.3  [cm-1]   --> A''             I+R
     freq (  12-  12) =        675.6  [cm-1]   --> A''             I+R
     freq (  13-  13) =        679.2  [cm-1]   --> A'              I+R
     freq (  14-  14) =        742.6  [cm-1]   --> A''             I+R
     freq (  15-  15) =        750.8  [cm-1]   --> A''             I+R
     freq (  16-  16) =        789.3  [cm-1]   --> A'              I+R
     freq (  17-  17) =        809.7  [cm-1]   --> A'              I+R
     freq (  18-  18) =        846.3  [cm-1]   --> A'              I+R
     freq (  19-  19) =        872.7  [cm-1]   --> A''             I+R
     freq (  20-  20) =        873.5  [cm-1]   --> A'              I+R
     freq (  21-  21) =        885.4  [cm-1]   --> A'              I+R
     freq (  22-  22) =        913.0  [cm-1]   --> A'              I+R
     freq (  23-  23) =        917.6  [cm-1]   --> A''             I+R
     freq (  24-  24) =        988.0  [cm-1]   --> A'              I+R
     freq (  25-  25) =       1007.6  [cm-1]   --> A'              I+R
     freq (  26-  26) =       1027.8  [cm-1]   --> A'              I+R
     freq (  27-  27) =       1097.0  [cm-1]   --> A'              I+R
     freq (  28-  28) =       1115.3  [cm-1]   --> A''             I+R
     freq (  29-  29) =       1138.3  [cm-1]   --> A'              I+R
     freq (  30-  30) =       1217.9  [cm-1]   --> A'              I+R
     freq (  31-  31) =       1249.9  [cm-1]   --> A''             I+R
     freq (  32-  32) =       1326.7  [cm-1]   --> A''             I+R
     freq (  33-  33) =       1334.4  [cm-1]   --> A'              I+R
     freq (  34-  34) =       1453.2  [cm-1]   --> A'              I+R
     freq (  35-  35) =       1550.2  [cm-1]   --> A'              I+R
     freq (  36-  36) =       1656.7  [cm-1]   --> A'              I+R

     Calculation of q =    0.0000000  -0.0036650  -0.2565919

     Subspace diagonalization in iterative solution of the eigenvalue problem:
     a serial algorithm will be used


     Parallelization info
     --------------------
     sticks:   dense  smooth     PW     G-vecs:    dense   smooth      PW
     Min         925     461    147                47339    16770    2905
     Max         926     464    148                47342    16771    2906
     Sum        1851     925    295                94681    33541    5811


     Title: 
     Phonons                                                                    


     bravais-lattice index     =            0
     lattice parameter (alat)  =       6.1899  a.u.
     unit-cell volume          =     701.2408 (a.u.)^3
     number of atoms/cell      =           12
     number of atomic types    =            3
     number of electrons       =        39.00
     number of Kohn-Sham states=           24
     kinetic-energy cutoff     =      50.0000  Ry
     charge density cutoff     =     400.0000  Ry
     Exchange-correlation= PBE
                           (   1   4   3   4   0   0   0)

     celldm(1)=   6.189943  celldm(2)=   0.000000  celldm(3)=   0.000000
     celldm(4)=   0.000000  celldm(5)=   0.000000  celldm(6)=   0.000000

     crystal axes: (cart. coord. in units of alat)
               a(1) = (   0.970433   0.000000   0.000000 )  
               a(2) = (   0.000000   1.563559  -0.022333 )  
               a(3) = (   0.000000  -0.021162   1.948922 )  

     reciprocal axes: (cart. coord. in units 2 pi/alat)
               b(1) = (  1.030467 -0.000000 -0.000000 )  
               b(2) = ( -0.000000  0.639666  0.006946 )  
               b(3) = ( -0.000000  0.007330  0.513184 )  


     PseudoPot. # 1 for H  read from file:
     /home/marco/ZOS_Cloud_Compute/pseudo/H.UPF
     MD5 check sum: 850d63dcbcc06c5de8b44e0ab9f952da
     Pseudo is Projector augmented-wave, Zval =  1.0
     Generated using "atomic" code by A. Dal Corso  v.5.1.2
     Shape of augmentation charge: PSQ
     Using radial grid of  929 points,  2 beta functions with: 
                l(1) =   0
                l(2) =   0
     Q(r) pseudized with 0 coefficients 


     PseudoPot. # 2 for Li read from file:
     /home/marco/ZOS_Cloud_Compute/pseudo/Li.UPF
     MD5 check sum: 057edeeab9105e5446fd9e29ea3f9c2f
     Pseudo is Ultrasoft + core correction, Zval =  1.0
     Generated by new atomic code, or converted to UPF format
     Using radial grid of  751 points,  2 beta functions with: 
                l(1) =   1
                l(2) =   1
     Q(r) pseudized with  8 coefficients,  rinner =    1.000   1.000   1.000


     PseudoPot. # 3 for Mg read from file:
     /home/marco/ZOS_Cloud_Compute/pseudo/Mg.UPF
     MD5 check sum: a77e51077e70c6c73445c6cac60d158f
     Pseudo is Projector augmented-wave + core cor, Zval = 10.0
     Generated using ATOMPAW code
     Shape of augmentation charge: BESSEL
     Using radial grid of 1171 points,  6 beta functions with: 
                l(1) =   0
                l(2) =   0
                l(3) =   0
                l(4) =   0
                l(5) =   1
                l(6) =   1
     Q(r) pseudized with 0 coefficients 


     atomic species   valence    mass     pseudopotential
        H              1.00     1.00000     H ( 1.00)
        Li             1.00     1.00000     Li( 1.00)
        Mg            10.00     1.00000     Mg( 1.00)

      2 Sym. Ops. (no inversion) found



   Cartesian axes

     site n.     atom                  positions (alat units)
         1           Li  tau(   1) = (   0.2426083   1.1700921   1.1475126  )
         2           Mg  tau(   2) = (   0.7278251   0.3608938   0.7855447  )
         3           Mg  tau(   3) = (   0.2426083   0.3749426   1.7175203  )
         4           Mg  tau(   4) = (   0.7278251   1.1491359   0.1741565  )
         5           H   tau(   5) = (   0.2426083   0.7645702   0.2771469  )
         6           H   tau(   6) = (   0.7278251   0.7462751   1.6571730  )
         7           H   tau(   7) = (   0.2426086   1.5086832   0.6310365  )
         8           H   tau(   8) = (   0.7278251   0.0859669   1.3444690  )
         9           H   tau(   9) = (   0.7278251   0.9937111   0.7876607  )
        10           H   tau(  10) = (   0.2426083   0.5750460   1.0848213  )
        11           H   tau(  11) = (   0.7278251   0.1888717   0.2038744  )
        12           H   tau(  12) = (   0.2426086   1.3361920   1.7486166  )

     number of k points=    16  Methfessel-Paxton smearing, width (Ry)=  0.0200
                       cart. coord. in units 2pi/alat
        k(    1) = (   0.0000000   0.0000000   0.0000000), wk =   0.2500000
        k(    2) = (   0.0000000  -0.0036650  -0.2565919), wk =   0.0000000
        k(    3) = (   0.0000000  -0.0036650  -0.2565919), wk =   0.2500000
        k(    4) = (   0.0000000  -0.0073300  -0.5131837), wk =   0.0000000
        k(    5) = (   0.0000000  -0.3198328  -0.0034729), wk =   0.2500000
        k(    6) = (   0.0000000  -0.3234978  -0.2600648), wk =   0.0000000
        k(    7) = (   0.0000000  -0.3234978  -0.2600648), wk =   0.2500000
        k(    8) = (   0.0000000  -0.3271629  -0.5166566), wk =   0.0000000
        k(    9) = (  -0.5152337   0.0000000   0.0000000), wk =   0.2500000
        k(   10) = (  -0.5152337  -0.0036650  -0.2565919), wk =   0.0000000
        k(   11) = (  -0.5152337  -0.0036650  -0.2565919), wk =   0.2500000
        k(   12) = (  -0.5152337  -0.0073300  -0.5131837), wk =   0.0000000
        k(   13) = (  -0.5152337  -0.3198328  -0.0034729), wk =   0.2500000
        k(   14) = (  -0.5152337  -0.3234978  -0.2600648), wk =   0.0000000
        k(   15) = (  -0.5152337  -0.3234978  -0.2600648), wk =   0.2500000
        k(   16) = (  -0.5152337  -0.3271629  -0.5166566), wk =   0.0000000

     Dense  grid:    94681 G-vectors     FFT dimensions: (  40,  64,  80)

     Smooth grid:    33541 G-vectors     FFT dimensions: (  30,  45,  60)

     Estimated max dynamical RAM per process >      72.79 MB

     Estimated total dynamical RAM >     145.57 MB

     The potential is recalculated from file :
     ./tmp/_ph0/LiMg3H8.save/charge-density

     Starting wfcs are   42 atomic wfcs
     Checking if some PAW data can be deallocated... 

     Band Structure Calculation
     Davidson diagonalization with overlap

     ethr =  2.56E-11,  avg # of iterations = 23.9

     total cpu time spent up to now is       21.3 secs

     End of band structure calculation

          k = 0.0000 0.0000 0.0000 (  4169 PWs)   bands (ev):

   -70.5169 -70.4615 -70.4298 -37.6156 -37.5977 -37.5926 -37.5637 -37.5414
   -37.5387 -37.5196 -37.5141 -37.5106  -4.0581  -1.0170  -0.7496   0.1368
     1.7696   2.8908   3.0683   4.0338   7.8618   9.4273  10.4862  11.2035

          k = 0.0000-0.0037-0.2566 (  4180 PWs)   bands (ev):

   -70.5169 -70.4615 -70.4298 -37.6155 -37.5977 -37.5922 -37.5641 -37.5414
   -37.5387 -37.5196 -37.5141 -37.5106  -3.5153  -2.8859   0.5515   1.0271
     1.7155   2.0277   3.1806   4.4119   7.7073   8.2169  11.1560  11.4060

          k = 0.0000-0.0037-0.2566 (  4180 PWs)   bands (ev):

   -70.5169 -70.4615 -70.4298 -37.6155 -37.5977 -37.5922 -37.5641 -37.5414
   -37.5387 -37.5196 -37.5141 -37.5106  -3.5153  -2.8859   0.5515   1.0271
     1.7155   2.0277   3.1806   4.4119   7.7073   8.2169  11.1560  11.4060

          k = 0.0000-0.0073-0.5132 (  4169 PWs)   bands (ev):

   -70.5169 -70.4615 -70.4298 -37.6156 -37.5977 -37.5926 -37.5637 -37.5414
   -37.5387 -37.5196 -37.5141 -37.5106  -4.0581  -1.0170  -0.7496   0.1368
     1.7696   2.8908   3.0683   4.0338   7.8618   9.4273  10.4862  11.2035

          k = 0.0000-0.3198-0.0035 (  4186 PWs)   bands (ev):

   -70.5169 -70.4615 -70.4298 -37.6157 -37.5977 -37.5927 -37.5639 -37.5407
   -37.5385 -37.5192 -37.5142 -37.5115  -3.0625  -2.4967  -0.4353  -0.1032
     0.6690   2.0372   4.8201   5.1832   9.6875  10.4882  10.9885  11.9970

          k = 0.0000-0.3235-0.2601 (  4200 PWs)   bands (ev):

   -70.5169 -70.4615 -70.4298 -37.6156 -37.5977 -37.5923 -37.5643 -37.5407
   -37.5385 -37.5192 -37.5142 -37.5114  -2.3561  -2.1872  -2.1268  -1.0929
     3.0003   3.4987   3.7901   4.6847   8.7342   9.2451  10.6693  10.9444

          k = 0.0000-0.3235-0.2601 (  4200 PWs)   bands (ev):

   -70.5169 -70.4615 -70.4298 -37.6156 -37.5977 -37.5923 -37.5643 -37.5407
   -37.5385 -37.5192 -37.5142 -37.5114  -2.3561  -2.1872  -2.1268  -1.0929
     3.0003   3.4987   3.7901   4.6847   8.7342   9.2451  10.6693  10.9444

          k = 0.0000-0.3272-0.5167 (  4186 PWs)   bands (ev):

   -70.5169 -70.4615 -70.4298 -37.6157 -37.5977 -37.5927 -37.5639 -37.5407
   -37.5385 -37.5192 -37.5142 -37.5115  -3.0625  -2.4967  -0.4353  -0.1032
     0.6690   2.0372   4.8201   5.1832   9.6875  10.4882  10.9885  11.9970

          k =-0.5152 0.0000 0.0000 (  4186 PWs)   bands (ev):

   -70.5159 -70.4604 -70.4288 -37.6161 -37.6139 -37.5902 -37.5625 -37.5569
   -37.5385 -37.5314 -37.5177 -37.5105  -0.9097  -0.7317   1.2614   1.5655
     1.7178   2.1174   2.5474   2.7235   7.8820   8.0233   8.4755   8.5756

          k =-0.5152-0.0037-0.2566 (  4200 PWs)   bands (ev):

   -70.5159 -70.4604 -70.4288 -37.6161 -37.6139 -37.5903 -37.5624 -37.5569
   -37.5385 -37.5314 -37.5177 -37.5105  -0.4313  -0.3822   0.1595   0.3338
     2.4626   2.6099   2.7187   2.9512   8.0449   8.1320   8.4542   8.5262

          k =-0.5152-0.0037-0.2566 (  4200 PWs)   bands (ev):

   -70.5159 -70.4604 -70.4288 -37.6161 -37.6139 -37.5903 -37.5624 -37.5569
   -37.5385 -37.5314 -37.5177 -37.5105  -0.4313  -0.3822   0.1595   0.3338
     2.4626   2.6099   2.7187   2.9512   8.0449   8.1320   8.4542   8.5262

          k =-0.5152-0.0073-0.5132 (  4186 PWs)   bands (ev):

   -70.5159 -70.4604 -70.4288 -37.6161 -37.6139 -37.5902 -37.5625 -37.5569
   -37.5385 -37.5314 -37.5177 -37.5105  -0.9097  -0.7317   1.2614   1.5655
     1.7178   2.1174   2.5474   2.7235   7.8820   8.0233   8.4755   8.5756

          k =-0.5152-0.3198-0.0035 (  4216 PWs)   bands (ev):

   -70.5159 -70.4604 -70.4288 -37.6161 -37.6139 -37.5903 -37.5624 -37.5573
   -37.5409 -37.5292 -37.5177 -37.5101  -0.1698   0.1345   0.3023   0.6370
     1.8363   2.0431   2.3082   2.4242   6.8888   7.0952   7.2935   8.0648

          k =-0.5152-0.3235-0.2601 (  4204 PWs)   bands (ev):

   -70.5159 -70.4604 -70.4288 -37.6161 -37.6140 -37.5904 -37.5623 -37.5571
   -37.5408 -37.5292 -37.5177 -37.5101   0.0637   0.3644   0.3838   0.9949
     1.2708   1.5393   1.8143   2.0986   8.5595   8.6209   8.7988   9.6337

          k =-0.5152-0.3235-0.2601 (  4204 PWs)   bands (ev):

   -70.5159 -70.4604 -70.4288 -37.6161 -37.6140 -37.5904 -37.5623 -37.5571
   -37.5408 -37.5292 -37.5177 -37.5101   0.0637   0.3644   0.3838   0.9949
     1.2708   1.5393   1.8143   2.0986   8.5595   8.6209   8.7988   9.6337

          k =-0.5152-0.3272-0.5167 (  4216 PWs)   bands (ev):

   -70.5159 -70.4604 -70.4288 -37.6161 -37.6139 -37.5903 -37.5624 -37.5573
   -37.5409 -37.5292 -37.5177 -37.5101  -0.1698   0.1345   0.3023   0.6370
     1.8363   2.0431   2.3082   2.4242   6.8888   7.0952   7.2935   8.0648

     the Fermi energy is     4.2222 ev

     Writing output data file ./tmp/_ph0/LiMg3H8.save/

     Phonons                                                                    

     bravais-lattice index     =            0
     lattice parameter (alat)  =       6.1899  a.u.
     unit-cell volume          =     701.2408 (a.u.)^3
     number of atoms/cell      =           12
     number of atomic types    =            3
     kinetic-energy cut-off    =      50.0000  Ry
     charge density cut-off    =     400.0000  Ry
     convergence threshold     =      1.0E-14
     beta                      =       0.7000
     number of iterations used =            4
     Exchange-correlation= PBE
                           (   1   4   3   4   0   0   0)


     celldm(1)=    6.18994  celldm(2)=    0.00000  celldm(3)=    0.00000
     celldm(4)=    0.00000  celldm(5)=    0.00000  celldm(6)=    0.00000

     crystal axes: (cart. coord. in units of alat)
               a(1) = (  0.9704  0.0000  0.0000 )  
               a(2) = (  0.0000  1.5636 -0.0223 )  
               a(3) = (  0.0000 -0.0212  1.9489 )  

     reciprocal axes: (cart. coord. in units 2 pi/alat)
               b(1) = (  1.0305 -0.0000 -0.0000 )  
               b(2) = ( -0.0000  0.6397  0.0069 )  
               b(3) = ( -0.0000  0.0073  0.5132 )  


     Atoms inside the unit cell: 

     Cartesian axes

     site n.  atom      mass           positions (alat units)
        1     Li   1.0000   tau(    1) = (    0.24261    1.17009    1.14751  )
        2     Mg   1.0000   tau(    2) = (    0.72783    0.36089    0.78554  )
        3     Mg   1.0000   tau(    3) = (    0.24261    0.37494    1.71752  )
        4     Mg   1.0000   tau(    4) = (    0.72783    1.14914    0.17416  )
        5     H    1.0000   tau(    5) = (    0.24261    0.76457    0.27715  )
        6     H    1.0000   tau(    6) = (    0.72783    0.74628    1.65717  )
        7     H    1.0000   tau(    7) = (    0.24261    1.50868    0.63104  )
        8     H    1.0000   tau(    8) = (    0.72783    0.08597    1.34447  )
        9     H    1.0000   tau(    9) = (    0.72783    0.99371    0.78766  )
       10     H    1.0000   tau(   10) = (    0.24261    0.57505    1.08482  )
       11     H    1.0000   tau(   11) = (    0.72783    0.18887    0.20387  )
       12     H    1.0000   tau(   12) = (    0.24261    1.33619    1.74862  )

     Computing dynamical matrix for 
                    q = (   0.0000000  -0.0036650  -0.2565919 )

      3 Sym.Ops. (with q -> -q+G )


     G cutoff =  388.2162  (  47339 G-vectors)     FFT grid: ( 40, 64, 80)
     G cutoff =  194.1081  (  16770 G-vectors)  smooth grid: ( 30, 45, 60)

     number of k points=    16  Methfessel-Paxton smearing, width (Ry)=  0.0200

     PseudoPot. # 1 for H  read from file:
     /home/marco/ZOS_Cloud_Compute/pseudo/H.UPF
     MD5 check sum: 850d63dcbcc06c5de8b44e0ab9f952da
     Pseudo is Projector augmented-wave, Zval =  1.0
     Generated using "atomic" code by A. Dal Corso  v.5.1.2
     Shape of augmentation charge: PSQ
     Using radial grid of  929 points,  2 beta functions with: 
                l(1) =   0
                l(2) =   0
     Q(r) pseudized with 0 coefficients 


     PseudoPot. # 2 for Li read from file:
     /home/marco/ZOS_Cloud_Compute/pseudo/Li.UPF
     MD5 check sum: 057edeeab9105e5446fd9e29ea3f9c2f
     Pseudo is Ultrasoft + core correction, Zval =  1.0
     Generated by new atomic code, or converted to UPF format
     Using radial grid of  751 points,  2 beta functions with: 
                l(1) =   1
                l(2) =   1
     Q(r) pseudized with  8 coefficients,  rinner =    1.000   1.000   1.000


     PseudoPot. # 3 for Mg read from file:
     /home/marco/ZOS_Cloud_Compute/pseudo/Mg.UPF
     MD5 check sum: a77e51077e70c6c73445c6cac60d158f
     Pseudo is Projector augmented-wave + core cor, Zval = 10.0
     Generated using ATOMPAW code
     Shape of augmentation charge: BESSEL
     Using radial grid of 1171 points,  6 beta functions with: 
                l(1) =   0
                l(2) =   0
                l(3) =   0
                l(4) =   0
                l(5) =   1
                l(6) =   1
     Q(r) pseudized with 0 coefficients 


     Mode symmetry, C_s (m)     point group:


     Atomic displacements:
     There are   36 irreducible representations

     Representation     1      1 modes -  To be done

     Representation     2      1 modes -  To be done

     Representation     3      1 modes -  To be done

     Representation     4      1 modes -  To be done

     Representation     5      1 modes -  To be done

     Representation     6      1 modes -  To be done

     Representation     7      1 modes -  To be done

     Representation     8      1 modes -  To be done

     Representation     9      1 modes -  To be done

     Representation    10      1 modes -  To be done

     Representation    11      1 modes -  To be done

     Representation    12      1 modes -  To be done

     Representation    13      1 modes -  To be done

     Representation    14      1 modes -  To be done

     Representation    15      1 modes -  To be done

     Representation    16      1 modes -  To be done

     Representation    17      1 modes -  To be done

     Representation    18      1 modes -  To be done

     Representation    19      1 modes -  To be done

     Representation    20      1 modes -  To be done

     Representation    21      1 modes -  To be done

     Representation    22      1 modes -  To be done

     Representation    23      1 modes -  To be done

     Representation    24      1 modes -  To be done

     Representation    25      1 modes -  To be done

     Representation    26      1 modes -  To be done

     Representation    27      1 modes -  To be done

     Representation    28      1 modes -  To be done

     Representation    29      1 modes -  To be done

     Representation    30      1 modes -  To be done

     Representation    31      1 modes -  To be done

     Representation    32      1 modes -  To be done

     Representation    33      1 modes -  To be done

     Representation    34      1 modes -  To be done

     Representation    35      1 modes -  To be done

     Representation    36      1 modes -  To be done



     Alpha used in Ewald sum =   2.8000
     PHONON       :  34m51.16s CPU  53m30.94s WALL



     Representation #   1 mode #   1

     Self-consistent Calculation

      iter #   1 total cpu time :  3215.6 secs   av.it.:   3.2
      thresh= 1.000E-02 alpha_mix =  0.700 |ddv_scf|^2 =  1.914E-07

      iter #   2 total cpu time :  3227.1 secs   av.it.:  16.0
      thresh= 4.375E-05 alpha_mix =  0.700 |ddv_scf|^2 =  2.776E-06

      iter #   3 total cpu time :  3236.2 secs   av.it.:  11.9
      thresh= 1.666E-04 alpha_mix =  0.700 |ddv_scf|^2 =  5.963E-08

      iter #   4 total cpu time :  3244.4 secs   av.it.:  13.9
      thresh= 2.442E-05 alpha_mix =  0.700 |ddv_scf|^2 =  1.914E-07

      iter #   5 total cpu time :  3253.8 secs   av.it.:  12.6
      thresh= 4.375E-05 alpha_mix =  0.700 |ddv_scf|^2 =  1.930E-10

      iter #   6 total cpu time :  3265.9 secs   av.it.:  17.4
      thresh= 1.389E-06 alpha_mix =  0.700 |ddv_scf|^2 =  3.918E-11

      iter #   7 total cpu time :  3277.2 secs   av.it.:  15.9
      thresh= 6.259E-07 alpha_mix =  0.700 |ddv_scf|^2 =  2.906E-12

      iter #   8 total cpu time :  3289.1 secs   av.it.:  16.9
      thresh= 1.705E-07 alpha_mix =  0.700 |ddv_scf|^2 =  9.306E-13

      iter #   9 total cpu time :  3298.9 secs   av.it.:  16.2
      thresh= 9.647E-08 alpha_mix =  0.700 |ddv_scf|^2 =  1.518E-13

      iter #  10 total cpu time :  3310.0 secs   av.it.:  16.0
      thresh= 3.896E-08 alpha_mix =  0.700 |ddv_scf|^2 =  3.860E-14

      iter #  11 total cpu time :  3320.9 secs   av.it.:  15.4
      thresh= 1.965E-08 alpha_mix =  0.700 |ddv_scf|^2 =  4.294E-15

     End of self-consistent calculation

     Convergence has been achieved 


     Representation #   2 mode #   2

     Self-consistent Calculation

      iter #   1 total cpu time :  3326.0 secs   av.it.:   3.2
      thresh= 1.000E-02 alpha_mix =  0.700 |ddv_scf|^2 =  1.728E-06

      iter #   2 total cpu time :  3337.4 secs   av.it.:  16.0
      thresh= 1.314E-04 alpha_mix =  0.700 |ddv_scf|^2 =  9.729E-05

      iter #   3 total cpu time :  3345.9 secs   av.it.:  10.6
      thresh= 9.864E-04 alpha_mix =  0.700 |ddv_scf|^2 =  3.798E-06

      iter #   4 total cpu time :  3355.2 secs   av.it.:  12.1
      thresh= 1.949E-04 alpha_mix =  0.700 |ddv_scf|^2 =  1.305E-08

      iter #   5 total cpu time :  3365.5 secs   av.it.:  16.8
      thresh= 1.142E-05 alpha_mix =  0.700 |ddv_scf|^2 =  4.203E-10

      iter #   6 total cpu time :  3377.9 secs   av.it.:  17.8
      thresh= 2.050E-06 alpha_mix =  0.700 |ddv_scf|^2 =  1.676E-10

      iter #   7 total cpu time :  3388.9 secs   av.it.:  15.0
      thresh= 1.295E-06 alpha_mix =  0.700 |ddv_scf|^2 =  1.556E-12

      iter #   8 total cpu time :  3401.9 secs   av.it.:  18.8
      thresh= 1.247E-07 alpha_mix =  0.700 |ddv_scf|^2 =  6.687E-13

      iter #   9 total cpu time :  3414.2 secs   av.it.:  17.8
      thresh= 8.177E-08 alpha_mix =  0.700 |ddv_scf|^2 =  1.148E-13

      iter #  10 total cpu time :  3426.6 secs   av.it.:  17.6
      thresh= 3.388E-08 alpha_mix =  0.700 |ddv_scf|^2 =  3.138E-14

      iter #  11 total cpu time :  3436.4 secs   av.it.:  15.4
      thresh= 1.772E-08 alpha_mix =  0.700 |ddv_scf|^2 =  3.512E-15

     End of self-consistent calculation

     Convergence has been achieved 


     Representation #   3 mode #   3

     Self-consistent Calculation

      iter #   1 total cpu time :  3441.7 secs   av.it.:   3.5
      thresh= 1.000E-02 alpha_mix =  0.700 |ddv_scf|^2 =  3.269E-06

      iter #   2 total cpu time :  3453.0 secs   av.it.:  15.8
      thresh= 1.808E-04 alpha_mix =  0.700 |ddv_scf|^2 =  1.976E-04

      iter #   3 total cpu time :  3461.5 secs   av.it.:  10.6
      thresh= 1.406E-03 alpha_mix =  0.700 |ddv_scf|^2 =  5.957E-06

      iter #   4 total cpu time :  3470.7 secs   av.it.:  11.9
      thresh= 2.441E-04 alpha_mix =  0.700 |ddv_scf|^2 =  1.958E-08

      iter #   5 total cpu time :  3482.0 secs   av.it.:  16.4
      thresh= 1.399E-05 alpha_mix =  0.700 |ddv_scf|^2 =  3.386E-10

      iter #   6 total cpu time :  3494.1 secs   av.it.:  17.5
      thresh= 1.840E-06 alpha_mix =  0.700 |ddv_scf|^2 =  2.780E-11

      iter #   7 total cpu time :  3504.4 secs   av.it.:  17.1
      thresh= 5.272E-07 alpha_mix =  0.700 |ddv_scf|^2 =  1.043E-12

      iter #   8 total cpu time :  3517.2 secs   av.it.:  19.0
      thresh= 1.021E-07 alpha_mix =  0.700 |ddv_scf|^2 =  1.937E-13

      iter #   9 total cpu time :  3529.8 secs   av.it.:  18.5
      thresh= 4.401E-08 alpha_mix =  0.700 |ddv_scf|^2 =  5.834E-14

      iter #  10 total cpu time :  3541.1 secs   av.it.:  16.0
      thresh= 2.415E-08 alpha_mix =  0.700 |ddv_scf|^2 =  1.931E-14

      iter #  11 total cpu time :  3552.7 secs   av.it.:  16.8
      thresh= 1.390E-08 alpha_mix =  0.700 |ddv_scf|^2 =  2.810E-15

     End of self-consistent calculation

     Convergence has been achieved 


     Representation #   4 mode #   4

     Self-consistent Calculation

      iter #   1 total cpu time :  3558.0 secs   av.it.:   3.4
      thresh= 1.000E-02 alpha_mix =  0.700 |ddv_scf|^2 =  4.598E-06

      iter #   2 total cpu time :  3569.6 secs   av.it.:  15.4
      thresh= 2.144E-04 alpha_mix =  0.700 |ddv_scf|^2 =  3.421E-04

      iter #   3 total cpu time :  3578.7 secs   av.it.:  10.6
      thresh= 1.850E-03 alpha_mix =  0.700 |ddv_scf|^2 =  3.135E-06

      iter #   4 total cpu time :  3588.9 secs   av.it.:  12.8
      thresh= 1.771E-04 alpha_mix =  0.700 |ddv_scf|^2 =  2.391E-08

      iter #   5 total cpu time :  3597.6 secs   av.it.:  14.2
      thresh= 1.546E-05 alpha_mix =  0.700 |ddv_scf|^2 =  2.958E-10
