
     Program PHONON v.6.7MaX starts on 14Feb2026 at 10:53:18 

     This program is part of the open-source Quantum ESPRESSO suite
     for quantum simulation of materials; please cite
         "P. Giannozzi et al., J. Phys.:Condens. Matter 21 395502 (2009);
         "P. Giannozzi et al., J. Phys.:Condens. Matter 29 465901 (2017);
          URL http://www.quantum-espresso.org", 
     in publications or presentations arising from this work. More details at
     http://www.quantum-espresso.org/quote

     Parallel version (MPI), running on     2 processors

     MPI processes distributed on     1 nodes
     R & G space division:  proc/nbgrp/npool/nimage =       2
     Waiting for input...
     Reading input from standard input

     Reading xml data from directory:

     ./tmp/ZrScH12.save/
     file H.UPF: wavefunction(s)  1S renormalized

     IMPORTANT: XC functional enforced from input :
     Exchange-correlation= PBE
                           (   1   4   3   4   0   0   0)
     Any further DFT definition will be discarded
     Please, verify this is what you really want


     Parallelization info
     --------------------
     sticks:   dense  smooth     PW     G-vecs:    dense   smooth      PW
     Min        1896     950    279                66634    23562    3831
     Max        1897     951    280                66635    23563    3832
     Sum        3793    1901    559               133269    47125    7663


     negative rho (up, down):  5.973E-02 0.000E+00
     Reading collected, re-writing distributed wavefunctions


     Dynamical matrices for ( 2, 2, 2)  uniform grid of q-points
     (   8 q-points):
       N         xq(1)         xq(2)         xq(3) 
       1   0.000000000   0.000000000   0.000000000
       2  -0.000388839   0.132823628  -0.660302921
       3   0.307980860  -0.496640452   0.296999330
       4   0.307592021  -0.363816824  -0.363303591
       5  -0.298586251  -0.500338465   0.301126044
       6  -0.298975090  -0.367514838  -0.359176876
       7   0.009394610  -0.996978917   0.598125374
       8   0.009005770  -0.864155289  -0.062177546

     Calculation of q =    0.0000000   0.0000000   0.0000000

     Phonons                                                                    

     bravais-lattice index     =            0
     lattice parameter (alat)  =      11.1470  a.u.
     unit-cell volume          =     986.1486 (a.u.)^3
     number of atoms/cell      =           14
     number of atomic types    =            3
     kinetic-energy cut-off    =      50.0000  Ry
     charge density cut-off    =     400.0000  Ry
     convergence threshold     =      1.0E-14
     beta                      =       0.7000
     number of iterations used =            4
     Exchange-correlation= PBE
                           (   1   4   3   4   0   0   0)


     celldm(1)=   11.14705  celldm(2)=    0.00000  celldm(3)=    0.00000
     celldm(4)=    0.00000  celldm(5)=    0.00000  celldm(6)=    0.00000

     crystal axes: (cart. coord. in units of alat)
               a(1) = (  0.8216  0.5788  0.1159 )  
               a(2) = ( -0.8270  0.5618  0.1135 )  
               a(3) = (  0.0027  0.5167  0.8612 )  

     reciprocal axes: (cart. coord. in units 2 pi/alat)
               b(1) = (  0.5972  1.0007 -0.6023 )  
               b(2) = ( -0.6160  0.9933 -0.5940 )  
               b(3) = (  0.0008 -0.2656  1.3206 )  


     Atoms inside the unit cell: 

     Cartesian axes

     site n.  atom      mass           positions (alat units)
        1     Zr   1.0000   tau(    1) = (   -0.41348    0.28091    0.05675  )
        2     Sc   1.0000   tau(    2) = (    0.41214    0.54774    0.48855  )
        3     H    1.0000   tau(    3) = (   -0.14668    0.18591    0.26677  )
        4     H    1.0000   tau(    4) = (    0.14400    1.47139    0.82383  )
        5     H    1.0000   tau(    5) = (    0.35444    1.03045    1.00153  )
        6     H    1.0000   tau(    6) = (   -0.15286    1.21168    0.38148  )
        7     H    1.0000   tau(    7) = (   -0.35712    0.62685    0.08907  )
        8     H    1.0000   tau(    8) = (    0.15017    0.44562    0.70912  )
        9     H    1.0000   tau(    9) = (    0.20828    0.83690    0.46102  )
       10     H    1.0000   tau(   10) = (    0.35180    0.89665    0.51703  )
       11     H    1.0000   tau(   11) = (   -0.21097    0.82040    0.62958  )
       12     H    1.0000   tau(   12) = (   -0.35448    0.76065    0.57357  )
       13     H    1.0000   tau(   13) = (    0.20871    0.57071    0.19645  )
       14     H    1.0000   tau(   14) = (   -0.21139    1.08659    0.89415  )

     Computing dynamical matrix for 
                    q = (   0.0000000   0.0000000   0.0000000 )

      3 Sym.Ops. (with q -> -q+G )


     G cutoff = 1258.9838  (  66635 G-vectors)     FFT grid: ( 72, 72, 72)
     G cutoff =  629.4919  (  23562 G-vectors)  smooth grid: ( 54, 54, 54)

     number of k points=     8  Methfessel-Paxton smearing, width (Ry)=  0.0200

     PseudoPot. # 1 for H  read from file:
     /home/marco/ZOS_Cloud_Compute/pseudo/H.UPF
     MD5 check sum: 850d63dcbcc06c5de8b44e0ab9f952da
     Pseudo is Projector augmented-wave, Zval =  1.0
     Generated using "atomic" code by A. Dal Corso  v.5.1.2
     Shape of augmentation charge: PSQ
     Using radial grid of  929 points,  2 beta functions with: 
                l(1) =   0
                l(2) =   0
     Q(r) pseudized with 0 coefficients 


     PseudoPot. # 2 for Sc read from file:
     /home/marco/ZOS_Cloud_Compute/pseudo/Sc.UPF
     MD5 check sum: ff19847cdcb3487ca1f25e4b0e9f43ec
     Pseudo is Ultrasoft + core correction, Zval = 11.0
     Generated by new atomic code, or converted to UPF format
     Using radial grid of  849 points,  6 beta functions with: 
                l(1) =   0
                l(2) =   0
                l(3) =   1
                l(4) =   1
                l(5) =   2
                l(6) =   2
     Q(r) pseudized with  6 coefficients,  rinner =    1.200   1.200   1.200
                                                       1.200   1.200

     PseudoPot. # 3 for Zr read from file:
     /home/marco/ZOS_Cloud_Compute/pseudo/Zr.UPF
     MD5 check sum: 56bebf6edcd38415d7dd1a973c3f3403
     Pseudo is Ultrasoft + core correction, Zval = 12.0
     Generated by new atomic code, or converted to UPF format
     Using radial grid of  887 points,  6 beta functions with: 
                l(1) =   0
                l(2) =   0
                l(3) =   1
                l(4) =   1
                l(5) =   2
                l(6) =   2
     Q(r) pseudized with  6 coefficients,  rinner =    1.200   1.200   1.200
                                                       1.200   1.200

     Mode symmetry, C_i (-1)    point group:


     Atomic displacements:
     There are   42 irreducible representations

     Representation     1      1 modes -  To be done

     Representation     2      1 modes -  To be done

     Representation     3      1 modes -  To be done

     Representation     4      1 modes -  To be done

     Representation     5      1 modes -  To be done

     Representation     6      1 modes -  To be done

     Representation     7      1 modes -  To be done

     Representation     8      1 modes -  To be done

     Representation     9      1 modes -  To be done

     Representation    10      1 modes -  To be done

     Representation    11      1 modes -  To be done

     Representation    12      1 modes -  To be done

     Representation    13      1 modes -  To be done

     Representation    14      1 modes -  To be done

     Representation    15      1 modes -  To be done

     Representation    16      1 modes -  To be done

     Representation    17      1 modes -  To be done

     Representation    18      1 modes -  To be done

     Representation    19      1 modes -  To be done

     Representation    20      1 modes -  To be done

     Representation    21      1 modes -  To be done

     Representation    22      1 modes -  To be done

     Representation    23      1 modes -  To be done

     Representation    24      1 modes -  To be done

     Representation    25      1 modes -  To be done

     Representation    26      1 modes -  To be done

     Representation    27      1 modes -  To be done

     Representation    28      1 modes -  To be done

     Representation    29      1 modes -  To be done

     Representation    30      1 modes -  To be done

     Representation    31      1 modes -  To be done

     Representation    32      1 modes -  To be done

     Representation    33      1 modes -  To be done

     Representation    34      1 modes -  To be done

     Representation    35      1 modes -  To be done

     Representation    36      1 modes -  To be done

     Representation    37      1 modes -  To be done

     Representation    38      1 modes -  To be done

     Representation    39      1 modes -  To be done

     Representation    40      1 modes -  To be done

     Representation    41      1 modes -  To be done

     Representation    42      1 modes -  To be done



     Alpha used in Ewald sum =   2.8000

     negative rho (up, down):  5.973E-02 0.000E+00
     PHONON       :   1m31.76s CPU   2m 6.91s WALL



     Representation #   1 mode #   1

     Self-consistent Calculation

     Pert. #  1: Fermi energy shift (Ry) =     2.5652E-01     1.0588E-22

      iter #   1 total cpu time :   138.1 secs   av.it.:   4.6
      thresh= 1.000E-02 alpha_mix =  0.700 |ddv_scf|^2 =  1.718E-08

     Pert. #  1: Fermi energy shift (Ry) =    -7.6564E-02     7.9409E-23

      iter #   2 total cpu time :   160.9 secs   av.it.:  17.8
      thresh= 1.311E-05 alpha_mix =  0.700 |ddv_scf|^2 =  6.054E-08

     Pert. #  1: Fermi energy shift (Ry) =     7.2898E-02    -1.5882E-22

      iter #   3 total cpu time :   181.7 secs   av.it.:  16.1
      thresh= 2.460E-05 alpha_mix =  0.700 |ddv_scf|^2 =  1.904E-09

     Pert. #  1: Fermi energy shift (Ry) =     7.3708E-02    -7.9409E-23

      iter #   4 total cpu time :   203.0 secs   av.it.:  16.6
      thresh= 4.363E-06 alpha_mix =  0.700 |ddv_scf|^2 =  1.225E-10

     Pert. #  1: Fermi energy shift (Ry) =     6.3217E-02    -2.6470E-23

      iter #   5 total cpu time :   224.6 secs   av.it.:  16.9
      thresh= 1.107E-06 alpha_mix =  0.700 |ddv_scf|^2 =  3.763E-12

     Pert. #  1: Fermi energy shift (Ry) =     6.3450E-02    -2.4815E-24

      iter #   6 total cpu time :   246.5 secs   av.it.:  17.1
      thresh= 1.940E-07 alpha_mix =  0.700 |ddv_scf|^2 =  2.456E-13

     Pert. #  1: Fermi energy shift (Ry) =     6.3804E-02    -9.9262E-24

      iter #   7 total cpu time :   268.3 secs   av.it.:  17.1
      thresh= 4.956E-08 alpha_mix =  0.700 |ddv_scf|^2 =  1.919E-14

     Pert. #  1: Fermi energy shift (Ry) =     6.3811E-02    -9.9262E-24

      iter #   8 total cpu time :   289.8 secs   av.it.:  16.6
      thresh= 1.385E-08 alpha_mix =  0.700 |ddv_scf|^2 =  2.858E-16

     End of self-consistent calculation

     Convergence has been achieved 


     Representation #   2 mode #   2

     Self-consistent Calculation

     Pert. #  1: Fermi energy shift (Ry) =    -1.8392E-01    -1.6544E-24

      iter #   1 total cpu time :   302.3 secs   av.it.:   4.9
      thresh= 1.000E-02 alpha_mix =  0.700 |ddv_scf|^2 =  1.835E-08

     Pert. #  1: Fermi energy shift (Ry) =     1.3536E-01     1.0588E-22

      iter #   2 total cpu time :   325.9 secs   av.it.:  18.0
      thresh= 1.355E-05 alpha_mix =  0.700 |ddv_scf|^2 =  7.090E-08

     Pert. #  1: Fermi energy shift (Ry) =    -1.1426E-02    -1.3235E-23

      iter #   3 total cpu time :   347.3 secs   av.it.:  16.0
      thresh= 2.663E-05 alpha_mix =  0.700 |ddv_scf|^2 =  1.442E-09

     Pert. #  1: Fermi energy shift (Ry) =    -1.3505E-02    -5.2940E-23

      iter #   4 total cpu time :   369.3 secs   av.it.:  16.8
      thresh= 3.797E-06 alpha_mix =  0.700 |ddv_scf|^2 =  6.921E-11

     Pert. #  1: Fermi energy shift (Ry) =    -6.0548E-03    -6.6174E-24

      iter #   5 total cpu time :   391.3 secs   av.it.:  17.2
      thresh= 8.319E-07 alpha_mix =  0.700 |ddv_scf|^2 =  7.947E-12

     Pert. #  1: Fermi energy shift (Ry) =    -7.9596E-03    -6.6174E-24

      iter #   6 total cpu time :   413.3 secs   av.it.:  17.0
      thresh= 2.819E-07 alpha_mix =  0.700 |ddv_scf|^2 =  3.435E-13

     Pert. #  1: Fermi energy shift (Ry) =    -8.5587E-03    -3.3087E-24

      iter #   7 total cpu time :   435.0 secs   av.it.:  16.9
      thresh= 5.861E-08 alpha_mix =  0.700 |ddv_scf|^2 =  1.359E-14

     Pert. #  1: Fermi energy shift (Ry) =    -8.5694E-03    -6.6174E-24

      iter #   8 total cpu time :   456.7 secs   av.it.:  16.8
      thresh= 1.166E-08 alpha_mix =  0.700 |ddv_scf|^2 =  7.771E-16

     End of self-consistent calculation

     Convergence has been achieved 


     Representation #   3 mode #   3

     Self-consistent Calculation

     Pert. #  1: Fermi energy shift (Ry) =    -2.5095E-01    -3.9705E-23

      iter #   1 total cpu time :   469.5 secs   av.it.:   4.8
      thresh= 1.000E-02 alpha_mix =  0.700 |ddv_scf|^2 =  1.768E-08

     Pert. #  1: Fermi energy shift (Ry) =    -9.7704E-03     7.9409E-23

      iter #   2 total cpu time :   492.3 secs   av.it.:  17.6
      thresh= 1.330E-05 alpha_mix =  0.700 |ddv_scf|^2 =  3.014E-08

     Pert. #  1: Fermi energy shift (Ry) =    -1.6645E-01     3.1019E-25

      iter #   3 total cpu time :   513.2 secs   av.it.:  16.1
      thresh= 1.736E-05 alpha_mix =  0.700 |ddv_scf|^2 =  4.328E-09

     Pert. #  1: Fermi energy shift (Ry) =    -1.4605E-01    -1.5882E-22

      iter #   4 total cpu time :   534.6 secs   av.it.:  16.5
      thresh= 6.578E-06 alpha_mix =  0.700 |ddv_scf|^2 =  2.264E-10

     Pert. #  1: Fermi energy shift (Ry) =    -1.3265E-01    -7.9409E-23

      iter #   5 total cpu time :   556.4 secs   av.it.:  17.0
      thresh= 1.505E-06 alpha_mix =  0.700 |ddv_scf|^2 =  5.108E-12

     Pert. #  1: Fermi energy shift (Ry) =    -1.3311E-01    -1.3235E-23

      iter #   6 total cpu time :   578.3 secs   av.it.:  16.6
      thresh= 2.260E-07 alpha_mix =  0.700 |ddv_scf|^2 =  3.516E-13

     Pert. #  1: Fermi energy shift (Ry) =    -1.3346E-01    -9.9262E-24

      iter #   7 total cpu time :   600.4 secs   av.it.:  17.2
      thresh= 5.929E-08 alpha_mix =  0.700 |ddv_scf|^2 =  2.018E-14

     Pert. #  1: Fermi energy shift (Ry) =    -1.3337E-01    -9.9262E-24

      iter #   8 total cpu time :   622.2 secs   av.it.:  17.0
      thresh= 1.421E-08 alpha_mix =  0.700 |ddv_scf|^2 =  1.238E-15

     End of self-consistent calculation

     Convergence has been achieved 


     Representation #   4 mode #   4

     Self-consistent Calculation

     Pert. #  1: Fermi energy shift (Ry) =    -1.9698E-01     3.9705E-23

      iter #   1 total cpu time :   634.4 secs   av.it.:   4.6
      thresh= 1.000E-02 alpha_mix =  0.700 |ddv_scf|^2 =  9.049E-09

     Pert. #  1: Fermi energy shift (Ry) =    -1.0455E-01     1.0588E-22

      iter #   2 total cpu time :   657.1 secs   av.it.:  17.5
      thresh= 9.513E-06 alpha_mix =  0.700 |ddv_scf|^2 =  1.356E-08

     Pert. #  1: Fermi energy shift (Ry) =    -1.8972E-01    -3.1764E-22

      iter #   3 total cpu time :   678.8 secs   av.it.:  16.4
      thresh= 1.164E-05 alpha_mix =  0.700 |ddv_scf|^2 =  3.098E-09

     Pert. #  1: Fermi energy shift (Ry) =    -1.6053E-01    -2.6470E-23

      iter #   4 total cpu time :   700.2 secs   av.it.:  16.4
      thresh= 5.566E-06 alpha_mix =  0.700 |ddv_scf|^2 =  1.006E-10

     Pert. #  1: Fermi energy shift (Ry) =    -1.5006E-01    -2.6470E-23

      iter #   5 total cpu time :   722.0 secs   av.it.:  16.8
      thresh= 1.003E-06 alpha_mix =  0.700 |ddv_scf|^2 =  5.188E-12

     Pert. #  1: Fermi energy shift (Ry) =    -1.4928E-01    -1.9852E-23

      iter #   6 total cpu time :   744.4 secs   av.it.:  17.4
      thresh= 2.278E-07 alpha_mix =  0.700 |ddv_scf|^2 =  1.724E-13

     Pert. #  1: Fermi energy shift (Ry) =    -1.4950E-01    -2.6470E-23

      iter #   7 total cpu time :   766.9 secs   av.it.:  17.4
      thresh= 4.152E-08 alpha_mix =  0.700 |ddv_scf|^2 =  1.252E-14

     Pert. #  1: Fermi energy shift (Ry) =    -1.4937E-01    -1.9852E-23

      iter #   8 total cpu time :   789.0 secs   av.it.:  17.2
      thresh= 1.119E-08 alpha_mix =  0.700 |ddv_scf|^2 =  3.398E-16

     End of self-consistent calculation

     Convergence has been achieved 


     Representation #   5 mode #   5

     Self-consistent Calculation

     Pert. #  1: Fermi energy shift (Ry) =     3.4214E-01    -1.3235E-23

      iter #   1 total cpu time :   801.2 secs   av.it.:   4.8
      thresh= 1.000E-02 alpha_mix =  0.700 |ddv_scf|^2 =  9.587E-09

     Pert. #  1: Fermi energy shift (Ry) =     4.5517E-01     5.2940E-23

      iter #   2 total cpu time :   823.5 secs   av.it.:  17.6
      thresh= 9.791E-06 alpha_mix =  0.700 |ddv_scf|^2 =  1.615E-08

     Pert. #  1: Fermi energy shift (Ry) =     3.3201E-01     1.0588E-22

      iter #   3 total cpu time :   844.4 secs   av.it.:  16.2
      thresh= 1.271E-05 alpha_mix =  0.700 |ddv_scf|^2 =  2.904E-09

     Pert. #  1: Fermi energy shift (Ry) =     3.3527E-01     3.3087E-24

      iter #   4 total cpu time :   865.8 secs   av.it.:  16.5
      thresh= 5.389E-06 alpha_mix =  0.700 |ddv_scf|^2 =  1.180E-10

     Pert. #  1: Fermi energy shift (Ry) =     3.3771E-01     1.3235E-23

      iter #   5 total cpu time :   887.7 secs   av.it.:  16.9
      thresh= 1.086E-06 alpha_mix =  0.700 |ddv_scf|^2 =  4.561E-12

     Pert. #  1: Fermi energy shift (Ry) =     3.3387E-01    -1.6544E-24

      iter #   6 total cpu time :   910.1 secs   av.it.:  17.4
      thresh= 2.136E-07 alpha_mix =  0.700 |ddv_scf|^2 =  1.808E-13

     Pert. #  1: Fermi energy shift (Ry) =     3.3331E-01    -1.6544E-24

      iter #   7 total cpu time :   931.9 secs   av.it.:  17.1
      thresh= 4.252E-08 alpha_mix =  0.700 |ddv_scf|^2 =  1.188E-14

     Pert. #  1: Fermi energy shift (Ry) =     3.3339E-01    -1.6544E-24

      iter #   8 total cpu time :   953.6 secs   av.it.:  16.8
      thresh= 1.090E-08 alpha_mix =  0.700 |ddv_scf|^2 =  2.219E-16

     End of self-consistent calculation

     Convergence has been achieved 


     Representation #   6 mode #   6

     Self-consistent Calculation

     Pert. #  1: Fermi energy shift (Ry) =    -5.3859E-02     1.0588E-22

      iter #   1 total cpu time :   966.1 secs   av.it.:   4.9
      thresh= 1.000E-02 alpha_mix =  0.700 |ddv_scf|^2 =  1.309E-08

     Pert. #  1: Fermi energy shift (Ry) =     1.0334E-01     1.3235E-23

      iter #   2 total cpu time :   988.6 secs   av.it.:  17.8
      thresh= 1.144E-05 alpha_mix =  0.700 |ddv_scf|^2 =  9.485E-09

     Pert. #  1: Fermi energy shift (Ry) =     2.4262E-02     4.2352E-22

      iter #   3 total cpu time :  1010.1 secs   av.it.:  16.6
      thresh= 9.739E-06 alpha_mix =  0.700 |ddv_scf|^2 =  5.659E-10

     Pert. #  1: Fermi energy shift (Ry) =     3.7014E-02     6.6174E-24

      iter #   4 total cpu time :  1032.1 secs   av.it.:  17.0
      thresh= 2.379E-06 alpha_mix =  0.700 |ddv_scf|^2 =  3.742E-11

     Pert. #  1: Fermi energy shift (Ry) =     4.3199E-02     1.3235E-23

      iter #   5 total cpu time :  1054.6 secs   av.it.:  17.2
      thresh= 6.117E-07 alpha_mix =  0.700 |ddv_scf|^2 =  4.827E-11

     Pert. #  1: Fermi energy shift (Ry) =     3.9649E-02    -2.4815E-24

      iter #   6 total cpu time :  1076.0 secs   av.it.:  16.2
      thresh= 6.948E-07 alpha_mix =  0.700 |ddv_scf|^2 =  4.470E-13

     Pert. #  1: Fermi energy shift (Ry) =     3.9053E-02     4.9631E-24

      iter #   7 total cpu time :  1098.2 secs   av.it.:  17.2
      thresh= 6.686E-08 alpha_mix =  0.700 |ddv_scf|^2 =  1.007E-14

     Pert. #  1: Fermi energy shift (Ry) =     3.9122E-02     6.6174E-24

      iter #   8 total cpu time :  1120.4 secs   av.it.:  17.1
      thresh= 1.004E-08 alpha_mix =  0.700 |ddv_scf|^2 =  1.046E-15

     End of self-consistent calculation

     Convergence has been achieved 


     Representation #   7 mode #   7

     Self-consistent Calculation

     Pert. #  1: Fermi energy shift (Ry) =    -2.7872E-02    -5.2940E-23

      iter #   1 total cpu time :  1132.6 secs   av.it.:   4.2
      thresh= 1.000E-02 alpha_mix =  0.700 |ddv_scf|^2 =  6.359E-09

     Pert. #  1: Fermi energy shift (Ry) =    -6.2167E-02    -1.0588E-22

      iter #   2 total cpu time :  1155.1 secs   av.it.:  17.4
      thresh= 7.974E-06 alpha_mix =  0.700 |ddv_scf|^2 =  1.489E-09

     Pert. #  1: Fermi energy shift (Ry) =    -4.1263E-02    -5.2940E-23

      iter #   3 total cpu time :  1177.8 secs   av.it.:  17.5
      thresh= 3.858E-06 alpha_mix =  0.700 |ddv_scf|^2 =  1.452E-09

     Pert. #  1: Fermi energy shift (Ry) =    -5.3212E-02     2.6470E-23

      iter #   4 total cpu time :  1199.4 secs   av.it.:  16.1
      thresh= 3.811E-06 alpha_mix =  0.700 |ddv_scf|^2 =  3.438E-11

     Pert. #  1: Fermi energy shift (Ry) =    -4.5553E-02     3.3087E-24

      iter #   5 total cpu time :  1221.7 secs   av.it.:  17.2
      thresh= 5.864E-07 alpha_mix =  0.700 |ddv_scf|^2 =  1.048E-11

     Pert. #  1: Fermi energy shift (Ry) =    -4.8370E-02     1.6544E-24

      iter #   6 total cpu time :  1243.4 secs   av.it.:  16.6
      thresh= 3.237E-07 alpha_mix =  0.700 |ddv_scf|^2 =  2.085E-13

     Pert. #  1: Fermi energy shift (Ry) =    -4.8339E-02    -3.3087E-24

      iter #   7 total cpu time :  1266.0 secs   av.it.:  17.4
      thresh= 4.566E-08 alpha_mix =  0.700 |ddv_scf|^2 =  5.986E-15

     End of self-consistent calculation

     Convergence has been achieved 


     Representation #   8 mode #   8

     Self-consistent Calculation

     Pert. #  1: Fermi energy shift (Ry) =     4.1884E-02     0.0000E+00

      iter #   1 total cpu time :  1278.5 secs   av.it.:   4.5
      thresh= 1.000E-02 alpha_mix =  0.700 |ddv_scf|^2 =  1.033E-08

     Pert. #  1: Fermi energy shift (Ry) =     1.7692E-01     0.0000E+00

      iter #   2 total cpu time :  1301.1 secs   av.it.:  17.8
      thresh= 1.016E-05 alpha_mix =  0.700 |ddv_scf|^2 =  6.841E-09

     Pert. #  1: Fermi energy shift (Ry) =     1.2599E-01     0.0000E+00

      iter #   3 total cpu time :  1322.6 secs   av.it.:  16.5
      thresh= 8.271E-06 alpha_mix =  0.700 |ddv_scf|^2 =  1.363E-09

     Pert. #  1: Fermi energy shift (Ry) =     1.0989E-01     0.0000E+00

      iter #   4 total cpu time :  1344.5 secs   av.it.:  16.5
      thresh= 3.692E-06 alpha_mix =  0.700 |ddv_scf|^2 =  2.776E-10

     Pert. #  1: Fermi energy shift (Ry) =     1.2084E-01     0.0000E+00

      iter #   5 total cpu time :  1366.1 secs   av.it.:  16.2
      thresh= 1.666E-06 alpha_mix =  0.700 |ddv_scf|^2 =  1.046E-11

     Pert. #  1: Fermi energy shift (Ry) =     1.1687E-01     0.0000E+00

      iter #   6 total cpu time :  1387.8 secs   av.it.:  16.8
      thresh= 3.234E-07 alpha_mix =  0.700 |ddv_scf|^2 =  3.003E-13

     Pert. #  1: Fermi energy shift (Ry) =     1.1605E-01     0.0000E+00

      iter #   7 total cpu time :  1410.1 secs   av.it.:  17.0
      thresh= 5.480E-08 alpha_mix =  0.700 |ddv_scf|^2 =  9.645E-15

     End of self-consistent calculation

     Convergence has been achieved 


     Representation #   9 mode #   9

     Self-consistent Calculation

     Pert. #  1: Fermi energy shift (Ry) =     2.5959E-02    -2.1176E-22

      iter #   1 total cpu time :  1423.0 secs   av.it.:   4.6
      thresh= 1.000E-02 alpha_mix =  0.700 |ddv_scf|^2 =  1.689E-08

     Pert. #  1: Fermi energy shift (Ry) =    -1.8340E-01     5.2940E-22

      iter #   2 total cpu time :  1446.2 secs   av.it.:  17.8
      thresh= 1.300E-05 alpha_mix =  0.700 |ddv_scf|^2 =  2.326E-08

     Pert. #  1: Fermi energy shift (Ry) =    -2.4810E-02     7.9409E-23

      iter #   3 total cpu time :  1467.7 secs   av.it.:  16.2
      thresh= 1.525E-05 alpha_mix =  0.700 |ddv_scf|^2 =  3.098E-09

     Pert. #  1: Fermi energy shift (Ry) =    -4.3349E-02    -1.6544E-24

      iter #   4 total cpu time :  1489.6 secs   av.it.:  16.4
      thresh= 5.566E-06 alpha_mix =  0.700 |ddv_scf|^2 =  2.304E-10

     Pert. #  1: Fermi energy shift (Ry) =    -4.8555E-02     1.3235E-23

      iter #   5 total cpu time :  1511.8 secs   av.it.:  16.6
      thresh= 1.518E-06 alpha_mix =  0.700 |ddv_scf|^2 =  4.718E-12

     Pert. #  1: Fermi energy shift (Ry) =    -4.7175E-02    -6.6174E-23

      iter #   6 total cpu time :  1533.6 secs   av.it.:  17.0
      thresh= 2.172E-07 alpha_mix =  0.700 |ddv_scf|^2 =  2.279E-13

     Pert. #  1: Fermi energy shift (Ry) =    -4.6930E-02    -6.6174E-23

      iter #   7 total cpu time :  1556.2 secs   av.it.:  17.4
      thresh= 4.774E-08 alpha_mix =  0.700 |ddv_scf|^2 =  1.975E-14

     Pert. #  1: Fermi energy shift (Ry) =    -4.7021E-02    -5.2940E-23

      iter #   8 total cpu time :  1578.1 secs   av.it.:  16.9
      thresh= 1.405E-08 alpha_mix =  0.700 |ddv_scf|^2 =  9.440E-16

     End of self-consistent calculation

     Convergence has been achieved 


     Representation #  10 mode #  10

     Self-consistent Calculation

     Pert. #  1: Fermi energy shift (Ry) =    -1.3150E-03     7.9409E-23

      iter #   1 total cpu time :  1590.3 secs   av.it.:   4.6
      thresh= 1.000E-02 alpha_mix =  0.700 |ddv_scf|^2 =  7.366E-09

     Pert. #  1: Fermi energy shift (Ry) =    -1.1762E-01     2.1176E-22

      iter #   2 total cpu time :  1613.0 secs   av.it.:  17.6
      thresh= 8.582E-06 alpha_mix =  0.700 |ddv_scf|^2 =  3.318E-09

     Pert. #  1: Fermi energy shift (Ry) =    -7.4535E-02     7.9409E-23

      iter #   3 total cpu time :  1635.1 secs   av.it.:  17.0
      thresh= 5.760E-06 alpha_mix =  0.700 |ddv_scf|^2 =  1.147E-09

     Pert. #  1: Fermi energy shift (Ry) =    -6.0886E-02     1.3235E-23

      iter #   4 total cpu time :  1656.4 secs   av.it.:  16.5
      thresh= 3.387E-06 alpha_mix =  0.700 |ddv_scf|^2 =  1.463E-10

     Pert. #  1: Fermi energy shift (Ry) =    -6.8895E-02    -4.1359E-24

      iter #   5 total cpu time :  1677.1 secs   av.it.:  16.2
      thresh= 1.209E-06 alpha_mix =  0.700 |ddv_scf|^2 =  9.387E-12

     Pert. #  1: Fermi energy shift (Ry) =    -6.4631E-02     5.2940E-23

      iter #   6 total cpu time :  1698.2 secs   av.it.:  16.8
      thresh= 3.064E-07 alpha_mix =  0.700 |ddv_scf|^2 =  6.896E-14

     Pert. #  1: Fermi energy shift (Ry) =    -6.4602E-02     2.6470E-23

      iter #   7 total cpu time :  1719.7 secs   av.it.:  17.2
      thresh= 2.626E-08 alpha_mix =  0.700 |ddv_scf|^2 =  6.660E-15

     End of self-consistent calculation

     Convergence has been achieved 


     Representation #  11 mode #  11

     Self-consistent Calculation

     Pert. #  1: Fermi energy shift (Ry) =    -4.3491E-01     6.6174E-23

      iter #   1 total cpu time :  1731.8 secs   av.it.:   4.5
      thresh= 1.000E-02 alpha_mix =  0.700 |ddv_scf|^2 =  1.204E-08

     Pert. #  1: Fermi energy shift (Ry) =    -1.5492E-01     3.4411E-22

      iter #   2 total cpu time :  1754.0 secs   av.it.:  17.8
      thresh= 1.097E-05 alpha_mix =  0.700 |ddv_scf|^2 =  1.519E-08

     Pert. #  1: Fermi energy shift (Ry) =    -2.7503E-01     2.5411E-21

      iter #   3 total cpu time :  1774.5 secs   av.it.:  16.4
      thresh= 1.232E-05 alpha_mix =  0.700 |ddv_scf|^2 =  1.951E-09

     Pert. #  1: Fermi energy shift (Ry) =    -2.5160E-01     7.9409E-22

      iter #   4 total cpu time :  1795.4 secs   av.it.:  16.5
      thresh= 4.417E-06 alpha_mix =  0.700 |ddv_scf|^2 =  2.071E-10

     Pert. #  1: Fermi energy shift (Ry) =    -2.4359E-01     3.6396E-23

      iter #   5 total cpu time :  1816.4 secs   av.it.:  16.2
      thresh= 1.439E-06 alpha_mix =  0.700 |ddv_scf|^2 =  2.671E-12

     Pert. #  1: Fermi energy shift (Ry) =    -2.4341E-01     7.9409E-23

      iter #   6 total cpu time :  1837.6 secs   av.it.:  17.0
      thresh= 1.634E-07 alpha_mix =  0.700 |ddv_scf|^2 =  2.145E-13

     Pert. #  1: Fermi energy shift (Ry) =    -2.4362E-01     6.6174E-23

      iter #   7 total cpu time :  1859.2 secs   av.it.:  17.1
      thresh= 4.632E-08 alpha_mix =  0.700 |ddv_scf|^2 =  1.204E-14

     Pert. #  1: Fermi energy shift (Ry) =    -2.4359E-01     5.9557E-23

      iter #   8 total cpu time :  1880.6 secs   av.it.:  17.1
      thresh= 1.097E-08 alpha_mix =  0.700 |ddv_scf|^2 =  3.981E-16

     End of self-consistent calculation

     Convergence has been achieved 


     Representation #  12 mode #  12

     Self-consistent Calculation

     Pert. #  1: Fermi energy shift (Ry) =     1.6134E-02    -5.2940E-23

      iter #   1 total cpu time :  1892.7 secs   av.it.:   4.9
      thresh= 1.000E-02 alpha_mix =  0.700 |ddv_scf|^2 =  1.596E-08

     Pert. #  1: Fermi energy shift (Ry) =    -1.7069E-01    -1.0588E-21

      iter #   2 total cpu time :  1915.0 secs   av.it.:  17.8
      thresh= 1.264E-05 alpha_mix =  0.700 |ddv_scf|^2 =  4.186E-08

     Pert. #  1: Fermi energy shift (Ry) =    -2.5899E-02     7.4115E-22

      iter #   3 total cpu time :  1935.7 secs   av.it.:  16.0
      thresh= 2.046E-05 alpha_mix =  0.700 |ddv_scf|^2 =  3.172E-09

     Pert. #  1: Fermi energy shift (Ry) =    -3.3916E-02     1.1581E-23

      iter #   4 total cpu time :  1956.4 secs   av.it.:  16.5
      thresh= 5.632E-06 alpha_mix =  0.700 |ddv_scf|^2 =  1.739E-10

     Pert. #  1: Fermi energy shift (Ry) =    -4.4733E-02    -5.9557E-23

      iter #   5 total cpu time :  1977.3 secs   av.it.:  16.6
      thresh= 1.319E-06 alpha_mix =  0.700 |ddv_scf|^2 =  5.254E-12

     Pert. #  1: Fermi energy shift (Ry) =    -4.3537E-02    -1.1581E-23

      iter #   6 total cpu time :  1998.8 secs   av.it.:  17.1
      thresh= 2.292E-07 alpha_mix =  0.700 |ddv_scf|^2 =  4.775E-13

     Pert. #  1: Fermi energy shift (Ry) =    -4.3159E-02    -9.9262E-24

      iter #   7 total cpu time :  2020.1 secs   av.it.:  17.0
      thresh= 6.910E-08 alpha_mix =  0.700 |ddv_scf|^2 =  1.476E-14

     Pert. #  1: Fermi energy shift (Ry) =    -4.3218E-02    -1.4889E-23

      iter #   8 total cpu time :  2041.3 secs   av.it.:  17.2
      thresh= 1.215E-08 alpha_mix =  0.700 |ddv_scf|^2 =  1.086E-15

     End of self-consistent calculation

     Convergence has been achieved 


     Representation #  13 mode #  13

     Self-consistent Calculation

     Pert. #  1: Fermi energy shift (Ry) =    -6.7657E-02    -2.6470E-23

      iter #   1 total cpu time :  2053.4 secs   av.it.:   4.9
      thresh= 1.000E-02 alpha_mix =  0.700 |ddv_scf|^2 =  2.404E-08

     Pert. #  1: Fermi energy shift (Ry) =    -2.1446E-01     1.0588E-22

      iter #   2 total cpu time :  2075.7 secs   av.it.:  18.0
      thresh= 1.550E-05 alpha_mix =  0.700 |ddv_scf|^2 =  1.041E-07

     Pert. #  1: Fermi energy shift (Ry) =    -9.2874E-02     4.2352E-22

      iter #   3 total cpu time :  2096.2 secs   av.it.:  16.1
      thresh= 3.226E-05 alpha_mix =  0.700 |ddv_scf|^2 =  1.263E-09

     Pert. #  1: Fermi energy shift (Ry) =    -1.1871E-01    -1.0588E-22

      iter #   4 total cpu time :  2117.3 secs   av.it.:  16.9
      thresh= 3.554E-06 alpha_mix =  0.700 |ddv_scf|^2 =  1.457E-10

     Pert. #  1: Fermi energy shift (Ry) =    -1.0770E-01    -2.6470E-23

      iter #   5 total cpu time :  2138.1 secs   av.it.:  16.5
      thresh= 1.207E-06 alpha_mix =  0.700 |ddv_scf|^2 =  1.392E-12

     Pert. #  1: Fermi energy shift (Ry) =    -1.0789E-01    -6.6174E-24

      iter #   6 total cpu time :  2160.0 secs   av.it.:  17.4
      thresh= 1.180E-07 alpha_mix =  0.700 |ddv_scf|^2 =  8.051E-14

     Pert. #  1: Fermi energy shift (Ry) =    -1.0763E-01    -1.3235E-23

      iter #   7 total cpu time :  2181.7 secs   av.it.:  17.4
      thresh= 2.837E-08 alpha_mix =  0.700 |ddv_scf|^2 =  8.983E-15

     End of self-consistent calculation

     Convergence has been achieved 


     Representation #  14 mode #  14

     Self-consistent Calculation

     Pert. #  1: Fermi energy shift (Ry) =    -9.8414E-02    -3.1764E-22

      iter #   1 total cpu time :  2193.9 secs   av.it.:   4.9
      thresh= 1.000E-02 alpha_mix =  0.700 |ddv_scf|^2 =  1.887E-08

     Pert. #  1: Fermi energy shift (Ry) =     8.3433E-02    -1.9852E-23

      iter #   2 total cpu time :  2215.7 secs   av.it.:  17.5
      thresh= 1.374E-05 alpha_mix =  0.700 |ddv_scf|^2 =  3.948E-08

     Pert. #  1: Fermi energy shift (Ry) =     8.7418E-02    -8.4703E-22

      iter #   3 total cpu time :  2236.3 secs   av.it.:  16.1
      thresh= 1.987E-05 alpha_mix =  0.700 |ddv_scf|^2 =  3.662E-09

     Pert. #  1: Fermi energy shift (Ry) =     3.9082E-02     1.0588E-22

      iter #   4 total cpu time :  2256.5 secs   av.it.:  16.0
      thresh= 6.052E-06 alpha_mix =  0.700 |ddv_scf|^2 =  2.059E-10

     Pert. #  1: Fermi energy shift (Ry) =     4.8411E-02    -1.5882E-22

      iter #   5 total cpu time :  2277.8 secs   av.it.:  17.0
      thresh= 1.435E-06 alpha_mix =  0.700 |ddv_scf|^2 =  2.691E-12

     Pert. #  1: Fermi energy shift (Ry) =     4.7284E-02    -1.3235E-22

      iter #   6 total cpu time :  2299.0 secs   av.it.:  17.0
      thresh= 1.640E-07 alpha_mix =  0.700 |ddv_scf|^2 =  1.654E-13

     Pert. #  1: Fermi energy shift (Ry) =     4.6862E-02    -1.3235E-22

      iter #   7 total cpu time :  2320.3 secs   av.it.:  17.2
      thresh= 4.066E-08 alpha_mix =  0.700 |ddv_scf|^2 =  6.018E-15

     End of self-consistent calculation

     Convergence has been achieved 


     Representation #  15 mode #  15

     Self-consistent Calculation

     Pert. #  1: Fermi energy shift (Ry) =    -2.3818E-02     1.5882E-21

      iter #   1 total cpu time :  2332.7 secs   av.it.:   4.9
      thresh= 1.000E-02 alpha_mix =  0.700 |ddv_scf|^2 =  2.232E-08

     Pert. #  1: Fermi energy shift (Ry) =    -5.5585E-02    -7.9409E-22

      iter #   2 total cpu time :  2354.7 secs   av.it.:  17.6
      thresh= 1.494E-05 alpha_mix =  0.700 |ddv_scf|^2 =  7.428E-08

     Pert. #  1: Fermi energy shift (Ry) =    -1.2019E-01     1.0588E-21

      iter #   3 total cpu time :  2375.0 secs   av.it.:  16.0
      thresh= 2.726E-05 alpha_mix =  0.700 |ddv_scf|^2 =  2.840E-09

     Pert. #  1: Fermi energy shift (Ry) =    -7.4401E-02     1.8198E-23

      iter #   4 total cpu time :  2395.6 secs   av.it.:  16.2
      thresh= 5.329E-06 alpha_mix =  0.700 |ddv_scf|^2 =  1.392E-10

     Pert. #  1: Fermi energy shift (Ry) =    -8.2990E-02    -2.4815E-23

      iter #   5 total cpu time :  2416.4 secs   av.it.:  16.9
      thresh= 1.180E-06 alpha_mix =  0.700 |ddv_scf|^2 =  1.172E-12

     Pert. #  1: Fermi energy shift (Ry) =    -8.2119E-02    -7.9409E-23

      iter #   6 total cpu time :  2438.0 secs   av.it.:  17.5
      thresh= 1.083E-07 alpha_mix =  0.700 |ddv_scf|^2 =  6.258E-14

     Pert. #  1: Fermi energy shift (Ry) =    -8.1828E-02    -7.2792E-23

      iter #   7 total cpu time :  2459.7 secs   av.it.:  17.4
      thresh= 2.502E-08 alpha_mix =  0.700 |ddv_scf|^2 =  3.347E-15

     End of self-consistent calculation

     Convergence has been achieved 


     Representation #  16 mode #  16

     Self-consistent Calculation

     Pert. #  1: Fermi energy shift (Ry) =     1.9704E-01     0.0000E+00

      iter #   1 total cpu time :  2471.9 secs   av.it.:   5.0
      thresh= 1.000E-02 alpha_mix =  0.700 |ddv_scf|^2 =  1.820E-08

     Pert. #  1: Fermi energy shift (Ry) =     2.2942E-01     0.0000E+00

      iter #   2 total cpu time :  2494.2 secs   av.it.:  18.0
      thresh= 1.349E-05 alpha_mix =  0.700 |ddv_scf|^2 =  6.400E-08

     Pert. #  1: Fermi energy shift (Ry) =     1.5261E-01     0.0000E+00

      iter #   3 total cpu time :  2514.6 secs   av.it.:  16.1
      thresh= 2.530E-05 alpha_mix =  0.700 |ddv_scf|^2 =  2.019E-09

     Pert. #  1: Fermi energy shift (Ry) =     1.8904E-01     0.0000E+00

      iter #   4 total cpu time :  2535.4 secs   av.it.:  16.5
      thresh= 4.493E-06 alpha_mix =  0.700 |ddv_scf|^2 =  1.444E-10

     Pert. #  1: Fermi energy shift (Ry) =     1.7757E-01     0.0000E+00

      iter #   5 total cpu time :  2556.4 secs   av.it.:  16.9
      thresh= 1.202E-06 alpha_mix =  0.700 |ddv_scf|^2 =  2.463E-12

     Pert. #  1: Fermi energy shift (Ry) =     1.7734E-01     0.0000E+00

      iter #   6 total cpu time :  2578.5 secs   av.it.:  17.6
      thresh= 1.570E-07 alpha_mix =  0.700 |ddv_scf|^2 =  9.676E-14

     Pert. #  1: Fermi energy shift (Ry) =     1.7683E-01     0.0000E+00

      iter #   7 total cpu time :  2600.1 secs   av.it.:  17.4
      thresh= 3.111E-08 alpha_mix =  0.700 |ddv_scf|^2 =  3.582E-15

     End of self-consistent calculation

     Convergence has been achieved 


     Representation #  17 mode #  17

     Self-consistent Calculation

     Pert. #  1: Fermi energy shift (Ry) =    -1.7240E-01     0.0000E+00

      iter #   1 total cpu time :  2612.3 secs   av.it.:   5.0
      thresh= 1.000E-02 alpha_mix =  0.700 |ddv_scf|^2 =  2.362E-08

     Pert. #  1: Fermi energy shift (Ry) =    -2.3866E-02     0.0000E+00

      iter #   2 total cpu time :  2634.5 secs   av.it.:  18.1
      thresh= 1.537E-05 alpha_mix =  0.700 |ddv_scf|^2 =  1.055E-07

     Pert. #  1: Fermi energy shift (Ry) =    -1.4556E-01     0.0000E+00

      iter #   3 total cpu time :  2654.7 secs   av.it.:  16.0
      thresh= 3.248E-05 alpha_mix =  0.700 |ddv_scf|^2 =  1.042E-09

     Pert. #  1: Fermi energy shift (Ry) =    -1.1595E-01     0.0000E+00

      iter #   4 total cpu time :  2676.0 secs   av.it.:  17.0
      thresh= 3.228E-06 alpha_mix =  0.700 |ddv_scf|^2 =  1.361E-10

     Pert. #  1: Fermi energy shift (Ry) =    -1.2360E-01     0.0000E+00

      iter #   5 total cpu time :  2697.0 secs   av.it.:  16.6
      thresh= 1.167E-06 alpha_mix =  0.700 |ddv_scf|^2 =  1.504E-12

     Pert. #  1: Fermi energy shift (Ry) =    -1.2362E-01     0.0000E+00

      iter #   6 total cpu time :  2718.7 secs   av.it.:  17.5
      thresh= 1.226E-07 alpha_mix =  0.700 |ddv_scf|^2 =  6.377E-14

     Pert. #  1: Fermi energy shift (Ry) =    -1.2363E-01     0.0000E+00

      iter #   7 total cpu time :  2740.1 secs   av.it.:  17.4
      thresh= 2.525E-08 alpha_mix =  0.700 |ddv_scf|^2 =  9.383E-15

     End of self-consistent calculation

     Convergence has been achieved 


     Representation #  18 mode #  18

     Self-consistent Calculation

     Pert. #  1: Fermi energy shift (Ry) =    -6.9571E-02     1.8529E-22

      iter #   1 total cpu time :  2752.3 secs   av.it.:   4.9
      thresh= 1.000E-02 alpha_mix =  0.700 |ddv_scf|^2 =  2.347E-08

     Pert. #  1: Fermi energy shift (Ry) =     1.2819E-01    -3.1764E-22

      iter #   2 total cpu time :  2774.5 secs   av.it.:  18.0
      thresh= 1.532E-05 alpha_mix =  0.700 |ddv_scf|^2 =  1.058E-07

     Pert. #  1: Fermi energy shift (Ry) =    -2.6380E-03    -1.9852E-22

      iter #   3 total cpu time :  2795.0 secs   av.it.:  16.1
      thresh= 3.252E-05 alpha_mix =  0.700 |ddv_scf|^2 =  8.725E-10

     Pert. #  1: Fermi energy shift (Ry) =     2.6647E-02    -9.5291E-22

      iter #   4 total cpu time :  2815.9 secs   av.it.:  17.0
      thresh= 2.954E-06 alpha_mix =  0.700 |ddv_scf|^2 =  8.438E-11

     Pert. #  1: Fermi energy shift (Ry) =     1.9666E-02     1.1911E-22

      iter #   5 total cpu time :  2837.0 secs   av.it.:  16.6
      thresh= 9.186E-07 alpha_mix =  0.700 |ddv_scf|^2 =  2.349E-12

     Pert. #  1: Fermi energy shift (Ry) =     1.9977E-02     7.9409E-23

      iter #   6 total cpu time :  2858.9 secs   av.it.:  17.5
      thresh= 1.532E-07 alpha_mix =  0.700 |ddv_scf|^2 =  1.505E-13

     Pert. #  1: Fermi energy shift (Ry) =     1.9482E-02     5.9557E-23

      iter #   7 total cpu time :  2880.5 secs   av.it.:  17.2
      thresh= 3.880E-08 alpha_mix =  0.700 |ddv_scf|^2 =  1.140E-14

     Pert. #  1: Fermi energy shift (Ry) =     1.9537E-02     5.9557E-23

      iter #   8 total cpu time :  2902.0 secs   av.it.:  17.2
      thresh= 1.068E-08 alpha_mix =  0.700 |ddv_scf|^2 =  3.503E-16

     End of self-consistent calculation

     Convergence has been achieved 


     Representation #  19 mode #  19

     Self-consistent Calculation

     Pert. #  1: Fermi energy shift (Ry) =     0.0000E+00     0.0000E+00

      iter #   1 total cpu time :  2918.6 secs   av.it.:   9.6
      thresh= 1.000E-02 alpha_mix =  0.700 |ddv_scf|^2 =  2.122E-06

     Pert. #  1: Fermi energy shift (Ry) =     0.0000E+00     0.0000E+00

      iter #   2 total cpu time :  2940.4 secs   av.it.:  17.5
      thresh= 1.457E-04 alpha_mix =  0.700 |ddv_scf|^2 =  1.664E-06

     Pert. #  1: Fermi energy shift (Ry) =     0.0000E+00     0.0000E+00

      iter #   3 total cpu time :  2961.0 secs   av.it.:  16.6
      thresh= 1.290E-04 alpha_mix =  0.700 |ddv_scf|^2 =  2.136E-09

     Pert. #  1: Fermi energy shift (Ry) =     0.0000E+00     0.0000E+00

      iter #   4 total cpu time :  2983.0 secs   av.it.:  17.9
      thresh= 4.622E-06 alpha_mix =  0.700 |ddv_scf|^2 =  1.344E-10

     Pert. #  1: Fermi energy shift (Ry) =     0.0000E+00     0.0000E+00

      iter #   5 total cpu time :  3004.6 secs   av.it.:  17.5
      thresh= 1.159E-06 alpha_mix =  0.700 |ddv_scf|^2 =  3.595E-11

     Pert. #  1: Fermi energy shift (Ry) =     0.0000E+00     0.0000E+00

      iter #   6 total cpu time :  3026.0 secs   av.it.:  17.1
      thresh= 5.996E-07 alpha_mix =  0.700 |ddv_scf|^2 =  6.218E-13

     Pert. #  1: Fermi energy shift (Ry) =     0.0000E+00     0.0000E+00

      iter #   7 total cpu time :  3047.5 secs   av.it.:  17.5
      thresh= 7.886E-08 alpha_mix =  0.700 |ddv_scf|^2 =  4.461E-14

     Pert. #  1: Fermi energy shift (Ry) =     0.0000E+00     0.0000E+00

      iter #   8 total cpu time :  3069.1 secs   av.it.:  17.4
      thresh= 2.112E-08 alpha_mix =  0.700 |ddv_scf|^2 =  7.746E-15

     End of self-consistent calculation

     Convergence has been achieved 


     Representation #  20 mode #  20

     Self-consistent Calculation

     Pert. #  1: Fermi energy shift (Ry) =     0.0000E+00     0.0000E+00

      iter #   1 total cpu time :  3081.1 secs   av.it.:   4.5
      thresh= 1.000E-02 alpha_mix =  0.700 |ddv_scf|^2 =  6.189E-09

     Pert. #  1: Fermi energy shift (Ry) =     0.0000E+00     0.0000E+00

      iter #   2 total cpu time :  3102.5 secs   av.it.:  17.2
      thresh= 7.867E-06 alpha_mix =  0.700 |ddv_scf|^2 =  4.907E-10

     Pert. #  1: Fermi energy shift (Ry) =     0.0000E+00     0.0000E+00

      iter #   3 total cpu time :  3124.1 secs   av.it.:  17.6
      thresh= 2.215E-06 alpha_mix =  0.700 |ddv_scf|^2 =  4.919E-11

     Pert. #  1: Fermi energy shift (Ry) =     0.0000E+00     0.0000E+00

      iter #   4 total cpu time :  3145.5 secs   av.it.:  17.4
      thresh= 7.013E-07 alpha_mix =  0.700 |ddv_scf|^2 =  4.646E-12

     Pert. #  1: Fermi energy shift (Ry) =     0.0000E+00     0.0000E+00

      iter #   5 total cpu time :  3166.8 secs   av.it.:  17.1
      thresh= 2.155E-07 alpha_mix =  0.700 |ddv_scf|^2 =  1.221E-13

     Pert. #  1: Fermi energy shift (Ry) =     0.0000E+00     0.0000E+00

      iter #   6 total cpu time :  3189.0 secs   av.it.:  17.6
      thresh= 3.495E-08 alpha_mix =  0.700 |ddv_scf|^2 =  1.595E-14

     Pert. #  1: Fermi energy shift (Ry) =     0.0000E+00     0.0000E+00

      iter #   7 total cpu time :  3210.8 secs   av.it.:  17.1
      thresh= 1.263E-08 alpha_mix =  0.700 |ddv_scf|^2 =  1.945E-15

     End of self-consistent calculation

     Convergence has been achieved 


     Representation #  21 mode #  21

     Self-consistent Calculation

     Pert. #  1: Fermi energy shift (Ry) =     0.0000E+00     0.0000E+00

      iter #   1 total cpu time :  3222.6 secs   av.it.:   4.6
      thresh= 1.000E-02 alpha_mix =  0.700 |ddv_scf|^2 =  6.571E-09

     Pert. #  1: Fermi energy shift (Ry) =     0.0000E+00     0.0000E+00

      iter #   2 total cpu time :  3244.1 secs   av.it.:  17.4
      thresh= 8.106E-06 alpha_mix =  0.700 |ddv_scf|^2 =  2.863E-09

     Pert. #  1: Fermi energy shift (Ry) =     0.0000E+00     0.0000E+00

      iter #   3 total cpu time :  3265.1 secs   av.it.:  16.9
      thresh= 5.350E-06 alpha_mix =  0.700 |ddv_scf|^2 =  8.975E-11

     Pert. #  1: Fermi energy shift (Ry) =     0.0000E+00     0.0000E+00

      iter #   4 total cpu time :  3286.4 secs   av.it.:  17.0
      thresh= 9.474E-07 alpha_mix =  0.700 |ddv_scf|^2 =  2.758E-12

     Pert. #  1: Fermi energy shift (Ry) =     0.0000E+00     0.0000E+00

      iter #   5 total cpu time :  3308.0 secs   av.it.:  17.5
      thresh= 1.661E-07 alpha_mix =  0.700 |ddv_scf|^2 =  3.595E-13

     Pert. #  1: Fermi energy shift (Ry) =     0.0000E+00     0.0000E+00

      iter #   6 total cpu time :  3329.2 secs   av.it.:  17.0
      thresh= 5.996E-08 alpha_mix =  0.700 |ddv_scf|^2 =  4.160E-14

     Pert. #  1: Fermi energy shift (Ry) =     0.0000E+00     0.0000E+00

      iter #   7 total cpu time :  3350.1 secs   av.it.:  16.9
      thresh= 2.040E-08 alpha_mix =  0.700 |ddv_scf|^2 =  1.122E-15

     End of self-consistent calculation

     Convergence has been achieved 


     Representation #  22 mode #  22

     Self-consistent Calculation

     Pert. #  1: Fermi energy shift (Ry) =     1.0842E-19     3.7616E-37

      iter #   1 total cpu time :  3362.2 secs   av.it.:   4.8
      thresh= 1.000E-02 alpha_mix =  0.700 |ddv_scf|^2 =  5.302E-09

     Pert. #  1: Fermi energy shift (Ry) =     4.2352E-22     1.1755E-38

      iter #   2 total cpu time :  3383.9 secs   av.it.:  17.5
      thresh= 7.282E-06 alpha_mix =  0.700 |ddv_scf|^2 =  7.904E-10

     Pert. #  1: Fermi energy shift (Ry) =     2.1176E-22     7.3468E-40

      iter #   3 total cpu time :  3405.3 secs   av.it.:  17.5
      thresh= 2.811E-06 alpha_mix =  0.700 |ddv_scf|^2 =  9.534E-11

     Pert. #  1: Fermi energy shift (Ry) =    -6.6174E-24    -1.4694E-39

      iter #   4 total cpu time :  3426.5 secs   av.it.:  16.9
      thresh= 9.764E-07 alpha_mix =  0.700 |ddv_scf|^2 =  2.912E-12

     Pert. #  1: Fermi energy shift (Ry) =     0.0000E+00     1.7937E-43

      iter #   5 total cpu time :  3447.8 secs   av.it.:  17.5
      thresh= 1.706E-07 alpha_mix =  0.700 |ddv_scf|^2 =  1.334E-13

     Pert. #  1: Fermi energy shift (Ry) =     2.6470E-23    -3.6734E-40

      iter #   6 total cpu time :  3469.7 secs   av.it.:  17.8
      thresh= 3.653E-08 alpha_mix =  0.700 |ddv_scf|^2 =  3.136E-14

     Pert. #  1: Fermi energy shift (Ry) =     0.0000E+00    -3.6734E-40

      iter #   7 total cpu time :  3490.8 secs   av.it.:  16.9
      thresh= 1.771E-08 alpha_mix =  0.700 |ddv_scf|^2 =  1.146E-15

     End of self-consistent calculation

     Convergence has been achieved 


     Representation #  23 mode #  23

     Self-consistent Calculation

     Pert. #  1: Fermi energy shift (Ry) =     0.0000E+00     0.0000E+00

      iter #   1 total cpu time :  3502.8 secs   av.it.:   4.5
      thresh= 1.000E-02 alpha_mix =  0.700 |ddv_scf|^2 =  6.008E-09

     Pert. #  1: Fermi energy shift (Ry) =     0.0000E+00     0.0000E+00

      iter #   2 total cpu time :  3524.3 secs   av.it.:  17.1
      thresh= 7.751E-06 alpha_mix =  0.700 |ddv_scf|^2 =  2.915E-09

     Pert. #  1: Fermi energy shift (Ry) =     0.0000E+00     0.0000E+00

      iter #   3 total cpu time :  3545.5 secs   av.it.:  16.8
      thresh= 5.399E-06 alpha_mix =  0.700 |ddv_scf|^2 =  5.064E-11

     Pert. #  1: Fermi energy shift (Ry) =     0.0000E+00     0.0000E+00

      iter #   4 total cpu time :  3566.6 secs   av.it.:  16.9
      thresh= 7.116E-07 alpha_mix =  0.700 |ddv_scf|^2 =  1.846E-12

     Pert. #  1: Fermi energy shift (Ry) =     0.0000E+00     0.0000E+00

      iter #   5 total cpu time :  3588.3 secs   av.it.:  17.6
      thresh= 1.359E-07 alpha_mix =  0.700 |ddv_scf|^2 =  3.842E-13

     Pert. #  1: Fermi energy shift (Ry) =     0.0000E+00     0.0000E+00

      iter #   6 total cpu time :  3609.7 secs   av.it.:  17.0
      thresh= 6.199E-08 alpha_mix =  0.700 |ddv_scf|^2 =  2.292E-14

     Pert. #  1: Fermi energy shift (Ry) =     0.0000E+00     0.0000E+00

      iter #   7 total cpu time :  3630.8 secs   av.it.:  17.0
      thresh= 1.514E-08 alpha_mix =  0.700 |ddv_scf|^2 =  8.899E-16

     End of self-consistent calculation

     Convergence has been achieved 


     Representation #  24 mode #  24

     Self-consistent Calculation

     Pert. #  1: Fermi energy shift (Ry) =     0.0000E+00     0.0000E+00

      iter #   1 total cpu time :  3642.9 secs   av.it.:   4.9
      thresh= 1.000E-02 alpha_mix =  0.700 |ddv_scf|^2 =  9.346E-09

     Pert. #  1: Fermi energy shift (Ry) =     0.0000E+00     0.0000E+00

      iter #   2 total cpu time :  3664.2 secs   av.it.:  17.4
      thresh= 9.668E-06 alpha_mix =  0.700 |ddv_scf|^2 =  4.429E-09

     Pert. #  1: Fermi energy shift (Ry) =     0.0000E+00     0.0000E+00

      iter #   3 total cpu time :  3685.1 secs   av.it.:  16.8
      thresh= 6.655E-06 alpha_mix =  0.700 |ddv_scf|^2 =  9.612E-11

     Pert. #  1: Fermi energy shift (Ry) =     0.0000E+00     0.0000E+00

      iter #   4 total cpu time :  3706.3 secs   av.it.:  17.0
      thresh= 9.804E-07 alpha_mix =  0.700 |ddv_scf|^2 =  3.282E-12

     Pert. #  1: Fermi energy shift (Ry) =     0.0000E+00     0.0000E+00

      iter #   5 total cpu time :  3727.5 secs   av.it.:  17.4
      thresh= 1.812E-07 alpha_mix =  0.700 |ddv_scf|^2 =  8.040E-13

     Pert. #  1: Fermi energy shift (Ry) =     0.0000E+00     0.0000E+00

      iter #   6 total cpu time :  3748.6 secs   av.it.:  16.8
      thresh= 8.967E-08 alpha_mix =  0.700 |ddv_scf|^2 =  4.268E-14

     Pert. #  1: Fermi energy shift (Ry) =     0.0000E+00     0.0000E+00

      iter #   7 total cpu time :  3769.8 secs   av.it.:  17.1
      thresh= 2.066E-08 alpha_mix =  0.700 |ddv_scf|^2 =  1.633E-15

     End of self-consistent calculation

     Convergence has been achieved 


     Representation #  25 mode #  25

     Self-consistent Calculation

     Pert. #  1: Fermi energy shift (Ry) =     0.0000E+00     0.0000E+00

      iter #   1 total cpu time :  3781.6 secs   av.it.:   4.8
      thresh= 1.000E-02 alpha_mix =  0.700 |ddv_scf|^2 =  7.419E-09

     Pert. #  1: Fermi energy shift (Ry) =     0.0000E+00     0.0000E+00

      iter #   2 total cpu time :  3802.9 secs   av.it.:  17.0
      thresh= 8.613E-06 alpha_mix =  0.700 |ddv_scf|^2 =  2.988E-09

     Pert. #  1: Fermi energy shift (Ry) =     0.0000E+00     0.0000E+00

      iter #   3 total cpu time :  3823.8 secs   av.it.:  16.8
      thresh= 5.466E-06 alpha_mix =  0.700 |ddv_scf|^2 =  9.337E-11

     Pert. #  1: Fermi energy shift (Ry) =     0.0000E+00     0.0000E+00

      iter #   4 total cpu time :  3844.5 secs   av.it.:  17.0
      thresh= 9.663E-07 alpha_mix =  0.700 |ddv_scf|^2 =  1.623E-12

     Pert. #  1: Fermi energy shift (Ry) =     0.0000E+00     0.0000E+00

      iter #   5 total cpu time :  3865.6 secs   av.it.:  17.0
      thresh= 1.274E-07 alpha_mix =  0.700 |ddv_scf|^2 =  8.929E-14

     Pert. #  1: Fermi energy shift (Ry) =     0.0000E+00     0.0000E+00

      iter #   6 total cpu time :  3887.1 secs   av.it.:  17.2
      thresh= 2.988E-08 alpha_mix =  0.700 |ddv_scf|^2 =  1.863E-14

     Pert. #  1: Fermi energy shift (Ry) =     0.0000E+00     0.0000E+00

      iter #   7 total cpu time :  3907.8 secs   av.it.:  16.9
      thresh= 1.365E-08 alpha_mix =  0.700 |ddv_scf|^2 =  1.889E-15

     End of self-consistent calculation

     Convergence has been achieved 


     Representation #  26 mode #  26

     Self-consistent Calculation

     Pert. #  1: Fermi energy shift (Ry) =     0.0000E+00     0.0000E+00

      iter #   1 total cpu time :  3919.8 secs   av.it.:   4.9
      thresh= 1.000E-02 alpha_mix =  0.700 |ddv_scf|^2 =  7.401E-09

     Pert. #  1: Fermi energy shift (Ry) =     0.0000E+00     0.0000E+00

      iter #   2 total cpu time :  3941.4 secs   av.it.:  17.8
      thresh= 8.603E-06 alpha_mix =  0.700 |ddv_scf|^2 =  4.949E-09

     Pert. #  1: Fermi energy shift (Ry) =     0.0000E+00     0.0000E+00

      iter #   3 total cpu time :  3962.3 secs   av.it.:  16.8
      thresh= 7.035E-06 alpha_mix =  0.700 |ddv_scf|^2 =  3.010E-11

     Pert. #  1: Fermi energy shift (Ry) =     0.0000E+00     0.0000E+00

      iter #   4 total cpu time :  3983.7 secs   av.it.:  17.2
      thresh= 5.487E-07 alpha_mix =  0.700 |ddv_scf|^2 =  2.576E-12

     Pert. #  1: Fermi energy shift (Ry) =     0.0000E+00     0.0000E+00

      iter #   5 total cpu time :  4005.2 secs   av.it.:  17.2
      thresh= 1.605E-07 alpha_mix =  0.700 |ddv_scf|^2 =  4.297E-13

     Pert. #  1: Fermi energy shift (Ry) =     0.0000E+00     0.0000E+00

      iter #   6 total cpu time :  4026.2 secs   av.it.:  17.0
      thresh= 6.555E-08 alpha_mix =  0.700 |ddv_scf|^2 =  2.665E-14

     Pert. #  1: Fermi energy shift (Ry) =     0.0000E+00     0.0000E+00

      iter #   7 total cpu time :  4047.1 secs   av.it.:  16.9
      thresh= 1.633E-08 alpha_mix =  0.700 |ddv_scf|^2 =  1.223E-15

     End of self-consistent calculation

     Convergence has been achieved 


     Representation #  27 mode #  27

     Self-consistent Calculation

     Pert. #  1: Fermi energy shift (Ry) =     0.0000E+00     0.0000E+00

      iter #   1 total cpu time :  4063.4 secs   av.it.:   9.0
      thresh= 1.000E-02 alpha_mix =  0.700 |ddv_scf|^2 =  2.043E-06

     Pert. #  1: Fermi energy shift (Ry) =     0.0000E+00     0.0000E+00

      iter #   2 total cpu time :  4084.9 secs   av.it.:  17.5
      thresh= 1.429E-04 alpha_mix =  0.700 |ddv_scf|^2 =  1.126E-06

     Pert. #  1: Fermi energy shift (Ry) =     0.0000E+00     0.0000E+00

      iter #   3 total cpu time :  4105.9 secs   av.it.:  16.6
      thresh= 1.061E-04 alpha_mix =  0.700 |ddv_scf|^2 =  8.870E-09

     Pert. #  1: Fermi energy shift (Ry) =     0.0000E+00     0.0000E+00

      iter #   4 total cpu time :  4127.6 secs   av.it.:  17.1
      thresh= 9.418E-06 alpha_mix =  0.700 |ddv_scf|^2 =  6.799E-11

     Pert. #  1: Fermi energy shift (Ry) =     0.0000E+00     0.0000E+00

      iter #   5 total cpu time :  4149.6 secs   av.it.:  17.6
      thresh= 8.245E-07 alpha_mix =  0.700 |ddv_scf|^2 =  9.783E-12

     Pert. #  1: Fermi energy shift (Ry) =     0.0000E+00     0.0000E+00

      iter #   6 total cpu time :  4171.5 secs   av.it.:  17.6
      thresh= 3.128E-07 alpha_mix =  0.700 |ddv_scf|^2 =  1.699E-12

     Pert. #  1: Fermi energy shift (Ry) =     0.0000E+00     0.0000E+00

      iter #   7 total cpu time :  4193.1 secs   av.it.:  17.0
      thresh= 1.304E-07 alpha_mix =  0.700 |ddv_scf|^2 =  7.147E-14

     Pert. #  1: Fermi energy shift (Ry) =     0.0000E+00     0.0000E+00

      iter #   8 total cpu time :  4214.6 secs   av.it.:  17.0
      thresh= 2.673E-08 alpha_mix =  0.700 |ddv_scf|^2 =  6.016E-15

     End of self-consistent calculation

     Convergence has been achieved 


     Representation #  28 mode #  28

     Self-consistent Calculation

     Pert. #  1: Fermi energy shift (Ry) =     2.1684E-19    -2.4074E-35

      iter #   1 total cpu time :  4226.6 secs   av.it.:   4.8
      thresh= 1.000E-02 alpha_mix =  0.700 |ddv_scf|^2 =  6.510E-09

     Pert. #  1: Fermi energy shift (Ry) =    -2.1176E-22     4.7020E-38

      iter #   2 total cpu time :  4248.5 secs   av.it.:  17.5
      thresh= 8.068E-06 alpha_mix =  0.700 |ddv_scf|^2 =  4.582E-09

     Pert. #  1: Fermi energy shift (Ry) =     8.4703E-22    -1.8808E-37

      iter #   3 total cpu time :  4269.6 secs   av.it.:  16.8
      thresh= 6.769E-06 alpha_mix =  0.700 |ddv_scf|^2 =  2.120E-11

     Pert. #  1: Fermi energy shift (Ry) =     0.0000E+00     0.0000E+00

      iter #   4 total cpu time :  4291.2 secs   av.it.:  17.2
      thresh= 4.605E-07 alpha_mix =  0.700 |ddv_scf|^2 =  2.053E-12

     Pert. #  1: Fermi energy shift (Ry) =     0.0000E+00     2.9387E-39

      iter #   5 total cpu time :  4312.9 secs   av.it.:  17.4
      thresh= 1.433E-07 alpha_mix =  0.700 |ddv_scf|^2 =  4.859E-13

     Pert. #  1: Fermi energy shift (Ry) =     0.0000E+00     1.1755E-38

      iter #   6 total cpu time :  4334.1 secs   av.it.:  16.9
      thresh= 6.971E-08 alpha_mix =  0.700 |ddv_scf|^2 =  1.339E-14

     Pert. #  1: Fermi energy shift (Ry) =     0.0000E+00     1.1755E-38

      iter #   7 total cpu time :  4355.5 secs   av.it.:  16.9
      thresh= 1.157E-08 alpha_mix =  0.700 |ddv_scf|^2 =  6.884E-16

     End of self-consistent calculation

     Convergence has been achieved 


     Representation #  29 mode #  29

     Self-consistent Calculation

     Pert. #  1: Fermi energy shift (Ry) =     0.0000E+00    -1.2037E-35

      iter #   1 total cpu time :  4367.7 secs   av.it.:   4.9
      thresh= 1.000E-02 alpha_mix =  0.700 |ddv_scf|^2 =  7.205E-09

     Pert. #  1: Fermi energy shift (Ry) =    -2.1176E-22     0.0000E+00

      iter #   2 total cpu time :  4389.5 secs   av.it.:  17.5
      thresh= 8.489E-06 alpha_mix =  0.700 |ddv_scf|^2 =  4.822E-09

     Pert. #  1: Fermi energy shift (Ry) =     0.0000E+00    -1.8808E-37

      iter #   3 total cpu time :  4410.5 secs   av.it.:  16.8
      thresh= 6.944E-06 alpha_mix =  0.700 |ddv_scf|^2 =  3.102E-11

     Pert. #  1: Fermi energy shift (Ry) =    -1.0588E-22     0.0000E+00

      iter #   4 total cpu time :  4432.4 secs   av.it.:  17.6
      thresh= 5.570E-07 alpha_mix =  0.700 |ddv_scf|^2 =  3.232E-12

     Pert. #  1: Fermi energy shift (Ry) =    -1.0588E-22     0.0000E+00

      iter #   5 total cpu time :  4454.1 secs   av.it.:  17.5
      thresh= 1.798E-07 alpha_mix =  0.700 |ddv_scf|^2 =  4.611E-13

     Pert. #  1: Fermi energy shift (Ry) =    -1.0588E-22     0.0000E+00

      iter #   6 total cpu time :  4475.5 secs   av.it.:  16.9
      thresh= 6.790E-08 alpha_mix =  0.700 |ddv_scf|^2 =  2.610E-14

     Pert. #  1: Fermi energy shift (Ry) =    -1.0588E-22     1.8367E-40

      iter #   7 total cpu time :  4496.8 secs   av.it.:  16.8
      thresh= 1.616E-08 alpha_mix =  0.700 |ddv_scf|^2 =  1.505E-15

     End of self-consistent calculation

     Convergence has been achieved 


     Representation #  30 mode #  30

     Self-consistent Calculation

     Pert. #  1: Fermi energy shift (Ry) =     0.0000E+00     0.0000E+00

      iter #   1 total cpu time :  4513.3 secs   av.it.:   9.0
      thresh= 1.000E-02 alpha_mix =  0.700 |ddv_scf|^2 =  2.094E-06

     Pert. #  1: Fermi energy shift (Ry) =     0.0000E+00     0.0000E+00

      iter #   2 total cpu time :  4535.0 secs   av.it.:  17.4
      thresh= 1.447E-04 alpha_mix =  0.700 |ddv_scf|^2 =  1.235E-06

     Pert. #  1: Fermi energy shift (Ry) =     0.0000E+00     0.0000E+00

      iter #   3 total cpu time :  4556.0 secs   av.it.:  16.8
      thresh= 1.111E-04 alpha_mix =  0.700 |ddv_scf|^2 =  9.091E-09

     Pert. #  1: Fermi energy shift (Ry) =     0.0000E+00     0.0000E+00

      iter #   4 total cpu time :  4577.5 secs   av.it.:  17.1
      thresh= 9.535E-06 alpha_mix =  0.700 |ddv_scf|^2 =  7.004E-11

     Pert. #  1: Fermi energy shift (Ry) =     0.0000E+00     0.0000E+00

      iter #   5 total cpu time :  4599.4 secs   av.it.:  17.8
      thresh= 8.369E-07 alpha_mix =  0.700 |ddv_scf|^2 =  1.039E-11

     Pert. #  1: Fermi energy shift (Ry) =     0.0000E+00     0.0000E+00

      iter #   6 total cpu time :  4621.2 secs   av.it.:  17.4
      thresh= 3.223E-07 alpha_mix =  0.700 |ddv_scf|^2 =  1.730E-12

     Pert. #  1: Fermi energy shift (Ry) =     0.0000E+00     0.0000E+00

      iter #   7 total cpu time :  4642.6 secs   av.it.:  16.9
      thresh= 1.315E-07 alpha_mix =  0.700 |ddv_scf|^2 =  7.148E-14

     Pert. #  1: Fermi energy shift (Ry) =     0.0000E+00     0.0000E+00

      iter #   8 total cpu time :  4664.1 secs   av.it.:  17.5
      thresh= 2.674E-08 alpha_mix =  0.700 |ddv_scf|^2 =  6.243E-15

     End of self-consistent calculation

     Convergence has been achieved 


     Representation #  31 mode #  31

     Self-consistent Calculation

     Pert. #  1: Fermi energy shift (Ry) =    -4.3368E-19     0.0000E+00

      iter #   1 total cpu time :  4676.4 secs   av.it.:   5.0
      thresh= 1.000E-02 alpha_mix =  0.700 |ddv_scf|^2 =  9.204E-09

     Pert. #  1: Fermi energy shift (Ry) =    -8.4703E-22     0.0000E+00

      iter #   2 total cpu time :  4698.2 secs   av.it.:  17.4
      thresh= 9.594E-06 alpha_mix =  0.700 |ddv_scf|^2 =  5.322E-09

     Pert. #  1: Fermi energy shift (Ry) =    -8.4703E-22     0.0000E+00

      iter #   3 total cpu time :  4719.4 secs   av.it.:  16.8
      thresh= 7.295E-06 alpha_mix =  0.700 |ddv_scf|^2 =  5.599E-11

     Pert. #  1: Fermi energy shift (Ry) =    -4.2352E-22     0.0000E+00

      iter #   4 total cpu time :  4740.9 secs   av.it.:  17.1
      thresh= 7.482E-07 alpha_mix =  0.700 |ddv_scf|^2 =  2.886E-12

     Pert. #  1: Fermi energy shift (Ry) =    -4.2352E-22     0.0000E+00

      iter #   5 total cpu time :  4762.5 secs   av.it.:  17.1
      thresh= 1.699E-07 alpha_mix =  0.700 |ddv_scf|^2 =  6.821E-13

     Pert. #  1: Fermi energy shift (Ry) =    -4.2352E-22     0.0000E+00

      iter #   6 total cpu time :  4783.7 secs   av.it.:  16.9
      thresh= 8.259E-08 alpha_mix =  0.700 |ddv_scf|^2 =  3.349E-14

     Pert. #  1: Fermi energy shift (Ry) =    -4.2352E-22     0.0000E+00

      iter #   7 total cpu time :  4805.1 secs   av.it.:  17.1
      thresh= 1.830E-08 alpha_mix =  0.700 |ddv_scf|^2 =  1.549E-15

     End of self-consistent calculation

     Convergence has been achieved 


     Representation #  32 mode #  32

     Self-consistent Calculation

     Pert. #  1: Fermi energy shift (Ry) =     0.0000E+00     0.0000E+00

      iter #   1 total cpu time :  4817.5 secs   av.it.:   5.0
      thresh= 1.000E-02 alpha_mix =  0.700 |ddv_scf|^2 =  9.369E-09

     Pert. #  1: Fermi energy shift (Ry) =     0.0000E+00     0.0000E+00

      iter #   2 total cpu time :  4839.0 secs   av.it.:  17.8
      thresh= 9.679E-06 alpha_mix =  0.700 |ddv_scf|^2 =  5.845E-09

     Pert. #  1: Fermi energy shift (Ry) =     0.0000E+00     0.0000E+00

      iter #   3 total cpu time :  4860.3 secs   av.it.:  16.8
      thresh= 7.645E-06 alpha_mix =  0.700 |ddv_scf|^2 =  4.325E-11

     Pert. #  1: Fermi energy shift (Ry) =     0.0000E+00     0.0000E+00

      iter #   4 total cpu time :  4881.8 secs   av.it.:  17.2
      thresh= 6.577E-07 alpha_mix =  0.700 |ddv_scf|^2 =  2.964E-12

     Pert. #  1: Fermi energy shift (Ry) =     0.0000E+00     0.0000E+00

      iter #   5 total cpu time :  4903.3 secs   av.it.:  17.2
      thresh= 1.721E-07 alpha_mix =  0.700 |ddv_scf|^2 =  7.660E-13

     Pert. #  1: Fermi energy shift (Ry) =     0.0000E+00     0.0000E+00

      iter #   6 total cpu time :  4924.5 secs   av.it.:  16.9
      thresh= 8.752E-08 alpha_mix =  0.700 |ddv_scf|^2 =  1.927E-14

     Pert. #  1: Fermi energy shift (Ry) =     0.0000E+00     0.0000E+00

      iter #   7 total cpu time :  4946.0 secs   av.it.:  17.1
      thresh= 1.388E-08 alpha_mix =  0.700 |ddv_scf|^2 =  1.326E-15

     End of self-consistent calculation

     Convergence has been achieved 


     Representation #  33 mode #  33

     Self-consistent Calculation

     Pert. #  1: Fermi energy shift (Ry) =     0.0000E+00     0.0000E+00

      iter #   1 total cpu time :  4963.1 secs   av.it.:   9.8
      thresh= 1.000E-02 alpha_mix =  0.700 |ddv_scf|^2 =  2.109E-06

     Pert. #  1: Fermi energy shift (Ry) =     0.0000E+00     0.0000E+00

      iter #   2 total cpu time :  4984.8 secs   av.it.:  17.9
      thresh= 1.452E-04 alpha_mix =  0.700 |ddv_scf|^2 =  1.561E-06

     Pert. #  1: Fermi energy shift (Ry) =     0.0000E+00     0.0000E+00

      iter #   3 total cpu time :  5005.7 secs   av.it.:  16.8
      thresh= 1.249E-04 alpha_mix =  0.700 |ddv_scf|^2 =  2.566E-09

     Pert. #  1: Fermi energy shift (Ry) =     0.0000E+00     0.0000E+00

      iter #   4 total cpu time :  5027.8 secs   av.it.:  18.0
      thresh= 5.065E-06 alpha_mix =  0.700 |ddv_scf|^2 =  1.609E-10

     Pert. #  1: Fermi energy shift (Ry) =     0.0000E+00     0.0000E+00

      iter #   5 total cpu time :  5049.6 secs   av.it.:  17.6
      thresh= 1.268E-06 alpha_mix =  0.700 |ddv_scf|^2 =  4.140E-11

     Pert. #  1: Fermi energy shift (Ry) =     0.0000E+00     0.0000E+00

      iter #   6 total cpu time :  5070.9 secs   av.it.:  17.1
      thresh= 6.434E-07 alpha_mix =  0.700 |ddv_scf|^2 =  6.235E-13

     Pert. #  1: Fermi energy shift (Ry) =     0.0000E+00     0.0000E+00

      iter #   7 total cpu time :  5092.7 secs   av.it.:  17.8
      thresh= 7.896E-08 alpha_mix =  0.700 |ddv_scf|^2 =  5.191E-14

     Pert. #  1: Fermi energy shift (Ry) =     0.0000E+00     0.0000E+00

      iter #   8 total cpu time :  5114.2 secs   av.it.:  17.2
      thresh= 2.278E-08 alpha_mix =  0.700 |ddv_scf|^2 =  1.055E-14

     Pert. #  1: Fermi energy shift (Ry) =     0.0000E+00     0.0000E+00

      iter #   9 total cpu time :  5135.4 secs   av.it.:  17.0
      thresh= 1.027E-08 alpha_mix =  0.700 |ddv_scf|^2 =  1.294E-15

     End of self-consistent calculation

     Convergence has been achieved 


     Representation #  34 mode #  34

     Self-consistent Calculation

     Pert. #  1: Fermi energy shift (Ry) =     0.0000E+00     0.0000E+00

      iter #   1 total cpu time :  5147.4 secs   av.it.:   4.9
      thresh= 1.000E-02 alpha_mix =  0.700 |ddv_scf|^2 =  8.239E-09

     Pert. #  1: Fermi energy shift (Ry) =     0.0000E+00     0.0000E+00

      iter #   2 total cpu time :  5169.1 secs   av.it.:  17.6
      thresh= 9.077E-06 alpha_mix =  0.700 |ddv_scf|^2 =  3.417E-09

     Pert. #  1: Fermi energy shift (Ry) =     0.0000E+00     0.0000E+00

      iter #   3 total cpu time :  5190.3 secs   av.it.:  16.8
      thresh= 5.846E-06 alpha_mix =  0.700 |ddv_scf|^2 =  1.086E-10

     Pert. #  1: Fermi energy shift (Ry) =     0.0000E+00     0.0000E+00

      iter #   4 total cpu time :  5211.6 secs   av.it.:  16.9
      thresh= 1.042E-06 alpha_mix =  0.700 |ddv_scf|^2 =  2.707E-12

     Pert. #  1: Fermi energy shift (Ry) =     0.0000E+00     0.0000E+00

      iter #   5 total cpu time :  5233.3 secs   av.it.:  17.8
      thresh= 1.645E-07 alpha_mix =  0.700 |ddv_scf|^2 =  6.118E-13

     Pert. #  1: Fermi energy shift (Ry) =     0.0000E+00     0.0000E+00

      iter #   6 total cpu time :  5254.5 secs   av.it.:  16.8
      thresh= 7.822E-08 alpha_mix =  0.700 |ddv_scf|^2 =  4.894E-14

     Pert. #  1: Fermi energy shift (Ry) =     0.0000E+00     0.0000E+00

      iter #   7 total cpu time :  5275.6 secs   av.it.:  17.0
      thresh= 2.212E-08 alpha_mix =  0.700 |ddv_scf|^2 =  1.829E-15

     End of self-consistent calculation

     Convergence has been achieved 


     Representation #  35 mode #  35

     Self-consistent Calculation

     Pert. #  1: Fermi energy shift (Ry) =     0.0000E+00     0.0000E+00

      iter #   1 total cpu time :  5287.5 secs   av.it.:   4.9
      thresh= 1.000E-02 alpha_mix =  0.700 |ddv_scf|^2 =  5.886E-09

     Pert. #  1: Fermi energy shift (Ry) =     0.0000E+00     0.0000E+00

      iter #   2 total cpu time :  5309.0 secs   av.it.:  17.2
      thresh= 7.672E-06 alpha_mix =  0.700 |ddv_scf|^2 =  3.117E-09

     Pert. #  1: Fermi energy shift (Ry) =     0.0000E+00     0.0000E+00

      iter #   3 total cpu time :  5330.2 secs   av.it.:  16.8
      thresh= 5.583E-06 alpha_mix =  0.700 |ddv_scf|^2 =  4.471E-11

     Pert. #  1: Fermi energy shift (Ry) =     0.0000E+00     0.0000E+00

      iter #   4 total cpu time :  5351.6 secs   av.it.:  17.1
      thresh= 6.687E-07 alpha_mix =  0.700 |ddv_scf|^2 =  2.736E-12

     Pert. #  1: Fermi energy shift (Ry) =     0.0000E+00     0.0000E+00

      iter #   5 total cpu time :  5372.6 secs   av.it.:  17.6
      thresh= 1.654E-07 alpha_mix =  0.700 |ddv_scf|^2 =  6.630E-13

     Pert. #  1: Fermi energy shift (Ry) =     0.0000E+00     0.0000E+00

      iter #   6 total cpu time :  5393.7 secs   av.it.:  16.8
      thresh= 8.142E-08 alpha_mix =  0.700 |ddv_scf|^2 =  1.904E-14
