
     Program PHONON v.6.7MaX starts on 15Feb2026 at  5:53: 1 

     This program is part of the open-source Quantum ESPRESSO suite
     for quantum simulation of materials; please cite
         "P. Giannozzi et al., J. Phys.:Condens. Matter 21 395502 (2009);
         "P. Giannozzi et al., J. Phys.:Condens. Matter 29 465901 (2017);
          URL http://www.quantum-espresso.org", 
     in publications or presentations arising from this work. More details at
     http://www.quantum-espresso.org/quote

     Parallel version (MPI), running on     2 processors

     MPI processes distributed on     1 nodes
     R & G space division:  proc/nbgrp/npool/nimage =       2
     Waiting for input...
     Reading input from standard input

     Reading xml data from directory:

     ./tmp/EuGaH4.save/
     file Eu.UPF: wavefunction(s)  5S 4D 5D 4F renormalized
     file Ga.UPF: wavefunction(s)  4S renormalized
     file H.UPF: wavefunction(s)  1S renormalized

     IMPORTANT: XC functional enforced from input :
     Exchange-correlation= PBE
                           (   1   4   3   4   0   0   0)
     Any further DFT definition will be discarded
     Please, verify this is what you really want


     Parallelization info
     --------------------
     sticks:   dense  smooth     PW     G-vecs:    dense   smooth      PW
     Min         534     267     93                17536     6164    1177
     Max         535     268     94                17541     6165    1178
     Sum        1069     535    187                35077    12329    2355

     Reading collected, re-writing distributed wavefunctions


     Dynamical matrices for ( 2, 2, 2)  uniform grid of q-points
     (   8 q-points):
       N         xq(1)         xq(2)         xq(3) 
       1   0.000000000   0.000000000   0.000000000
       2   0.000000000   0.000000000  -0.465448735
       3  -0.577511965  -0.333426433   0.000000000
       4  -0.577511965  -0.333426433  -0.465448735
       5  -0.577513887   0.333429843   0.000000000
       6  -0.577513887   0.333429843  -0.465448735
       7  -1.155025852   0.000003410   0.000000000
       8  -1.155025852   0.000003410  -0.465448735

     Calculation of q =    0.0000000   0.0000000   0.0000000

Possibly too few bands at point    4  -0.57751  -0.33343  -0.46545

Possibly too few bands at point    6  -0.57751   0.33343  -0.46545

Possibly too few bands at point    8  -1.15503   0.00000  -0.46545

     Phonons                                                                    

     bravais-lattice index     =            0
     lattice parameter (alat)  =       7.1935  a.u.
     unit-cell volume          =     259.5716 (a.u.)^3
     number of atoms/cell      =            6
     number of atomic types    =            3
     kinetic-energy cut-off    =      50.0000  Ry
     charge density cut-off    =     400.0000  Ry
     convergence threshold     =      1.0E-14
     beta                      =       0.7000
     number of iterations used =            4
     Exchange-correlation= PBE
                           (   1   4   3   4   0   0   0)


     celldm(1)=    7.19346  celldm(2)=    0.00000  celldm(3)=    0.00000
     celldm(4)=    0.00000  celldm(5)=    0.00000  celldm(6)=    0.00000

     crystal axes: (cart. coord. in units of alat)
               a(1) = (  0.4329 -0.7498  0.0000 )  
               a(2) = (  0.4329  0.7498  0.0000 )  
               a(3) = (  0.0000  0.0000  1.0742 )  

     reciprocal axes: (cart. coord. in units 2 pi/alat)
               b(1) = (  1.1550 -0.6669  0.0000 )  
               b(2) = (  1.1550  0.6669 -0.0000 )  
               b(3) = ( -0.0000  0.0000  0.9309 )  


     Atoms inside the unit cell: 

     Cartesian axes

     site n.  atom      mass           positions (alat units)
        1     Eu   1.0000   tau(    1) = (    0.43280   -0.24985    0.80567  )
        2     Ga   1.0000   tau(    2) = (    0.43288    0.24996    0.26856  )
        3     H    1.0000   tau(    3) = (    0.43284    0.24995    0.80567  )
        4     H    1.0000   tau(    4) = (    0.43299   -0.24999    0.26856  )
        5     H    1.0000   tau(    5) = (    0.00003   -0.00003    0.54286  )
        6     H    1.0000   tau(    6) = (    0.00003   -0.00003   -0.00574  )

     Computing dynamical matrix for 
                    q = (   0.0000000   0.0000000   0.0000000 )

      3 Sym.Ops. (with q -> -q+G )


     G cutoff =  524.2949  (  17541 G-vectors)     FFT grid: ( 40, 40, 50)
     G cutoff =  262.1474  (   6165 G-vectors)  smooth grid: ( 30, 30, 36)

     number of k points=     8  Methfessel-Paxton smearing, width (Ry)=  0.0200

     PseudoPot. # 1 for Eu read from file:
     /home/marco/ZOS_Cloud_Compute/pseudo/Eu.UPF
     MD5 check sum: 6c69c8be363c5f03189087bb07222298
     Pseudo is Projector augmented-wave + core cor, Zval = 27.0
     Generated using "atomic" code by A. Dal Corso  v.5.1.2
     Shape of augmentation charge: PSQ
     Using radial grid of 1261 points,  8 beta functions with: 
                l(1) =   0
                l(2) =   0
                l(3) =   1
                l(4) =   1
                l(5) =   2
                l(6) =   2
                l(7) =   3
                l(8) =   3
     Q(r) pseudized with 0 coefficients 


     PseudoPot. # 2 for Ga read from file:
     /home/marco/ZOS_Cloud_Compute/pseudo/Ga.UPF
     MD5 check sum: 79e63b61437c88080bf469cc04ca4be8
     Pseudo is Projector augmented-wave + core cor, Zval = 13.0
     Generated using "atomic" code by A. Dal Corso  v.5.1.2
     Shape of augmentation charge: PSQ
     Using radial grid of 1205 points,  6 beta functions with: 
                l(1) =   0
                l(2) =   0
                l(3) =   1
                l(4) =   1
                l(5) =   2
                l(6) =   2
     Q(r) pseudized with 0 coefficients 


     PseudoPot. # 3 for H  read from file:
     /home/marco/ZOS_Cloud_Compute/pseudo/H.UPF
     MD5 check sum: 850d63dcbcc06c5de8b44e0ab9f952da
     Pseudo is Projector augmented-wave, Zval =  1.0
     Generated using "atomic" code by A. Dal Corso  v.5.1.2
     Shape of augmentation charge: PSQ
     Using radial grid of  929 points,  2 beta functions with: 
                l(1) =   0
                l(2) =   0
     Q(r) pseudized with 0 coefficients 


     Mode symmetry, C_s (m)     point group:


     Atomic displacements:
     There are   18 irreducible representations

     Representation     1      1 modes -  To be done

     Representation     2      1 modes -  To be done

     Representation     3      1 modes -  To be done

     Representation     4      1 modes -  To be done

     Representation     5      1 modes -  To be done

     Representation     6      1 modes -  To be done

     Representation     7      1 modes -  To be done

     Representation     8      1 modes -  To be done

     Representation     9      1 modes -  To be done

     Representation    10      1 modes -  To be done

     Representation    11      1 modes -  To be done

     Representation    12      1 modes -  To be done

     Representation    13      1 modes -  To be done

     Representation    14      1 modes -  To be done

     Representation    15      1 modes -  To be done

     Representation    16      1 modes -  To be done

     Representation    17      1 modes -  To be done

     Representation    18      1 modes -  To be done



     Alpha used in Ewald sum =   2.8000
     PHONON       :     21.09s CPU     27.53s WALL



     Representation #   1 mode #   1

     Self-consistent Calculation

     Pert. #  1: Fermi energy shift (Ry) =     3.9169E-02    -2.0680E-25

      iter #   1 total cpu time :    35.1 secs   av.it.:   7.0
      thresh= 1.000E-02 alpha_mix =  0.700 |ddv_scf|^2 =  3.164E-07

     Pert. #  1: Fermi energy shift (Ry) =    -5.2118E-01    -4.1359E-25

      iter #   2 total cpu time :    46.6 secs   av.it.:  26.8
      thresh= 5.625E-05 alpha_mix =  0.700 |ddv_scf|^2 =  1.573E-05

     Pert. #  1: Fermi energy shift (Ry) =     1.3393E-01    -1.6544E-24

      iter #   3 total cpu time :    56.1 secs   av.it.:  20.2
      thresh= 3.966E-04 alpha_mix =  0.700 |ddv_scf|^2 =  8.726E-07

     Pert. #  1: Fermi energy shift (Ry) =    -1.3606E-02    -3.1019E-25

      iter #   4 total cpu time :    66.9 secs   av.it.:  23.5
      thresh= 9.341E-05 alpha_mix =  0.700 |ddv_scf|^2 =  4.586E-08

     Pert. #  1: Fermi energy shift (Ry) =    -1.4070E-02    -4.1359E-25

      iter #   5 total cpu time :    77.7 secs   av.it.:  23.4
      thresh= 2.141E-05 alpha_mix =  0.700 |ddv_scf|^2 =  8.852E-09

     Pert. #  1: Fermi energy shift (Ry) =    -4.2241E-03    -4.1359E-25

      iter #   6 total cpu time :    88.6 secs   av.it.:  23.6
      thresh= 9.408E-06 alpha_mix =  0.700 |ddv_scf|^2 =  6.360E-10

     Pert. #  1: Fermi energy shift (Ry) =    -1.6856E-03    -4.1359E-25

      iter #   7 total cpu time :    99.3 secs   av.it.:  23.6
      thresh= 2.522E-06 alpha_mix =  0.700 |ddv_scf|^2 =  7.498E-11

     Pert. #  1: Fermi energy shift (Ry) =    -1.1866E-03    -4.1359E-25

      iter #   8 total cpu time :   110.2 secs   av.it.:  23.6
      thresh= 8.659E-07 alpha_mix =  0.700 |ddv_scf|^2 =  3.656E-12

     Pert. #  1: Fermi energy shift (Ry) =    -1.3958E-03    -4.1359E-25

      iter #   9 total cpu time :   121.4 secs   av.it.:  25.4
      thresh= 1.912E-07 alpha_mix =  0.700 |ddv_scf|^2 =  7.114E-13

     Pert. #  1: Fermi energy shift (Ry) =    -1.2177E-03    -4.1359E-25

      iter #  10 total cpu time :   132.6 secs   av.it.:  25.1
      thresh= 8.434E-08 alpha_mix =  0.700 |ddv_scf|^2 =  9.605E-13

     Pert. #  1: Fermi energy shift (Ry) =    -1.3498E-03    -4.1359E-25

      iter #  11 total cpu time :   143.3 secs   av.it.:  23.4
      thresh= 9.801E-08 alpha_mix =  0.700 |ddv_scf|^2 =  1.055E-13

     Pert. #  1: Fermi energy shift (Ry) =    -1.1718E-03    -4.1359E-25

      iter #  12 total cpu time :   154.9 secs   av.it.:  26.8
      thresh= 3.249E-08 alpha_mix =  0.700 |ddv_scf|^2 =  1.018E-12

     Pert. #  1: Fermi energy shift (Ry) =    -1.2933E-03    -4.1359E-25

      iter #  13 total cpu time :   165.4 secs   av.it.:  22.1
      thresh= 1.009E-07 alpha_mix =  0.700 |ddv_scf|^2 =  3.634E-14

     Pert. #  1: Fermi energy shift (Ry) =    -1.3004E-03    -4.1359E-25

      iter #  14 total cpu time :   176.3 secs   av.it.:  24.5
      thresh= 1.906E-08 alpha_mix =  0.700 |ddv_scf|^2 =  9.457E-16

     End of self-consistent calculation

     Convergence has been achieved 


     Representation #   2 mode #   2

     Self-consistent Calculation

     Pert. #  1: Fermi energy shift (Ry) =    -3.5864E-05     3.3087E-24

      iter #   1 total cpu time :   183.8 secs   av.it.:   6.0
      thresh= 1.000E-02 alpha_mix =  0.700 |ddv_scf|^2 =  4.587E-08

     Pert. #  1: Fermi energy shift (Ry) =    -1.6253E-03     4.1359E-25

      iter #   2 total cpu time :   194.6 secs   av.it.:  23.9
      thresh= 2.142E-05 alpha_mix =  0.700 |ddv_scf|^2 =  6.040E-09

     Pert. #  1: Fermi energy shift (Ry) =     1.1760E-02     4.1359E-25

      iter #   3 total cpu time :   206.2 secs   av.it.:  27.6
      thresh= 7.772E-06 alpha_mix =  0.700 |ddv_scf|^2 =  1.450E-08

     Pert. #  1: Fermi energy shift (Ry) =    -2.5221E-02     4.1359E-25

      iter #   4 total cpu time :   217.5 secs   av.it.:  25.0
      thresh= 1.204E-05 alpha_mix =  0.700 |ddv_scf|^2 =  3.537E-08

     Pert. #  1: Fermi energy shift (Ry) =     5.9712E-03     2.0680E-25

      iter #   5 total cpu time :   228.1 secs   av.it.:  22.6
      thresh= 1.881E-05 alpha_mix =  0.700 |ddv_scf|^2 =  4.179E-09

     Pert. #  1: Fermi energy shift (Ry) =    -9.7949E-05     4.1359E-25

      iter #   6 total cpu time :   238.4 secs   av.it.:  24.8
      thresh= 6.465E-06 alpha_mix =  0.700 |ddv_scf|^2 =  5.843E-12

     Pert. #  1: Fermi energy shift (Ry) =    -9.3276E-05     4.1359E-25

      iter #   7 total cpu time :   248.8 secs   av.it.:  25.9
      thresh= 2.417E-07 alpha_mix =  0.700 |ddv_scf|^2 =  5.542E-13

     Pert. #  1: Fermi energy shift (Ry) =     1.3171E-04     4.1359E-25

      iter #   8 total cpu time :   260.3 secs   av.it.:  26.6
      thresh= 7.445E-08 alpha_mix =  0.700 |ddv_scf|^2 =  2.722E-12

     Pert. #  1: Fermi energy shift (Ry) =    -5.6630E-05     4.1359E-25

      iter #   9 total cpu time :   270.9 secs   av.it.:  22.6
      thresh= 1.650E-07 alpha_mix =  0.700 |ddv_scf|^2 =  1.160E-13

     Pert. #  1: Fermi energy shift (Ry) =     1.3416E-05     4.1359E-25

      iter #  10 total cpu time :   282.2 secs   av.it.:  25.8
      thresh= 3.406E-08 alpha_mix =  0.700 |ddv_scf|^2 =  1.304E-13

     Pert. #  1: Fermi energy shift (Ry) =    -4.4252E-05     4.1359E-25

      iter #  11 total cpu time :   292.1 secs   av.it.:  22.0
      thresh= 3.611E-08 alpha_mix =  0.700 |ddv_scf|^2 =  1.223E-14

     Pert. #  1: Fermi energy shift (Ry) =    -3.1695E-05     4.1359E-25

      iter #  12 total cpu time :   303.1 secs   av.it.:  24.6
      thresh= 1.106E-08 alpha_mix =  0.700 |ddv_scf|^2 =  2.248E-16

     End of self-consistent calculation

     Convergence has been achieved 


     Representation #   3 mode #   3

     Self-consistent Calculation

     Pert. #  1: Fermi energy shift (Ry) =     1.8222E-05     0.0000E+00

      iter #   1 total cpu time :   310.5 secs   av.it.:   6.1
      thresh= 1.000E-02 alpha_mix =  0.700 |ddv_scf|^2 =  1.012E-07

     Pert. #  1: Fermi energy shift (Ry) =    -5.1679E-04     0.0000E+00

      iter #   2 total cpu time :   321.2 secs   av.it.:  25.8
      thresh= 3.181E-05 alpha_mix =  0.700 |ddv_scf|^2 =  1.433E-07

     Pert. #  1: Fermi energy shift (Ry) =     2.0634E-03     0.0000E+00

      iter #   3 total cpu time :   332.4 secs   av.it.:  25.2
      thresh= 3.785E-05 alpha_mix =  0.700 |ddv_scf|^2 =  1.051E-07

     Pert. #  1: Fermi energy shift (Ry) =    -5.3527E-03     0.0000E+00

      iter #   4 total cpu time :   343.2 secs   av.it.:  24.0
      thresh= 3.242E-05 alpha_mix =  0.700 |ddv_scf|^2 =  4.230E-09

     Pert. #  1: Fermi energy shift (Ry) =     2.6109E-02     0.0000E+00

      iter #   5 total cpu time :   354.6 secs   av.it.:  26.2
      thresh= 6.504E-06 alpha_mix =  0.700 |ddv_scf|^2 =  3.760E-08

     Pert. #  1: Fermi energy shift (Ry) =    -2.0595E-04     0.0000E+00

      iter #   6 total cpu time :   365.0 secs   av.it.:  21.5
      thresh= 1.939E-05 alpha_mix =  0.700 |ddv_scf|^2 =  3.787E-11

     Pert. #  1: Fermi energy shift (Ry) =    -2.4602E-05     0.0000E+00

      iter #   7 total cpu time :   376.3 secs   av.it.:  25.5
      thresh= 6.154E-07 alpha_mix =  0.700 |ddv_scf|^2 =  1.389E-12

     Pert. #  1: Fermi energy shift (Ry) =     1.0820E-04     0.0000E+00

      iter #   8 total cpu time :   387.5 secs   av.it.:  25.4
      thresh= 1.179E-07 alpha_mix =  0.700 |ddv_scf|^2 =  1.024E-12

     Pert. #  1: Fermi energy shift (Ry) =    -2.4787E-05     0.0000E+00

      iter #   9 total cpu time :   398.5 secs   av.it.:  25.0
      thresh= 1.012E-07 alpha_mix =  0.700 |ddv_scf|^2 =  2.377E-13

     Pert. #  1: Fermi energy shift (Ry) =     2.8970E-06     0.0000E+00

      iter #  10 total cpu time :   409.9 secs   av.it.:  25.8
      thresh= 4.876E-08 alpha_mix =  0.700 |ddv_scf|^2 =  1.044E-14

     Pert. #  1: Fermi energy shift (Ry) =    -3.5328E-05     0.0000E+00

      iter #  11 total cpu time :   421.7 secs   av.it.:  27.9
      thresh= 1.022E-08 alpha_mix =  0.700 |ddv_scf|^2 =  1.060E-13

     Pert. #  1: Fermi energy shift (Ry) =     2.0066E-05     0.0000E+00

      iter #  12 total cpu time :   432.2 secs   av.it.:  22.1
      thresh= 3.256E-08 alpha_mix =  0.700 |ddv_scf|^2 =  2.108E-14

     Pert. #  1: Fermi energy shift (Ry) =     7.0420E-06     0.0000E+00

      iter #  13 total cpu time :   442.3 secs   av.it.:  23.2
      thresh= 1.452E-08 alpha_mix =  0.700 |ddv_scf|^2 =  1.709E-15

     End of self-consistent calculation

     Convergence has been achieved 


     Representation #   4 mode #   4

     Self-consistent Calculation

     Pert. #  1: Fermi energy shift (Ry) =    -1.1576E-01    -8.2718E-25

      iter #   1 total cpu time :   450.1 secs   av.it.:   7.4
      thresh= 1.000E-02 alpha_mix =  0.700 |ddv_scf|^2 =  2.075E-06

     Pert. #  1: Fermi energy shift (Ry) =     1.5299E+00     1.0340E-25

      iter #   2 total cpu time :   461.4 secs   av.it.:  25.0
      thresh= 1.440E-04 alpha_mix =  0.700 |ddv_scf|^2 =  1.354E-04

     Pert. #  1: Fermi energy shift (Ry) =    -3.1596E-01    -2.0680E-25

      iter #   3 total cpu time :   471.1 secs   av.it.:  19.8
      thresh= 1.164E-03 alpha_mix =  0.700 |ddv_scf|^2 =  4.600E-06

     Pert. #  1: Fermi energy shift (Ry) =     1.5930E-02     2.0680E-25

      iter #   4 total cpu time :   481.4 secs   av.it.:  21.9
      thresh= 2.145E-04 alpha_mix =  0.700 |ddv_scf|^2 =  7.901E-08

     Pert. #  1: Fermi energy shift (Ry) =     2.7894E-02     1.0340E-25

      iter #   5 total cpu time :   491.5 secs   av.it.:  23.2
      thresh= 2.811E-05 alpha_mix =  0.700 |ddv_scf|^2 =  4.188E-08

     Pert. #  1: Fermi energy shift (Ry) =     5.7271E-03     1.0340E-25

      iter #   6 total cpu time :   501.9 secs   av.it.:  21.5
      thresh= 2.046E-05 alpha_mix =  0.700 |ddv_scf|^2 =  4.479E-10

     Pert. #  1: Fermi energy shift (Ry) =     4.4038E-03     1.0340E-25

      iter #   7 total cpu time :   513.0 secs   av.it.:  25.0
      thresh= 2.116E-06 alpha_mix =  0.700 |ddv_scf|^2 =  1.275E-10

     Pert. #  1: Fermi energy shift (Ry) =     4.0490E-03     1.0340E-25

      iter #   8 total cpu time :   524.1 secs   av.it.:  24.9
      thresh= 1.129E-06 alpha_mix =  0.700 |ddv_scf|^2 =  5.842E-12

     Pert. #  1: Fermi energy shift (Ry) =     3.9484E-03     1.0340E-25

      iter #   9 total cpu time :   534.8 secs   av.it.:  25.5
      thresh= 2.417E-07 alpha_mix =  0.700 |ddv_scf|^2 =  1.282E-12

     Pert. #  1: Fermi energy shift (Ry) =     3.8537E-03     1.0340E-25

      iter #  10 total cpu time :   545.3 secs   av.it.:  22.1
      thresh= 1.132E-07 alpha_mix =  0.700 |ddv_scf|^2 =  7.996E-14

     Pert. #  1: Fermi energy shift (Ry) =     3.8151E-03     1.0340E-25

      iter #  11 total cpu time :   556.1 secs   av.it.:  23.6
      thresh= 2.828E-08 alpha_mix =  0.700 |ddv_scf|^2 =  5.714E-15

     End of self-consistent calculation

     Convergence has been achieved 


     Representation #   5 mode #   5

     Self-consistent Calculation

     Pert. #  1: Fermi energy shift (Ry) =     1.1565E-04     6.6174E-24

      iter #   1 total cpu time :   565.1 secs   av.it.:  13.0
      thresh= 1.000E-02 alpha_mix =  0.700 |ddv_scf|^2 =  1.956E-05

     Pert. #  1: Fermi energy shift (Ry) =    -2.1725E-03    -5.1699E-26

      iter #   2 total cpu time :   575.7 secs   av.it.:  23.0
      thresh= 4.423E-04 alpha_mix =  0.700 |ddv_scf|^2 =  5.598E-07

     Pert. #  1: Fermi energy shift (Ry) =     2.3662E-02    -2.0680E-25

      iter #   3 total cpu time :   587.5 secs   av.it.:  28.1
      thresh= 7.482E-05 alpha_mix =  0.700 |ddv_scf|^2 =  2.297E-06

     Pert. #  1: Fermi energy shift (Ry) =    -5.5528E-02    -8.2718E-25

      iter #   4 total cpu time :   598.4 secs   av.it.:  24.2
      thresh= 1.515E-04 alpha_mix =  0.700 |ddv_scf|^2 =  3.841E-07

     Pert. #  1: Fermi energy shift (Ry) =     1.4521E-01    -1.0340E-25

      iter #   5 total cpu time :   609.7 secs   av.it.:  26.1
      thresh= 6.198E-05 alpha_mix =  0.700 |ddv_scf|^2 =  1.222E-06

     Pert. #  1: Fermi energy shift (Ry) =    -2.4317E-02    -2.0680E-25

      iter #   6 total cpu time :   620.4 secs   av.it.:  23.0
      thresh= 1.105E-04 alpha_mix =  0.700 |ddv_scf|^2 =  6.654E-08

     Pert. #  1: Fermi energy shift (Ry) =     3.2140E-04    -2.0680E-25

      iter #   7 total cpu time :   631.6 secs   av.it.:  25.5
      thresh= 2.580E-05 alpha_mix =  0.700 |ddv_scf|^2 =  2.763E-09

     Pert. #  1: Fermi energy shift (Ry) =     4.8170E-04    -2.0680E-25

      iter #   8 total cpu time :   643.0 secs   av.it.:  26.9
      thresh= 5.256E-06 alpha_mix =  0.700 |ddv_scf|^2 =  1.154E-10

     Pert. #  1: Fermi energy shift (Ry) =    -9.3253E-04    -2.0680E-25

      iter #   9 total cpu time :   654.2 secs   av.it.:  27.0
      thresh= 1.074E-06 alpha_mix =  0.700 |ddv_scf|^2 =  1.140E-10

     Pert. #  1: Fermi energy shift (Ry) =     3.4846E-04    -2.0680E-25

      iter #  10 total cpu time :   664.9 secs   av.it.:  23.2
      thresh= 1.068E-06 alpha_mix =  0.700 |ddv_scf|^2 =  1.140E-11

     Pert. #  1: Fermi energy shift (Ry) =     3.6368E-04    -2.0680E-25

      iter #  11 total cpu time :   676.4 secs   av.it.:  26.5
      thresh= 3.376E-07 alpha_mix =  0.700 |ddv_scf|^2 =  1.129E-11

     Pert. #  1: Fermi energy shift (Ry) =    -1.1852E-03    -2.0680E-25

      iter #  12 total cpu time :   687.8 secs   av.it.:  26.4
      thresh= 3.361E-07 alpha_mix =  0.700 |ddv_scf|^2 =  9.985E-11

     Pert. #  1: Fermi energy shift (Ry) =     8.6104E-05    -2.0680E-25

      iter #  13 total cpu time :   698.2 secs   av.it.:  22.5
      thresh= 9.992E-07 alpha_mix =  0.700 |ddv_scf|^2 =  4.295E-13

     Pert. #  1: Fermi energy shift (Ry) =     2.3178E-05    -2.0680E-25

      iter #  14 total cpu time :   709.9 secs   av.it.:  27.8
      thresh= 6.553E-08 alpha_mix =  0.700 |ddv_scf|^2 =  7.585E-13

     Pert. #  1: Fermi energy shift (Ry) =     7.0734E-05    -2.0680E-25

      iter #  15 total cpu time :   720.7 secs   av.it.:  24.2
      thresh= 8.709E-08 alpha_mix =  0.700 |ddv_scf|^2 =  1.019E-13

     Pert. #  1: Fermi energy shift (Ry) =     3.8572E-05    -2.0680E-25

      iter #  16 total cpu time :   732.0 secs   av.it.:  25.9
      thresh= 3.193E-08 alpha_mix =  0.700 |ddv_scf|^2 =  1.142E-14

     Pert. #  1: Fermi energy shift (Ry) =     6.1568E-05    -2.0680E-25

      iter #  17 total cpu time :   743.4 secs   av.it.:  26.8
      thresh= 1.069E-08 alpha_mix =  0.700 |ddv_scf|^2 =  1.571E-14

     Pert. #  1: Fermi energy shift (Ry) =     3.9504E-05    -2.0680E-25

      iter #  18 total cpu time :   754.5 secs   av.it.:  24.8
      thresh= 1.253E-08 alpha_mix =  0.700 |ddv_scf|^2 =  7.772E-15

     End of self-consistent calculation

     Convergence has been achieved 


     Representation #   6 mode #   6

     Self-consistent Calculation

     Pert. #  1: Fermi energy shift (Ry) =     4.1058E-05     0.0000E+00

      iter #   1 total cpu time :   762.0 secs   av.it.:   6.2
      thresh= 1.000E-02 alpha_mix =  0.700 |ddv_scf|^2 =  1.009E-07

     Pert. #  1: Fermi energy shift (Ry) =    -5.4340E-04     0.0000E+00

      iter #   2 total cpu time :   773.3 secs   av.it.:  25.8
      thresh= 3.176E-05 alpha_mix =  0.700 |ddv_scf|^2 =  1.426E-07

     Pert. #  1: Fermi energy shift (Ry) =     2.7110E-03     0.0000E+00

      iter #   3 total cpu time :   784.1 secs   av.it.:  25.6
      thresh= 3.776E-05 alpha_mix =  0.700 |ddv_scf|^2 =  1.051E-07

     Pert. #  1: Fermi energy shift (Ry) =    -7.0061E-03     0.0000E+00

      iter #   4 total cpu time :   794.8 secs   av.it.:  23.6
      thresh= 3.242E-05 alpha_mix =  0.700 |ddv_scf|^2 =  5.331E-09

     Pert. #  1: Fermi energy shift (Ry) =     2.5562E-02     0.0000E+00

      iter #   5 total cpu time :   806.0 secs   av.it.:  25.8
      thresh= 7.301E-06 alpha_mix =  0.700 |ddv_scf|^2 =  3.631E-08

     Pert. #  1: Fermi energy shift (Ry) =    -2.0459E-04     0.0000E+00

      iter #   6 total cpu time :   816.3 secs   av.it.:  21.8
      thresh= 1.905E-05 alpha_mix =  0.700 |ddv_scf|^2 =  3.937E-11

     Pert. #  1: Fermi energy shift (Ry) =     5.2647E-05     0.0000E+00

      iter #   7 total cpu time :   827.3 secs   av.it.:  25.5
      thresh= 6.274E-07 alpha_mix =  0.700 |ddv_scf|^2 =  1.459E-12

     Pert. #  1: Fermi energy shift (Ry) =    -9.2004E-05     0.0000E+00

      iter #   8 total cpu time :   838.6 secs   av.it.:  25.9
      thresh= 1.208E-07 alpha_mix =  0.700 |ddv_scf|^2 =  1.658E-12

     Pert. #  1: Fermi energy shift (Ry) =     4.0904E-05     0.0000E+00

      iter #   9 total cpu time :   849.6 secs   av.it.:  24.5
      thresh= 1.288E-07 alpha_mix =  0.700 |ddv_scf|^2 =  1.850E-13

     Pert. #  1: Fermi energy shift (Ry) =     1.4616E-05     0.0000E+00

      iter #  10 total cpu time :   860.9 secs   av.it.:  25.8
      thresh= 4.301E-08 alpha_mix =  0.700 |ddv_scf|^2 =  1.710E-14

     Pert. #  1: Fermi energy shift (Ry) =    -4.2664E-05     0.0000E+00

      iter #  11 total cpu time :   872.6 secs   av.it.:  28.0
      thresh= 1.308E-08 alpha_mix =  0.700 |ddv_scf|^2 =  1.920E-13

     Pert. #  1: Fermi energy shift (Ry) =     3.0896E-05     0.0000E+00

      iter #  12 total cpu time :   882.8 secs   av.it.:  21.2
      thresh= 4.382E-08 alpha_mix =  0.700 |ddv_scf|^2 =  3.093E-14

     Pert. #  1: Fermi energy shift (Ry) =     6.7570E-06     0.0000E+00

      iter #  13 total cpu time :   893.7 secs   av.it.:  23.9
      thresh= 1.759E-08 alpha_mix =  0.700 |ddv_scf|^2 =  3.403E-15

     End of self-consistent calculation

     Convergence has been achieved 


     Representation #   7 mode #   7

     Self-consistent Calculation

     Pert. #  1: Fermi energy shift (Ry) =     3.6849E-05     4.1359E-25

      iter #   1 total cpu time :   904.0 secs   av.it.:  18.2
      thresh= 1.000E-02 alpha_mix =  0.700 |ddv_scf|^2 =  2.467E-04

     Pert. #  1: Fermi energy shift (Ry) =     1.7513E-03    -1.6544E-24

      iter #   2 total cpu time :   915.2 secs   av.it.:  25.1
      thresh= 1.571E-03 alpha_mix =  0.700 |ddv_scf|^2 =  1.453E-04

     Pert. #  1: Fermi energy shift (Ry) =    -9.8491E-03    -1.3235E-23

      iter #   3 total cpu time :   926.2 secs   av.it.:  24.8
      thresh= 1.206E-03 alpha_mix =  0.700 |ddv_scf|^2 =  4.682E-08

     Pert. #  1: Fermi energy shift (Ry) =     9.3667E-02     5.1699E-26

      iter #   4 total cpu time :   938.0 secs   av.it.:  28.4
      thresh= 2.164E-05 alpha_mix =  0.700 |ddv_scf|^2 =  6.671E-07

     Pert. #  1: Fermi energy shift (Ry) =    -7.0222E-02     2.0680E-25

      iter #   5 total cpu time :   948.0 secs   av.it.:  22.2
      thresh= 8.168E-05 alpha_mix =  0.700 |ddv_scf|^2 =  2.934E-07

     Pert. #  1: Fermi energy shift (Ry) =     6.1220E-03     1.0340E-25

      iter #   6 total cpu time :   958.6 secs   av.it.:  22.6
      thresh= 5.416E-05 alpha_mix =  0.700 |ddv_scf|^2 =  7.975E-09

     Pert. #  1: Fermi energy shift (Ry) =     9.0754E-06     1.0340E-25

      iter #   7 total cpu time :   969.6 secs   av.it.:  24.5
      thresh= 8.930E-06 alpha_mix =  0.700 |ddv_scf|^2 =  5.238E-11

     Pert. #  1: Fermi energy shift (Ry) =     3.5631E-05     1.0340E-25

      iter #   8 total cpu time :   980.1 secs   av.it.:  25.9
      thresh= 7.238E-07 alpha_mix =  0.700 |ddv_scf|^2 =  6.410E-12

     Pert. #  1: Fermi energy shift (Ry) =     2.0243E-06     1.0340E-25

      iter #   9 total cpu time :   991.3 secs   av.it.:  26.2
      thresh= 2.532E-07 alpha_mix =  0.700 |ddv_scf|^2 =  9.357E-13

     Pert. #  1: Fermi energy shift (Ry) =    -4.0962E-05     1.0340E-25

      iter #  10 total cpu time :  1002.8 secs   av.it.:  27.4
      thresh= 9.673E-08 alpha_mix =  0.700 |ddv_scf|^2 =  1.688E-12

     Pert. #  1: Fermi energy shift (Ry) =     2.9695E-04     1.0340E-25

      iter #  11 total cpu time :  1014.0 secs   av.it.:  25.2
      thresh= 1.299E-07 alpha_mix =  0.700 |ddv_scf|^2 =  4.455E-12

     Pert. #  1: Fermi energy shift (Ry) =    -1.3986E-04     1.0340E-25

      iter #  12 total cpu time :  1024.2 secs   av.it.:  21.2
      thresh= 2.111E-07 alpha_mix =  0.700 |ddv_scf|^2 =  1.957E-12

     Pert. #  1: Fermi energy shift (Ry) =     7.8268E-06     1.0340E-25

      iter #  13 total cpu time :  1034.3 secs   av.it.:  23.9
      thresh= 1.399E-07 alpha_mix =  0.700 |ddv_scf|^2 =  1.370E-13

     Pert. #  1: Fermi energy shift (Ry) =     7.3467E-06     1.0340E-25

      iter #  14 total cpu time :  1044.5 secs   av.it.:  24.6
      thresh= 3.701E-08 alpha_mix =  0.700 |ddv_scf|^2 =  3.317E-15

     End of self-consistent calculation

     Convergence has been achieved 


     Representation #   8 mode #   8

     Self-consistent Calculation

     Pert. #  1: Fermi energy shift (Ry) =    -2.4219E-02     0.0000E+00

      iter #   1 total cpu time :  1052.2 secs   av.it.:   6.9
      thresh= 1.000E-02 alpha_mix =  0.700 |ddv_scf|^2 =  1.762E-07

     Pert. #  1: Fermi energy shift (Ry) =     3.2695E-01     0.0000E+00

      iter #   2 total cpu time :  1063.8 secs   av.it.:  27.4
      thresh= 4.198E-05 alpha_mix =  0.700 |ddv_scf|^2 =  6.207E-06

     Pert. #  1: Fermi energy shift (Ry) =    -1.1212E-01     0.0000E+00

      iter #   3 total cpu time :  1073.8 secs   av.it.:  20.8
      thresh= 2.491E-04 alpha_mix =  0.700 |ddv_scf|^2 =  6.397E-07

     Pert. #  1: Fermi energy shift (Ry) =     1.0253E-02     0.0000E+00

      iter #   4 total cpu time :  1084.5 secs   av.it.:  23.9
      thresh= 7.998E-05 alpha_mix =  0.700 |ddv_scf|^2 =  4.259E-08

     Pert. #  1: Fermi energy shift (Ry) =     9.1868E-03     0.0000E+00

      iter #   5 total cpu time :  1095.2 secs   av.it.:  23.5
      thresh= 2.064E-05 alpha_mix =  0.700 |ddv_scf|^2 =  4.045E-09

     Pert. #  1: Fermi energy shift (Ry) =     2.9882E-03     0.0000E+00

      iter #   6 total cpu time :  1106.2 secs   av.it.:  24.6
      thresh= 6.360E-06 alpha_mix =  0.700 |ddv_scf|^2 =  3.403E-10

     Pert. #  1: Fermi energy shift (Ry) =     5.8679E-04     0.0000E+00

      iter #   7 total cpu time :  1117.0 secs   av.it.:  23.9
      thresh= 1.845E-06 alpha_mix =  0.700 |ddv_scf|^2 =  7.363E-11

     Pert. #  1: Fermi energy shift (Ry) =     6.3839E-04     0.0000E+00

      iter #   8 total cpu time :  1127.6 secs   av.it.:  23.2
      thresh= 8.581E-07 alpha_mix =  0.700 |ddv_scf|^2 =  3.969E-12

     Pert. #  1: Fermi energy shift (Ry) =     9.4861E-04     0.0000E+00

      iter #   9 total cpu time :  1138.6 secs   av.it.:  25.1
      thresh= 1.992E-07 alpha_mix =  0.700 |ddv_scf|^2 =  1.515E-12

     Pert. #  1: Fermi energy shift (Ry) =     7.6464E-04     0.0000E+00

      iter #  10 total cpu time :  1149.4 secs   av.it.:  24.1
      thresh= 1.231E-07 alpha_mix =  0.700 |ddv_scf|^2 =  4.395E-13

     Pert. #  1: Fermi energy shift (Ry) =     8.0949E-04     0.0000E+00

      iter #  11 total cpu time :  1160.3 secs   av.it.:  24.5
      thresh= 6.629E-08 alpha_mix =  0.700 |ddv_scf|^2 =  2.830E-15

     End of self-consistent calculation

     Convergence has been achieved 


     Representation #   9 mode #   9

     Self-consistent Calculation

     Pert. #  1: Fermi energy shift (Ry) =    -3.3325E-05     1.0340E-25

      iter #   1 total cpu time :  1167.7 secs   av.it.:   5.9
      thresh= 1.000E-02 alpha_mix =  0.700 |ddv_scf|^2 =  4.582E-08

     Pert. #  1: Fermi energy shift (Ry) =    -1.3406E-03     2.0680E-25

      iter #   2 total cpu time :  1178.6 secs   av.it.:  24.0
      thresh= 2.141E-05 alpha_mix =  0.700 |ddv_scf|^2 =  5.932E-09

     Pert. #  1: Fermi energy shift (Ry) =     9.0016E-03     2.0680E-25

      iter #   3 total cpu time :  1190.3 secs   av.it.:  27.5
      thresh= 7.702E-06 alpha_mix =  0.700 |ddv_scf|^2 =  1.131E-08

     Pert. #  1: Fermi energy shift (Ry) =    -2.2959E-02     2.0680E-25

      iter #   4 total cpu time :  1201.4 secs   av.it.:  25.2
      thresh= 1.064E-05 alpha_mix =  0.700 |ddv_scf|^2 =  2.972E-08

     Pert. #  1: Fermi energy shift (Ry) =     7.5901E-03     2.0680E-25

      iter #   5 total cpu time :  1211.9 secs   av.it.:  22.6
      thresh= 1.724E-05 alpha_mix =  0.700 |ddv_scf|^2 =  5.252E-09

     Pert. #  1: Fermi energy shift (Ry) =    -1.4474E-04     2.0680E-25

      iter #   6 total cpu time :  1222.8 secs   av.it.:  24.5
      thresh= 7.247E-06 alpha_mix =  0.700 |ddv_scf|^2 =  6.240E-12

     Pert. #  1: Fermi energy shift (Ry) =    -1.3621E-04     2.0680E-25

      iter #   7 total cpu time :  1234.0 secs   av.it.:  25.9
      thresh= 2.498E-07 alpha_mix =  0.700 |ddv_scf|^2 =  9.780E-13

     Pert. #  1: Fermi energy shift (Ry) =     1.9024E-04     2.0680E-25

      iter #   8 total cpu time :  1245.2 secs   av.it.:  25.9
      thresh= 9.890E-08 alpha_mix =  0.700 |ddv_scf|^2 =  5.489E-12

     Pert. #  1: Fermi energy shift (Ry) =    -5.5803E-05     2.0680E-25

      iter #   9 total cpu time :  1255.7 secs   av.it.:  22.5
      thresh= 2.343E-07 alpha_mix =  0.700 |ddv_scf|^2 =  1.014E-13

     Pert. #  1: Fermi energy shift (Ry) =    -6.8702E-06     2.0680E-25

      iter #  10 total cpu time :  1266.3 secs   av.it.:  25.9
      thresh= 3.184E-08 alpha_mix =  0.700 |ddv_scf|^2 =  7.475E-14

     Pert. #  1: Fermi energy shift (Ry) =    -6.1251E-05     2.0680E-25

      iter #  11 total cpu time :  1276.8 secs   av.it.:  22.6
      thresh= 2.734E-08 alpha_mix =  0.700 |ddv_scf|^2 =  2.852E-14

     Pert. #  1: Fermi energy shift (Ry) =    -4.1712E-05     2.0680E-25

      iter #  12 total cpu time :  1287.3 secs   av.it.:  23.5
      thresh= 1.689E-08 alpha_mix =  0.700 |ddv_scf|^2 =  3.824E-16

     End of self-consistent calculation

     Convergence has been achieved 


     Representation #  10 mode #  10

     Self-consistent Calculation

     Pert. #  1: Fermi energy shift (Ry) =     2.3479E-05    -6.6174E-24

      iter #   1 total cpu time :  1297.6 secs   av.it.:  18.1
      thresh= 1.000E-02 alpha_mix =  0.700 |ddv_scf|^2 =  2.467E-04

     Pert. #  1: Fermi energy shift (Ry) =     5.8974E-03     1.6544E-24

      iter #   2 total cpu time :  1308.7 secs   av.it.:  25.2
      thresh= 1.571E-03 alpha_mix =  0.700 |ddv_scf|^2 =  1.453E-04

     Pert. #  1: Fermi energy shift (Ry) =    -3.4668E-02     4.1359E-25

      iter #   3 total cpu time :  1319.6 secs   av.it.:  24.6
      thresh= 1.206E-03 alpha_mix =  0.700 |ddv_scf|^2 =  1.097E-07

     Pert. #  1: Fermi energy shift (Ry) =     3.2044E-01     1.0340E-25

      iter #   4 total cpu time :  1331.5 secs   av.it.:  28.9
      thresh= 3.313E-05 alpha_mix =  0.700 |ddv_scf|^2 =  5.827E-06

     Pert. #  1: Fermi energy shift (Ry) =    -3.2815E-02     5.1699E-26

      iter #   5 total cpu time :  1341.5 secs   av.it.:  20.2
      thresh= 2.414E-04 alpha_mix =  0.700 |ddv_scf|^2 =  1.293E-07

     Pert. #  1: Fermi energy shift (Ry) =     1.9176E-03     1.0340E-25

      iter #   6 total cpu time :  1352.3 secs   av.it.:  24.1
      thresh= 3.595E-05 alpha_mix =  0.700 |ddv_scf|^2 =  6.797E-09

     Pert. #  1: Fermi energy shift (Ry) =     2.2995E-04     1.0340E-25

      iter #   7 total cpu time :  1363.2 secs   av.it.:  24.9
      thresh= 8.244E-06 alpha_mix =  0.700 |ddv_scf|^2 =  5.437E-11

     Pert. #  1: Fermi energy shift (Ry) =    -6.6093E-05     1.0340E-25

      iter #   8 total cpu time :  1374.6 secs   av.it.:  26.6
      thresh= 7.374E-07 alpha_mix =  0.700 |ddv_scf|^2 =  1.334E-11

     Pert. #  1: Fermi energy shift (Ry) =    -4.5243E-04     1.0340E-25

      iter #   9 total cpu time :  1385.9 secs   av.it.:  26.4
      thresh= 3.652E-07 alpha_mix =  0.700 |ddv_scf|^2 =  2.463E-11

     Pert. #  1: Fermi energy shift (Ry) =     1.3526E-04     1.0340E-25

      iter #  10 total cpu time :  1396.5 secs   av.it.:  23.5
      thresh= 4.963E-07 alpha_mix =  0.700 |ddv_scf|^2 =  1.629E-12

     Pert. #  1: Fermi energy shift (Ry) =     1.1614E-04     1.0340E-25

      iter #  11 total cpu time :  1407.8 secs   av.it.:  25.8
      thresh= 1.276E-07 alpha_mix =  0.700 |ddv_scf|^2 =  9.966E-13

     Pert. #  1: Fermi energy shift (Ry) =    -2.4482E-04     1.0340E-25

      iter #  12 total cpu time :  1418.9 secs   av.it.:  25.6
      thresh= 9.983E-08 alpha_mix =  0.700 |ddv_scf|^2 =  4.141E-12

     Pert. #  1: Fermi energy shift (Ry) =    -1.7722E-05     1.0340E-25

      iter #  13 total cpu time :  1428.7 secs   av.it.:  22.6
      thresh= 2.035E-07 alpha_mix =  0.700 |ddv_scf|^2 =  1.261E-13

     Pert. #  1: Fermi energy shift (Ry) =     1.5241E-06     1.0340E-25

      iter #  14 total cpu time :  1439.5 secs   av.it.:  24.5
      thresh= 3.552E-08 alpha_mix =  0.700 |ddv_scf|^2 =  5.327E-15

     End of self-consistent calculation

     Convergence has been achieved 


     Representation #  11 mode #  11

     Self-consistent Calculation

     Pert. #  1: Fermi energy shift (Ry) =     1.0029E-04     3.3087E-24

      iter #   1 total cpu time :  1448.5 secs   av.it.:  12.9
      thresh= 1.000E-02 alpha_mix =  0.700 |ddv_scf|^2 =  1.957E-05

     Pert. #  1: Fermi energy shift (Ry) =     1.6459E-03     5.1699E-26

      iter #   2 total cpu time :  1459.1 secs   av.it.:  22.9
      thresh= 4.423E-04 alpha_mix =  0.700 |ddv_scf|^2 =  5.611E-07

     Pert. #  1: Fermi energy shift (Ry) =    -1.3908E-02    -5.1699E-26

      iter #   3 total cpu time :  1471.2 secs   av.it.:  28.0
      thresh= 7.490E-05 alpha_mix =  0.700 |ddv_scf|^2 =  2.288E-06

     Pert. #  1: Fermi energy shift (Ry) =     3.2569E-02    -4.1359E-25

      iter #   4 total cpu time :  1482.3 secs   av.it.:  23.9
      thresh= 1.513E-04 alpha_mix =  0.700 |ddv_scf|^2 =  2.788E-07

     Pert. #  1: Fermi energy shift (Ry) =    -1.1920E-01    -5.1699E-26

      iter #   5 total cpu time :  1494.1 secs   av.it.:  26.5
      thresh= 5.280E-05 alpha_mix =  0.700 |ddv_scf|^2 =  8.218E-07

     Pert. #  1: Fermi energy shift (Ry) =     4.1950E-02    -5.1699E-26

      iter #   6 total cpu time :  1504.5 secs   av.it.:  22.8
      thresh= 9.065E-05 alpha_mix =  0.700 |ddv_scf|^2 =  1.294E-07

     Pert. #  1: Fermi energy shift (Ry) =    -1.5673E-03    -2.0680E-25

      iter #   7 total cpu time :  1515.6 secs   av.it.:  25.1
      thresh= 3.598E-05 alpha_mix =  0.700 |ddv_scf|^2 =  2.888E-09

     Pert. #  1: Fermi energy shift (Ry) =     7.6689E-05    -2.0680E-25

      iter #   8 total cpu time :  1527.0 secs   av.it.:  26.9
      thresh= 5.374E-06 alpha_mix =  0.700 |ddv_scf|^2 =  1.008E-10

     Pert. #  1: Fermi energy shift (Ry) =    -8.3093E-05    -2.0680E-25

      iter #   9 total cpu time :  1538.2 secs   av.it.:  26.1
      thresh= 1.004E-06 alpha_mix =  0.700 |ddv_scf|^2 =  9.407E-12

     Pert. #  1: Fermi energy shift (Ry) =     1.6788E-04    -2.0680E-25

      iter #  10 total cpu time :  1549.6 secs   av.it.:  26.9
      thresh= 3.067E-07 alpha_mix =  0.700 |ddv_scf|^2 =  1.440E-11

     Pert. #  1: Fermi energy shift (Ry) =    -1.7130E-04    -2.0680E-25

      iter #  11 total cpu time :  1560.7 secs   av.it.:  25.5
      thresh= 3.794E-07 alpha_mix =  0.700 |ddv_scf|^2 =  4.233E-12

     Pert. #  1: Fermi energy shift (Ry) =     4.5524E-04    -2.0680E-25

      iter #  12 total cpu time :  1572.0 secs   av.it.:  25.6
      thresh= 2.057E-07 alpha_mix =  0.700 |ddv_scf|^2 =  1.012E-11

     Pert. #  1: Fermi energy shift (Ry) =    -2.2507E-07    -2.0680E-25

      iter #  13 total cpu time :  1582.7 secs   av.it.:  23.4
      thresh= 3.182E-07 alpha_mix =  0.700 |ddv_scf|^2 =  2.186E-13

     Pert. #  1: Fermi energy shift (Ry) =    -2.7229E-05    -2.0680E-25

      iter #  14 total cpu time :  1594.3 secs   av.it.:  27.6
      thresh= 4.676E-08 alpha_mix =  0.700 |ddv_scf|^2 =  3.615E-13

     Pert. #  1: Fermi energy shift (Ry) =     3.5694E-05    -2.0680E-25

      iter #  15 total cpu time :  1605.2 secs   av.it.:  23.8
      thresh= 6.013E-08 alpha_mix =  0.700 |ddv_scf|^2 =  2.401E-14

     Pert. #  1: Fermi energy shift (Ry) =     3.4264E-05    -2.0680E-25

      iter #  16 total cpu time :  1616.6 secs   av.it.:  26.4
      thresh= 1.550E-08 alpha_mix =  0.700 |ddv_scf|^2 =  1.426E-14

     Pert. #  1: Fermi energy shift (Ry) =     1.1039E-05    -2.0680E-25

      iter #  17 total cpu time :  1628.0 secs   av.it.:  26.2
      thresh= 1.194E-08 alpha_mix =  0.700 |ddv_scf|^2 =  4.594E-14

     Pert. #  1: Fermi energy shift (Ry) =     5.7237E-05    -2.0680E-25

      iter #  18 total cpu time :  1639.0 secs   av.it.:  24.8
      thresh= 2.143E-08 alpha_mix =  0.700 |ddv_scf|^2 =  5.420E-14

     Pert. #  1: Fermi energy shift (Ry) =     2.6540E-05    -2.0680E-25

      iter #  19 total cpu time :  1649.3 secs   av.it.:  22.1
      thresh= 2.328E-08 alpha_mix =  0.700 |ddv_scf|^2 =  1.135E-15

     End of self-consistent calculation

     Convergence has been achieved 


     Representation #  12 mode #  12

     Self-consistent Calculation

     Pert. #  1: Fermi energy shift (Ry) =     0.0000E+00     0.0000E+00

      iter #   1 total cpu time :  1659.2 secs   av.it.:  16.6
      thresh= 1.000E-02 alpha_mix =  0.700 |ddv_scf|^2 =  8.216E-04

     Pert. #  1: Fermi energy shift (Ry) =     0.0000E+00     0.0000E+00

      iter #   2 total cpu time :  1669.6 secs   av.it.:  22.6
      thresh= 2.866E-03 alpha_mix =  0.700 |ddv_scf|^2 =  2.321E-03

     Pert. #  1: Fermi energy shift (Ry) =     0.0000E+00     0.0000E+00

      iter #   3 total cpu time :  1679.4 secs   av.it.:  19.8
      thresh= 4.818E-03 alpha_mix =  0.700 |ddv_scf|^2 =  1.458E-06

     Pert. #  1: Fermi energy shift (Ry) =     0.0000E+00     0.0000E+00

      iter #   4 total cpu time :  1690.2 secs   av.it.:  24.1
      thresh= 1.208E-04 alpha_mix =  0.700 |ddv_scf|^2 =  4.634E-08

     Pert. #  1: Fermi energy shift (Ry) =     0.0000E+00     0.0000E+00

      iter #   5 total cpu time :  1700.9 secs   av.it.:  23.1
      thresh= 2.153E-05 alpha_mix =  0.700 |ddv_scf|^2 =  1.653E-09

     Pert. #  1: Fermi energy shift (Ry) =     0.0000E+00     0.0000E+00

      iter #   6 total cpu time :  1712.2 secs   av.it.:  25.8
      thresh= 4.065E-06 alpha_mix =  0.700 |ddv_scf|^2 =  5.656E-09

     Pert. #  1: Fermi energy shift (Ry) =     0.0000E+00     0.0000E+00

      iter #   7 total cpu time :  1722.6 secs   av.it.:  22.4
      thresh= 7.521E-06 alpha_mix =  0.700 |ddv_scf|^2 =  1.559E-11

     Pert. #  1: Fermi energy shift (Ry) =     0.0000E+00     0.0000E+00

      iter #   8 total cpu time :  1733.6 secs   av.it.:  24.8
      thresh= 3.948E-07 alpha_mix =  0.700 |ddv_scf|^2 =  6.322E-13

     Pert. #  1: Fermi energy shift (Ry) =     0.0000E+00     0.0000E+00

      iter #   9 total cpu time :  1744.3 secs   av.it.:  23.1
      thresh= 7.951E-08 alpha_mix =  0.700 |ddv_scf|^2 =  7.927E-14

     Pert. #  1: Fermi energy shift (Ry) =     0.0000E+00     0.0000E+00

      iter #  10 total cpu time :  1755.3 secs   av.it.:  26.1
      thresh= 2.815E-08 alpha_mix =  0.700 |ddv_scf|^2 =  5.294E-13

     Pert. #  1: Fermi energy shift (Ry) =     0.0000E+00     0.0000E+00

      iter #  11 total cpu time :  1765.7 secs   av.it.:  22.5
      thresh= 7.276E-08 alpha_mix =  0.700 |ddv_scf|^2 =  7.570E-15

     End of self-consistent calculation

     Convergence has been achieved 


     Representation #  13 mode #  13

     Self-consistent Calculation

     Pert. #  1: Fermi energy shift (Ry) =     0.0000E+00     0.0000E+00

      iter #   1 total cpu time :  1773.1 secs   av.it.:   5.6
      thresh= 1.000E-02 alpha_mix =  0.700 |ddv_scf|^2 =  1.961E-08

     Pert. #  1: Fermi energy shift (Ry) =     0.0000E+00     0.0000E+00

      iter #   2 total cpu time :  1783.7 secs   av.it.:  24.4
      thresh= 1.400E-05 alpha_mix =  0.700 |ddv_scf|^2 =  1.322E-08

     Pert. #  1: Fermi energy shift (Ry) =     0.0000E+00     0.0000E+00

      iter #   3 total cpu time :  1794.9 secs   av.it.:  25.2
      thresh= 1.150E-05 alpha_mix =  0.700 |ddv_scf|^2 =  3.414E-08

     Pert. #  1: Fermi energy shift (Ry) =     0.0000E+00     0.0000E+00
